1788788671.626768 AT+GTMEL=*,0,0,0,0,0,0000000000000000,,A6A5$
1788788671.631649 
1788788671.632568 +ACK:GTMEL,EF8051,865969076362128,HumanForest,,A6A5,20260907134431,A6A5$
1788788730.515683 AT+GTRTO=*,F,,0,,,,,,A6A6$
1788788730.518673 
1788788730.518865 +ACK:GTRTO,EF8051,865969076362128,HumanForest,,UNLOCK,A6A6,20260907134530,A6A6$
1788788733.929116 
1788788733.929885 +RESP:GTULS,EF8051,865969076362128,HumanForest,0K550924005695,37088,,,0,0210000000000000,1,0.0,0,12.4,-0.099579,51.499718,20260907134533,,0234,0015,301F,001C730A,31&99,2,41,0,53658,4070,91,2,0,0,,0.0&0.00&55.0&0.1&1&0&0&0000004A0000000401030000&000000C3000000EB05000000&0&0&02611D1C1D1DFFFFFFCA&0&2&00000000000000,98,20260907134534,A6A7$
1788788734.932102 
1788788734.932935 +RESP:GTFRI,EF8051,865969076362128,HumanForest,0K550924005695,37088,,,0,0210000000000000,2,0.0,0,12.4,-0.099579,51.499718,20260907134534,,0234,0015,301F,001C730A,31&99,2,41,0,53658,4070,91,2,0,0,,0.0&0.00&55.0&0.1&1&0&0&0000004A0000000401030000&000000C3000000EB05000000&0&0&02611D1C1D1DFFFFFFB9&0&2&00000000000000,98,20260907134535,A6A8$
1788788745.340468 
1788788745.340544 +RESP:GTFRI,EF8051,865969076362128,HumanForest,0K550924005695,37088,,,0,0210000000000000,1,0.0,0,12.4,-0.099579,51.499718,20260907134544,,0234,0015,301F,001C730A,31&99,2,41,0,53646,4070,91,2,0,0,,0.0&0.00&55.0&0.1&1&0&0&0000004A0000000401030000&000000C3000000EB05000000&0&0&02611D1C1D1DFFFFFFA3&0&2&00000000000000,98,20260907134545,A6A9$
1788788745.909533 AT+GTRTO=*,10,,0,,,,,,A6A9$
1788788745.913465 
1788788745.913477 +ACK:GTRTO,EF8051,865969076362128,HumanForest,,LOCK,A6A9,20260907134546,A6AA$
1788788745.925467 
1788788745.925479 +RESP:GTLOR,EF8051,865969076362128,HumanForest,0K550924005695,37088,,,0,0210000000000000,1,0.0,0,12.4,-0.099579,51.499718,20260907134545,,0234,0015,301F,001C730A,31&99,2,41,0,53646,4070,91,2,0,0,,0.0&0.00&55.0&0.1&1&0&0&0000004A0000000401030000&000000C3000000EB05000000&0&0&02611D1C1D1DFFFFFFA3&0&2&00000000000000,98,20260907134546,A6AB$
1788788746.691555 
1788788746.691730 +RESP:GTLOC,EF8051,865969076362128,HumanForest,0K550924005695,37088,,,0,0210000000000000,1,0.0,0,12.4,-0.099579,51.499718,20260907134546,,0234,0015,301F,001C730A,31&99,2,41,0,53646,4070,91,2,0,1,,0.0&0.00&55.0&0.1&1&0&0&0000004A0000000401030000&000000C3000000EB05000000&0&0&02611D1C1D1DFFFFFF9E&0&2&00000000000000,98,20260907134546,A6AC$
1788788747.743566 
1788788747.743583 +RESP:GTFRI,EF8051,865969076362128,HumanForest,0K550924005695,37088,,,0,0210000000000000,1,0.0,0,12.4,-0.099579,51.499718,20260907134546,,0234,0015,301F,001C730A,31&99,2,41,0,53646,4070,91,2,0,1,,0.0&0.00&55.0&0.1&1&0&0&0000004A0000000401030000&000000C3000000EB05000000&0&0&02611D1C1D1DFFFFFF9E&0&2&00000000000000,98,20260907134548,A6AD$
1788788795.159089 AT+GTRTO=*,F,,0,,,,,,A6AE$
1788788795.162050 
1788788795.162063 +ACK:GTRTO,EF8051,865969076362128,HumanForest,,UNLOCK,A6AE,20260907134635,A6AE$
1788788795.359172 
1788788795.360060 +RESP:GTCFU,EF8051,865969076362128,HumanForest,0K550924005695,37088,,,0,0210000000000000,0,0.0,0,12.4,-0.099579,51.499718,20260907134616,,0234,0015,301F,001C730A,31&99,2,41,0,53671,4070,91,2,0,1,,0.0&0.00&55.0&0.1&0&0&0&0000004A0000000401030000&000000C3000000EB05000000&0&0&02611D1C1D1DFFFFFF9E&0&2&00000000000000,98,20260907134635,A6AF$
1788788798.362248 
1788788798.362323 +RESP:GTULS,EF8051,865969076362128,HumanForest,0K550924005695,37088,,,0,0210000000000000,0,0.0,0,12.4,-0.099579,51.499718,20260907134616,,0234,0015,301F,001C730A,31&99,2,41,0,53671,4070,91,2,0,0,,0.0&0.00&55.0&0.1&0&0&0&0000004A0000000401030000&000000C3000000EB05000000&0&0&02611D1C1D1DFFFFFFCF&0&2&00000000000000,98,20260907134638,A6B0$
1788788799.795433 
1788788799.796299 +RESP:GTFRI,EF8051,865969076362128,HumanForest,0K550924005695,37088,,,0,0210000000000000,0,0.0,0,12.4,-0.099579,51.499718,20260907134616,,0234,0015,301F,001C730A,31&99,2,41,0,53658,4070,91,2,0,0,,0.0&0.00&55.0&0.1&1&0&0&0000004A0000000401030000&000000C3000000EB05000000&0&0&02611D1C1D1DFFFFFFCA&0&2&00000000000000,98,20260907134640,A6B1$
1788788810.203900 
