1788802215.958020 AT+GTRTO=*,F,,0,,,,,,A75E$
1788802215.960997 
1788802215.961039 +ACK:GTRTO,EF8051,865969076362128,HumanForest,,UNLOCK,A75E,20260907173013,A75E$
1788802216.188200 
1788802216.189034 +RESP:GTCFU,EF8051,865969076362128,HumanForest,0K550924005695,37088,,,0,0210000000000000,1,0.0,0,16.1,-0.099556,51.499747,20260907172722,,0234,0015,301F,001C730A,31&99,2,41,0,53496,4070,91,2,0,1,,0.0&0.00&55.0&0.1&0&0&0&0000004A0000000401030000&000000C3000000EB05000000&0&0&026100001E1EFFFFFF9E&0&2&00000000000000,97,20260907173014,A75F$
1788802218.521148 
1788802218.521175 +RESP:GTULS,EF8051,865969076362128,HumanForest,0K550924005695,37088,,,0,0210000000000000,1,0.0,0,16.1,-0.099556,51.499747,20260907172722,,0234,0015,301F,001C730A,31&99,2,41,0,53496,4070,91,2,0,0,,0.0&0.00&55.0&0.1&1&0&0&0000004A0000000401030000&000000C3000000EB05000000&0&0&026100001E1EFFFFFFCF&0&2&00000000000000,97,20260907173016,A760$
1788802219.683202 
1788802219.683231 +RESP:GTFRI,EF8051,865969076362128,HumanForest,0K550924005695,37088,,,0,0210000000000000,1,0.0,0,16.1,-0.099556,51.499747,20260907172722,,0234,0015,301F,001C730A,31&99,2,41,0,53496,4070,91,2,0,0,,0.0&0.00&55.0&0.1&1&0&0&0000004A0000000401030000&000000C3000000EB05000000&0&0&026100001E1EFFFFFFDA&0&2&00000000000000,97,20260907173017,A761$
1788802229.291706 
1788802229.291741 +RESP:GTFRI,EF8051,865969076362128,HumanForest,0K550924005695,37088,,,0,0210000000000000,1,0.0,0,16.1,-0.099556,51.499747,20260907173028,,0234,0015,301F,001C730A,31&99,2,41,0,53471,4070,91,2,0,0,,0.0&0.00&55.0&0.1&1&0&0&0000004A0000000401030000&000000C3000000EB05000000&0&0&026100001E1EFFFFFFA3&0&2&00000000000000,97,20260907173027,A762$
1788802236.789078 AT+GTECC=*,,19,,,,,,,,A763$
1788802236.792049 
1788802236.792060 +ACK:GTECC,EF8051,865969076362128,HumanForest,,A763,20260907173034,A763$
1788802239.701244 
1788802239.701419 +RESP:GTFRI,EF8051,865969076362128,HumanForest,0K550924005695,37088,,,0,0210000000000000,1,0.0,0,16.1,-0.099556,51.499747,20260907173039,,0234,0015,301F,001C730A,31&99,2,41,0,53471,4070,91,2,0,0,,0.0&0.00&55.0&0.1&1&0&0&0000004A0000000401030000&000000C3000000EB05000000&0&0&02611E1E1E1EFFFFFFA3&0&2&00000000000000,97,20260907173037,A764$
1788802249.310898 
1788802249.311697 +RESP:GTFRI,EF8051,865969076362128,HumanForest,0K550924005695,37088,,,0,0210000000000000,1,0.0,0,16.1,-0.099556,51.499747,20260907173048,,0234,0015,301F,001C730A,31&99,2,41,0,53471,4070,91,2,0,0,,0.0&0.00&55.0&0.1&1&0&0&0000004A0000000401030000&000000C3000000EB05000000&0&0&02611E1E1E1EFFFFFFA3&0&2&00000000000000,97,20260907173047,A765$
1788802250.000927 AT+GTECC=*,,25,,,,,,,,A765$
1788802250.004737 
1788802250.004749 +ACK:GTECC,EF8051,865969076362128,HumanForest,,A765,20260907173047,A766$
1788802259.721267 
1788802259.721301 +RESP:GTFRI,EF8051,865969076362128,HumanForest,0K550924005695,37088,,,0,0210000000000000,1,0.0,0,16.1,-0.099556,51.499747,20260907173059,,0234,0015,301F,001C730A,31&99,2,41,0,53471,4070,91,2,0,0,,0.0&0.00&55.0&0.1&1&0&0&0000004A0000000401030000&000000C3000000EB05000000&0&0&02611E1E1E1EFFFFFFA9&0&2&00000000000000,97,20260907173057,A767$
1788802260.452304 AT+GTECC=*,,15,,,,,,,,A767$
1788802260.455261 
1788802260.455361 +ACK:GTECC,EF8051,865969076362128,HumanForest,,A767,20260907173058,A768$
1788802267.206819 AT+GTECC=*,,10,,,,,,,,A769$
1788802267.210627 
1788802267.210640 +ACK:GTECC,EF8051,865969076362128,HumanForest,,A769,20260907173105,A769$
1788802269.330750 
1788802269.330768 +RESP:GTFRI,EF8051,865969076362128,HumanForest,0K550924005695,37088,,,0,0210000000000000,1,0.0,0,16.1,-0.099556,51.499747,20260907173108,,0234,0015,301F,001C730A,31&99,2,41,0,53471,4070,91,2,0,0,,0.0&0.00&55.0&0.1&1&0&0&0000004A0000000401030000&000000C3000000EB05000000&0&0&02611E1E1E1EFFFFFFA3&0&2&00000000000000,97,20260907173107,A76A$
1788802271.620868 AT+GTECC=*,,5,,,,,,,,A76B$
1788802271.623898 
1788802271.624103 +ACK:GTECC,EF8051,865969076362128,HumanForest,,A76B,20260907173109,A76B$
1788802275.177068 AT+GTECC=*,,25,,,,,,,,A76C$
1788802275.180026 
1788802275.180038 +ACK:GTECC,EF8051,865969076362128,HumanForest,,A76C,20260907173113,A76C$
1788802279.740427 
1788802279.741272 +RESP:GTFRI,EF8051,865969076362128,HumanForest,0K550924005695,37088,,,0,0210000000000000,1,0.0,0,16.1,-0.099556,51.499747,20260907173119,,0234,0015,301F,001C730A,31&99,2,41,0,53471,4070,91,2,0,0,,0.0&0.00&55.0&0.1&1&0&0&0000004A0000000401030000&000000C3000000EB05000000&0&0&02611E1E1E1EFFFFFFA3&0&2&00000000000000,97,20260907173117,A76D$
1788802283.462720 AT+GTRTO=*,10,,0,,,,,,A76E$
1788802283.466457 
1788802283.466470 +ACK:GTRTO,EF8051,865969076362128,HumanForest,,LOCK,A76E,20260907173121,A76E$
1788802283.478465 
1788802283.478484 +RESP:GTLOR,EF8051,865969076362128,HumanForest,0K550924005695,37088,,,0,0210000000000000,1,0.0,0,16.1,-0.099556,51.499747,20260907173122,,0234,0015,301F,001C730A,31&99,2,41,0,53471,4070,91,2,0,0,,0.0&0.00&55.0&0.1&1&0&0&0000004A0000000401030000&000000C3000000EB05000000&0&0&02611E1E1E1EFFFFFFA3&0&2&00000000000000,97,20260907173121,A76F$
1788802284.214737 
1788802284.215542 +RESP:GTLOC,EF8051,865969076362128,HumanForest,0K550924005695,37088,,,0,0210000000000000,1,0.0,0,16.1,-0.099556,51.499747,20260907173124,,0234,0015,301F,001C730A,31&99,2,41,0,53471,4070,91,2,0,1,,0.0&0.00&55.0&0.1&1&0&0&0000004A0000000401030000&000000C3000000EB05000000&0&0&02611E1E1E1EFFFFFFA9&0&2&00000000000000,97,20260907173122,A770$
1788802285.348571 
1788802285.348590 +RESP:GTFRI,EF8051,865969076362128,HumanForest,0K550924005695,37088,,,0,0000000000000000,1,0.0,0,16.1,-0.099556,51.499747,20260907173124,,0234,0015,301F,001C730A,31&99,2,41,0,53471,4070,91,0,0,1,,0.0&0.00&0.0&0.1&0&0&0&0000004A0000000401030000&000000C3000000EB05000000&0&0&00000000000000000000&0&2&00000000000000,97,20260907173123,A771$
