(1788539377.600783) can0 03FF1000#0840112200000001
(1788539377.705784) can0 03FF1000#0840112200000001
(1788539377.810792) can0 03FF1000#0840112200000001
(1788539377.915770) can0 03FF1000#0840112200000001
(1788539378.020821) can0 03FF1000#0840112200000001
(1788539378.125805) can0 03FF1000#0840112200000001
(1788539378.230802) can0 03FF1000#0840112200000001
(1788539378.335785) can0 03FF1000#0840112200000001
(1788539378.440791) can0 03FF1000#0840112200000001
(1788539378.545798) can0 03FF1000#0840112200000001
(1788539378.650806) can0 03FF1000#0840112200000001
(1788539378.755825) can0 03FF1000#0840112200000001
(1788539378.860825) can0 03FF1000#0840112200000001
(1788539378.965806) can0 03FF1000#0840112200000001
(1788539379.070805) can0 03FF1000#0840112200000001
(1788539379.175825) can0 03FF1000#0840112200000001
(1788539379.280841) can0 03FF1000#0840112200000001
(1788539379.385833) can0 03FF1000#0840112200000001
(1788539379.490815) can0 03FF1000#0840112200000001
(1788539379.595833) can0 03FF1000#0840112200000001
(1788539379.700859) can0 03FF1000#0840112200000001
(1788539379.805859) can0 03FF1000#0840112200000001
(1788539379.905618) can0 04FF3400#0000097900000000
(1788539379.910839) can0 03FF1000#0840112200000001
(1788539380.015841) can0 03FF1000#0840112200000001
(1788539380.120853) can0 03FF1000#0840112200000001
(1788539380.225866) can0 03FF1000#0840112200000001
(1788539380.330931) can0 03FF1000#0840112200000001
(1788539380.435867) can0 03FF1000#0840112200000001
(1788539380.540863) can0 03FF1000#0840112200000001
(1788539380.645849) can0 03FF1000#0840112200000001
(1788539380.750882) can0 03FF1000#0840112200000001
(1788539380.855914) can0 03FF1000#0840112200000001
(1788539380.960876) can0 03FF1000#0840112200000001
(1788539381.065869) can0 03FF1000#0840112200000001
(1788539381.170876) can0 03FF1000#0840112200000001
(1788539381.275904) can0 03FF1000#0840112200000001
(1788539381.380928) can0 03FF1000#0840112200000001
(1788539381.485903) can0 03FF1000#0840112200000001
(1788539381.590891) can0 03FF1000#0840112200000001
(1788539381.695903) can0 03FF1000#0840112200000001
(1788539381.800918) can0 03FF1000#0840112200000001
(1788539381.905922) can0 03FF1000#0840112200000001
(1788539382.010924) can0 03FF1000#0840112200000001
(1788539382.115915) can0 03FF1000#0840112200000001
(1788539382.220914) can0 03FF1000#0840112200000001
(1788539382.325936) can0 03FF1000#0840112200000001
(1788539382.430952) can0 03FF1000#0840112200000001
(1788539382.535946) can0 03FF1000#0840112200000001
(1788539382.640928) can0 03FF1000#0840112200000001
(1788539382.745933) can0 03FF1000#0840112200000001
(1788539382.850960) can0 03FF1000#0840112200000001
(1788539382.955959) can0 03FF1000#0840112200000001
(1788539383.060968) can0 03FF1000#0840112200000001
(1788539383.165943) can0 03FF1000#0840112200000001
(1788539383.270949) can0 03FF1000#0840112200000001
(1788539383.375974) can0 03FF1000#0840112200000001
(1788539383.480968) can0 03FF1000#0840112200000001
(1788539383.585971) can0 03FF1000#0840112200000001
(1788539383.691015) can0 03FF1000#0840112200000001
(1788539383.795964) can0 03FF1000#0840112200000001
(1788539383.900969) can0 03FF1000#0840112200000001
(1788539384.005996) can0 03FF1000#0840112200000001
(1788539384.110984) can0 03FF1000#0840112200000001
(1788539384.216022) can0 03FF1000#0840112200000001
(1788539384.320991) can0 03FF1000#0840112200000001
(1788539384.425986) can0 03FF1000#0840112200000001
(1788539384.531017) can0 03FF1000#0840112200000001
(1788539384.636017) can0 03FF1000#0840112200000001
(1788539384.741011) can0 03FF1000#0840112200000001
(1788539384.845991) can0 03FF1000#0840112200000001
(1788539384.951031) can0 03FF1000#0840112200000001
(1788539385.056019) can0 03FF1000#0840112200000001
(1788539385.161013) can0 03FF1000#0840112200000001
(1788539385.266008) can0 03FF1000#0840112200000001
(1788539385.371008) can0 03FF1000#0840112200000001
(1788539385.476028) can0 03FF1000#0840112200000001
(1788539385.581041) can0 03FF1000#0840112200000001
(1788539385.686037) can0 03FF1000#0840112200000001
(1788539385.791042) can0 03FF1000#0840112200000001
(1788539385.896035) can0 03FF1000#0840112200000001
(1788539386.001055) can0 03FF1000#0840112200000001
(1788539386.106068) can0 03FF1000#0840112200000001
(1788539386.211064) can0 03FF1000#0840112200000001
(1788539386.316058) can0 03FF1000#0840112200000001
(1788539386.421058) can0 03FF1000#0840112200000001
(1788539386.526114) can0 03FF1000#0840112200000001
(1788539386.631077) can0 03FF1000#0840112200000001
(1788539386.736076) can0 03FF1000#0840112200000001
(1788539386.841065) can0 03FF1000#0840112200000001
(1788539386.946065) can0 03FF1000#0840112200000001
(1788539387.051124) can0 03FF1000#0840112200000001
(1788539387.156099) can0 03FF1000#0840112200000001
(1788539387.261085) can0 03FF1000#0840112200000001
(1788539387.366092) can0 03FF1000#0840112200000001
(1788539387.471099) can0 03FF1000#0840112200000001
(1788539387.576143) can0 03FF1000#0840112200000001
(1788539387.681112) can0 03FF1000#0840112200000001
(1788539387.786119) can0 03FF1000#0840112200000001
(1788539387.891126) can0 03FF1000#0840112200000001
(1788539387.996133) can0 03FF1000#0840112200000001
(1788539388.101140) can0 03FF1000#0840112200000001
(1788539388.206146) can0 03FF1000#0840112200000001
(1788539388.311153) can0 03FF1000#0840112200000001
(1788539388.416159) can0 03FF1000#0840112200000001
(1788539388.521167) can0 03FF1000#0840112200000001
(1788539388.626173) can0 03FF1000#0840112200000001
(1788539388.731180) can0 03FF1000#0840112200000001
(1788539388.836187) can0 03FF1000#0840112200000001
(1788539388.941132) can0 03FF1000#0840112200000001
(1788539389.046138) can0 03FF1000#0840112200000001
(1788539389.151133) can0 03FF1000#0840112200000001
(1788539389.256215) can0 03FF1000#0840112200000001
(1788539389.361221) can0 03FF1000#0840112200000001
(1788539389.466166) can0 03FF1000#0840112200000001
(1788539389.571160) can0 03FF1000#0840112200000001
(1788539389.676160) can0 03FF1000#0840112200000001
(1788539389.781181) can0 03FF1000#0840112200000001
(1788539389.886255) can0 03FF1000#0840112200000001
(1788539389.905645) can0 04FF3400#0000097A00000000
(1788539389.991174) can0 03FF1000#0840112200000001
(1788539390.096170) can0 03FF1000#0840112200000001
(1788539390.201177) can0 03FF1000#0840112200000001
(1788539390.306202) can0 03FF1000#0840112200000001
(1788539390.411228) can0 03FF1000#0840112200000001
(1788539390.516196) can0 03FF1000#0840112200000001
(1788539390.621189) can0 03FF1000#0840112200000001
(1788539390.726184) can0 03FF1000#0840112200000001
(1788539390.831222) can0 03FF1000#0840112200000001
(1788539390.936212) can0 03FF1000#0840112200000001
(1788539391.041223) can0 03FF1000#0840112200000001
(1788539391.146204) can0 03FF1000#0840112200000001
(1788539391.251205) can0 03FF1000#0840112200000001
(1788539391.356231) can0 03FF1000#0840112200000001
(1788539391.461237) can0 03FF1000#0840112200000001
(1788539391.566237) can0 03FF1000#0840112200000001
(1788539391.671218) can0 03FF1000#0840112200000001
(1788539391.776223) can0 03FF1000#0840112200000001
(1788539391.881252) can0 03FF1000#0840112200000001
(1788539391.986246) can0 03FF1000#0840112200000001
(1788539392.091240) can0 03FF1000#0840112200000001
(1788539392.196238) can0 03FF1000#0840112200000001
(1788539392.301247) can0 03FF1000#0840112200000001
(1788539392.406266) can0 03FF1000#0840112200000001
(1788539392.511273) can0 03FF1000#0840112200000001
(1788539392.616261) can0 03FF1000#0840112200000001
(1788539392.721318) can0 03FF1000#0840112200000001
(1788539392.826262) can0 03FF1000#0840112200000001
(1788539392.931288) can0 03FF1000#0840112200000001
(1788539393.036275) can0 03FF1000#0840112200000001
(1788539393.141289) can0 03FF1000#0840112200000001
(1788539393.246320) can0 03FF1000#0840112200000001
(1788539393.351283) can0 03FF1000#0840112200000001
(1788539393.456299) can0 03FF1000#0840112200000001
(1788539393.561297) can0 03FF1000#0840112200000001
(1788539393.666303) can0 03FF1000#0840112200000001
(1788539393.771348) can0 03FF1000#0840112200000001
(1788539393.876291) can0 03FF1000#0840112200000001
(1788539393.981317) can0 03FF1000#0840112200000001
(1788539394.086320) can0 03FF1000#0840112200000001
(1788539394.191320) can0 03FF1000#0840112200000001
(1788539394.296311) can0 03FF1000#0840112200000001
(1788539394.401313) can0 03FF1000#0840112200000001
(1788539394.506338) can0 03FF1000#0840112200000001
(1788539394.611333) can0 03FF1000#0840112200000001
(1788539394.716324) can0 03FF1000#0840112200000001
(1788539394.821321) can0 03FF1000#0840112200000001
(1788539394.926327) can0 03FF1000#0840112200000001
(1788539395.031321) can0 03FF1000#0840112200000001
(1788539395.136348) can0 03FF1000#0840112200000001
(1788539395.241354) can0 03FF1000#0840112200000001
(1788539395.346335) can0 03FF1000#0840112200000001
(1788539395.451342) can0 03FF1000#0840112200000001
(1788539395.556369) can0 03FF1000#0840112200000001
(1788539395.661374) can0 03FF1000#0840112200000001
(1788539395.766381) can0 03FF1000#0840112200000001
(1788539395.871368) can0 03FF1000#0840112200000001
(1788539395.976353) can0 03FF1000#0840112200000001
(1788539396.081420) can0 03FF1000#0840112200000001
(1788539396.186390) can0 03FF1000#0840112200000001
(1788539396.291384) can0 03FF1000#0840112200000001
(1788539396.396378) can0 03FF1000#0840112200000001
(1788539396.501383) can0 03FF1000#0840112200000001
(1788539396.606430) can0 03FF1000#0840112200000001
(1788539396.711405) can0 03FF1000#0840112200000001
(1788539396.816406) can0 03FF1000#0840112200000001
(1788539396.921399) can0 03FF1000#0840112200000001
(1788539397.026400) can0 03FF1000#0840112200000001
(1788539397.131463) can0 03FF1000#0840112200000001
(1788539397.236412) can0 03FF1000#0840112200000001
(1788539397.341420) can0 03FF1000#0840112200000001
(1788539397.446413) can0 03FF1000#0840112200000001
(1788539397.551413) can0 03FF1000#0840112200000001
(1788539397.656421) can0 03FF1000#0840112200000001
(1788539397.761454) can0 03FF1000#0840112200000001
(1788539397.866435) can0 03FF1000#0840112200000001
(1788539397.971434) can0 03FF1000#0840112200000001
(1788539398.076424) can0 03FF1000#0840112200000001
(1788539398.181432) can0 03FF1000#0840112200000001
(1788539398.286457) can0 03FF1000#0840112200000001
(1788539398.391450) can0 03FF1000#0840112200000001
(1788539398.496441) can0 03FF1000#0840112200000001
(1788539398.601463) can0 03FF1000#0840112200000001
(1788539398.706475) can0 03FF1000#0840112200000001
(1788539398.811476) can0 03FF1000#0840112200000001
(1788539398.916478) can0 03FF1000#0840112200000001
(1788539399.021465) can0 03FF1000#0840112200000001
(1788539399.126478) can0 03FF1000#0840112200000001
(1788539399.231479) can0 03FF1000#0840112200000001
(1788539399.336500) can0 03FF1000#0840112200000001
(1788539399.441549) can0 03FF1000#0840112200000001
(1788539399.546479) can0 03FF1000#0840112200000001
(1788539399.651486) can0 03FF1000#0840112200000001
(1788539399.756490) can0 03FF1000#0840112200000001
(1788539399.861512) can0 03FF1000#0840112200000001
(1788539399.905687) can0 04FF3400#0000097B00000000
(1788539399.966576) can0 03FF1000#0840112200000001
(1788539400.071494) can0 03FF1000#0840112200000001
(1788539400.176489) can0 03FF1000#0840112200000001
(1788539400.281508) can0 03FF1000#0840112200000001
(1788539400.386540) can0 03FF1000#0840112200000001
(1788539400.491535) can0 03FF1000#0840112200000001
(1788539400.596509) can0 03FF1000#0840112200000001
(1788539400.701516) can0 03FF1000#0840112200000001
(1788539400.806529) can0 03FF1000#0840112200000001
(1788539400.911550) can0 03FF1000#0840112200000001
(1788539401.016549) can0 03FF1000#0840112200000001
(1788539401.121530) can0 03FF1000#0840112200000001
(1788539401.226547) can0 03FF1000#0840112200000001
(1788539401.331546) can0 03FF1000#0840112200000001
(1788539401.436564) can0 03FF1000#0840112200000001
(1788539401.541564) can0 03FF1000#0840112200000001
(1788539401.646565) can0 03FF1000#0840112200000001
(1788539401.751548) can0 03FF1000#0840112200000001
(1788539401.856552) can0 03FF1000#0840112200000001
(1788539401.961591) can0 03FF1000#0840112200000001
(1788539402.066572) can0 03FF1000#0840112200000001
(1788539402.171572) can0 03FF1000#0840112200000001
(1788539402.276627) can0 03FF1000#0840112200000001
(1788539402.381580) can0 03FF1000#0840112200000001
(1788539402.486601) can0 03FF1000#0840112200000001
(1788539402.591600) can0 03FF1000#0840112200000001
(1788539402.696587) can0 03FF1000#0840112200000001
(1788539402.801645) can0 03FF1000#0840112200000001
(1788539402.906588) can0 03FF1000#0840112200000001
(1788539403.011608) can0 03FF1000#0840112200000001
(1788539403.116615) can0 03FF1000#0840112200000001
(1788539403.221601) can0 03FF1000#0840112200000001
(1788539403.326653) can0 03FF1000#0840112200000001
(1788539403.431606) can0 03FF1000#0840112200000001
(1788539403.536635) can0 03FF1000#0840112200000001
(1788539403.641636) can0 03FF1000#0840112200000001
(1788539403.746624) can0 03FF1000#0840112200000001
(1788539403.851630) can0 03FF1000#0840112200000001
(1788539403.956630) can0 03FF1000#0840112200000001
(1788539404.061650) can0 03FF1000#0840112200000001
(1788539404.166644) can0 03FF1000#0840112200000001
(1788539404.271635) can0 03FF1000#0840112200000001
(1788539404.376645) can0 03FF1000#0840112200000001
(1788539404.481645) can0 03FF1000#0840112200000001
(1788539404.586666) can0 03FF1000#0840112200000001
(1788539404.691665) can0 03FF1000#0840112200000001
(1788539404.796666) can0 03FF1000#0840112200000001
(1788539404.901667) can0 03FF1000#0840112200000001
(1788539405.006660) can0 03FF1000#0840112200000001
(1788539405.111673) can0 03FF1000#0840112200000001
(1788539405.216687) can0 03FF1000#0840112200000001
(1788539405.321680) can0 03FF1000#0840112200000001
(1788539405.426674) can0 03FF1000#0840112200000001
(1788539405.531679) can0 03FF1000#0840112200000001
(1788539405.636739) can0 03FF1000#0840112200000001
(1788539405.741708) can0 03FF1000#0840112200000001
(1788539405.846701) can0 03FF1000#0840112200000001
(1788539405.951693) can0 03FF1000#0840112200000001
(1788539406.056690) can0 03FF1000#0840112200000001
(1788539406.161756) can0 03FF1000#0840112200000001
(1788539406.266730) can0 03FF1000#0840112200000001
(1788539406.371710) can0 03FF1000#0840112200000001
(1788539406.476717) can0 03FF1000#0840112200000001
(1788539406.581712) can0 03FF1000#0840112200000001
(1788539406.686769) can0 03FF1000#0840112200000001
(1788539406.791746) can0 03FF1000#0840112200000001
(1788539406.896737) can0 03FF1000#0840112200000001
(1788539407.001732) can0 03FF1000#0840112200000001
(1788539407.106725) can0 03FF1000#0840112200000001
(1788539407.211750) can0 03FF1000#0840112200000001
(1788539407.316752) can0 03FF1000#0840112200000001
(1788539407.421746) can0 03FF1000#0840112200000001
(1788539407.526733) can0 03FF1000#0840112200000001
(1788539407.631747) can0 03FF1000#0840112200000001
(1788539407.736773) can0 03FF1000#0840112200000001
(1788539407.841779) can0 03FF1000#0840112200000001
(1788539407.946761) can0 03FF1000#0840112200000001
(1788539408.051763) can0 03FF1000#0840112200000001
(1788539408.156756) can0 03FF1000#0840112200000001
(1788539408.261787) can0 03FF1000#0840112200000001
(1788539408.366788) can0 03FF1000#0840112200000001
(1788539408.471788) can0 03FF1000#0840112200000001
(1788539408.576782) can0 03FF1000#0840112200000001
(1788539408.681790) can0 03FF1000#0840112200000001
(1788539408.786816) can0 03FF1000#0840112200000001
(1788539408.891803) can0 03FF1000#0840112200000001
(1788539408.996855) can0 03FF1000#0840112200000001
(1788539409.101798) can0 03FF1000#0840112200000001
(1788539409.206791) can0 03FF1000#0840112200000001
(1788539409.311817) can0 03FF1000#0840112200000001
(1788539409.416830) can0 03FF1000#0840112200000001
(1788539409.521882) can0 03FF1000#0840112200000001
(1788539409.626812) can0 03FF1000#0840112200000001
(1788539409.731806) can0 03FF1000#0840112200000001
(1788539409.836839) can0 03FF1000#0840112200000001
(1788539409.905696) can0 04FF3400#0000097C00000000
(1788539409.941851) can0 03FF1000#0840112200000001
(1788539410.046859) can0 03FF1000#0840112200000001
(1788539410.151830) can0 03FF1000#0840112200000001
(1788539410.256842) can0 03FF1000#0840112200000001
(1788539410.361842) can0 03FF1000#0840112200000001
(1788539410.466861) can0 03FF1000#0840112200000001
(1788539410.571862) can0 03FF1000#0840112200000001
(1788539410.676843) can0 03FF1000#0840112200000001
(1788539410.781862) can0 03FF1000#0840112200000001
(1788539410.886851) can0 03FF1000#0840112200000001
(1788539410.991882) can0 03FF1000#0840112200000001
(1788539411.096875) can0 03FF1000#0840112200000001
(1788539411.201857) can0 03FF1000#0840112200000001
(1788539411.306864) can0 03FF1000#0840112200000001
(1788539411.411902) can0 03FF1000#0840112200000001
(1788539411.516884) can0 03FF1000#0840112200000001
(1788539411.621891) can0 03FF1000#0840112200000001
(1788539411.726873) can0 03FF1000#0840112200000001
(1788539411.831948) can0 03FF1000#0840112200000001
(1788539411.936885) can0 03FF1000#0840112200000001
(1788539412.041924) can0 03FF1000#0840112200000001
(1788539412.146900) can0 03FF1000#0840112200000001
(1788539412.251906) can0 03FF1000#0840112200000001
(1788539412.356951) can0 03FF1000#0840112200000001
(1788539412.461899) can0 03FF1000#0840112200000001
(1788539412.566926) can0 03FF1000#0840112200000001
(1788539412.671920) can0 03FF1000#0840112200000001
(1788539412.776913) can0 03FF1000#0840112200000001
(1788539412.881979) can0 03FF1000#0840112200000001
(1788539412.986925) can0 03FF1000#0840112200000001
(1788539413.091947) can0 03FF1000#0840112200000001
(1788539413.196954) can0 03FF1000#0840112200000001
(1788539413.301942) can0 03FF1000#0840112200000001
(1788539413.406942) can0 03FF1000#0840112200000001
(1788539413.511937) can0 03FF1000#0840112200000001
(1788539413.616963) can0 03FF1000#0840112200000001
(1788539413.721962) can0 03FF1000#0840112200000001
(1788539413.826956) can0 03FF1000#0840112200000001
(1788539413.931957) can0 03FF1000#0840112200000001
(1788539414.036963) can0 03FF1000#0840112200000001
(1788539414.141972) can0 03FF1000#0840112200000001
(1788539414.246992) can0 03FF1000#0840112200000001
(1788539414.351960) can0 03FF1000#0840112200000001
(1788539414.456979) can0 03FF1000#0840112200000001
(1788539414.561973) can0 03FF1000#0840112200000001
(1788539414.666998) can0 03FF1000#0840112200000001
(1788539414.772011) can0 03FF1000#0840112200000001
(1788539414.876999) can0 03FF1000#0840112200000001
(1788539414.981985) can0 03FF1000#0840112200000001
(1788539415.086999) can0 03FF1000#0840112200000001
(1788539415.192045) can0 03FF1000#0840112200000001
(1788539415.297020) can0 03FF1000#0840112200000001
(1788539415.401997) can0 03FF1000#0840112200000001
(1788539415.507014) can0 03FF1000#0840112200000001
(1788539415.612008) can0 03FF1000#0840112200000001
(1788539415.717078) can0 03FF1000#0840112200000001
(1788539415.822042) can0 03FF1000#0840112200000001
(1788539415.927029) can0 03FF1000#0840112200000001
(1788539416.032023) can0 03FF1000#0840112200000001
(1788539416.137037) can0 03FF1000#0840112200000001
(1788539416.242068) can0 03FF1000#0840112200000001
(1788539416.347057) can0 03FF1000#0840112200000001
(1788539416.452044) can0 03FF1000#0840112200000001
(1788539416.557044) can0 03FF1000#0840112200000001
(1788539416.662040) can0 03FF1000#0840112200000001
(1788539416.767063) can0 03FF1000#0840112200000001
(1788539416.872077) can0 03FF1000#0840112200000001
(1788539416.977058) can0 03FF1000#0840112200000001
(1788539417.082045) can0 03FF1000#0840112200000001
(1788539417.187065) can0 03FF1000#0840112200000001
(1788539417.292097) can0 03FF1000#0840112200000001
(1788539417.397092) can0 03FF1000#0840112200000001
(1788539417.502079) can0 03FF1000#0840112200000001
(1788539417.607087) can0 03FF1000#0840112200000001
(1788539417.712087) can0 03FF1000#0840112200000001
(1788539417.817100) can0 03FF1000#0840112200000001
(1788539417.922107) can0 03FF1000#0840112200000001
(1788539418.027101) can0 03FF1000#0840112200000001
(1788539418.132091) can0 03FF1000#0840112200000001
(1788539418.237104) can0 03FF1000#0840112200000001
(1788539418.342120) can0 03FF1000#0840112200000001
(1788539418.447128) can0 03FF1000#0840112200000001
(1788539418.552160) can0 03FF1000#0840112200000001
(1788539418.657116) can0 03FF1000#0840112200000001
(1788539418.762122) can0 03FF1000#0840112200000001
(1788539418.867130) can0 03FF1000#0840112200000001
(1788539418.972149) can0 03FF1000#0840112200000001
(1788539419.077188) can0 03FF1000#0840112200000001
(1788539419.182150) can0 03FF1000#0840112200000001
(1788539419.287156) can0 03FF1000#0840112200000001
(1788539419.392163) can0 03FF1000#0840112200000001
(1788539419.497170) can0 03FF1000#0840112200000001
(1788539419.602177) can0 03FF1000#0840112200000001
(1788539419.707184) can0 03FF1000#0840112200000001
(1788539419.812190) can0 03FF1000#0840112200000001
(1788539419.855723) can0 04FF3603#0300000000000000
(1788539419.905719) can0 04FF3400#0000097D00000000
(1788539419.917197) can0 03FF1000#0840112200000001
(1788539420.022204) can0 03FF1000#0840112200000001
(1788539420.127211) can0 03FF1000#0840112200000001
(1788539420.232218) can0 03FF1000#0840112200000001
(1788539420.337162) can0 03FF1000#0840112200000001
(1788539420.442231) can0 03FF1000#0840112200000001
(1788539420.547238) can0 03FF1000#0840112200000001
(1788539420.652173) can0 03FF1000#0840112200000001
(1788539420.757183) can0 03FF1000#0840112200000001
(1788539420.862184) can0 03FF1000#0840112200000001
(1788539420.967265) can0 03FF1000#0840112200000001
(1788539421.072204) can0 03FF1000#0840112200000001
(1788539421.177192) can0 03FF1000#0840112200000001
(1788539421.282185) can0 03FF1000#0840112200000001
(1788539421.387292) can0 03FF1000#0840112200000001
(1788539421.492199) can0 03FF1000#0840112200000001
(1788539421.597231) can0 03FF1000#0840112200000001
(1788539421.702220) can0 03FF1000#0840112200000001
(1788539421.807220) can0 03FF1000#0840112200000001
(1788539421.912253) can0 03FF1000#0840112200000001
(1788539422.017239) can0 03FF1000#0840112200000001
(1788539422.122248) can0 03FF1000#0840112200000001
(1788539422.227236) can0 03FF1000#0840112200000001
(1788539422.332223) can0 03FF1000#0840112200000001
(1788539422.437292) can0 03FF1000#0840112200000001
(1788539422.542256) can0 03FF1000#0840112200000001
(1788539422.647261) can0 03FF1000#0840112200000001
(1788539422.752243) can0 03FF1000#0840112200000001
(1788539422.857243) can0 03FF1000#0840112200000001
(1788539422.962257) can0 03FF1000#0840112200000001
(1788539423.067244) can0 03FF1000#0840112200000001
(1788539423.172267) can0 03FF1000#0840112200000001
(1788539423.277282) can0 03FF1000#0840112200000001
(1788539423.382277) can0 03FF1000#0840112200000001
(1788539423.487258) can0 03FF1000#0840112200000001
(1788539423.592298) can0 03FF1000#0840112200000001
(1788539423.697284) can0 03FF1000#0840112200000001
(1788539423.802285) can0 03FF1000#0840112200000001
(1788539423.907279) can0 03FF1000#0840112200000001
(1788539424.012287) can0 03FF1000#0840112200000001
(1788539424.117317) can0 03FF1000#0840112200000001
(1788539424.222306) can0 03FF1000#0840112200000001
(1788539424.327312) can0 03FF1000#0840112200000001
(1788539424.432300) can0 03FF1000#0840112200000001
(1788539424.537301) can0 03FF1000#0840112200000001
(1788539424.642300) can0 03FF1000#0840112200000001
(1788539424.747365) can0 03FF1000#0840112200000001
(1788539424.852340) can0 03FF1000#0840112200000001
(1788539424.957321) can0 03FF1000#0840112200000001
(1788539425.062323) can0 03FF1000#0840112200000001
(1788539425.167322) can0 03FF1000#0840112200000001
(1788539425.272382) can0 03FF1000#0840112200000001
(1788539425.377348) can0 03FF1000#0840112200000001
(1788539425.482336) can0 03FF1000#0840112200000001
(1788539425.587330) can0 03FF1000#0840112200000001
(1788539425.692372) can0 03FF1000#0840112200000001
(1788539425.797384) can0 03FF1000#0840112200000001
(1788539425.902365) can0 03FF1000#0840112200000001
(1788539426.007358) can0 03FF1000#0840112200000001
(1788539426.112348) can0 03FF1000#0840112200000001
(1788539426.217360) can0 03FF1000#0840112200000001
(1788539426.322372) can0 03FF1000#0840112200000001
(1788539426.427386) can0 03FF1000#0840112200000001
(1788539426.532358) can0 03FF1000#0840112200000001
(1788539426.637373) can0 03FF1000#0840112200000001
(1788539426.742367) can0 03FF1000#0840112200000001
(1788539426.847394) can0 03FF1000#0840112200000001
(1788539426.952388) can0 03FF1000#0840112200000001
(1788539427.057393) can0 03FF1000#0840112200000001
(1788539427.162389) can0 03FF1000#0840112200000001
(1788539427.267388) can0 03FF1000#0840112200000001
(1788539427.372414) can0 03FF1000#0840112200000001
(1788539427.477416) can0 03FF1000#0840112200000001
(1788539427.582415) can0 03FF1000#0840112200000001
(1788539427.687415) can0 03FF1000#0840112200000001
(1788539427.792401) can0 03FF1000#0840112200000001
(1788539427.897423) can0 03FF1000#0840112200000001
(1788539428.002423) can0 03FF1000#0840112200000001
(1788539428.107486) can0 03FF1000#0840112200000001
(1788539428.212419) can0 03FF1000#0840112200000001
(1788539428.317430) can0 03FF1000#0840112200000001
(1788539428.422443) can0 03FF1000#0840112200000001
(1788539428.527449) can0 03FF1000#0840112200000001
(1788539428.632496) can0 03FF1000#0840112200000001
(1788539428.737432) can0 03FF1000#0840112200000001
(1788539428.842445) can0 03FF1000#0840112200000001
(1788539428.947472) can0 03FF1000#0840112200000001
(1788539429.052467) can0 03FF1000#0840112200000001
(1788539429.157473) can0 03FF1000#0840112200000001
(1788539429.262467) can0 03FF1000#0840112200000001
(1788539429.367467) can0 03FF1000#0840112200000001
(1788539429.472483) can0 03FF1000#0840112200000001
(1788539429.577493) can0 03FF1000#0840112200000001
(1788539429.682480) can0 03FF1000#0840112200000001
(1788539429.787468) can0 03FF1000#0840112200000001
(1788539429.892488) can0 03FF1000#0840112200000001
(1788539429.905750) can0 04FF3400#0000097E00000000
(1788539429.997494) can0 03FF1000#0840112200000001
(1788539430.102511) can0 03FF1000#0840112200000001
(1788539430.207498) can0 03FF1000#0840112200000001
(1788539430.312492) can0 03FF1000#0840112200000001
(1788539430.417503) can0 03FF1000#0840112200000001
(1788539430.522535) can0 03FF1000#0840112200000001
(1788539430.627521) can0 03FF1000#0840112200000001
(1788539430.732523) can0 03FF1000#0840112200000001
(1788539430.837505) can0 03FF1000#0840112200000001
(1788539430.942557) can0 03FF1000#0840112200000001
(1788539431.047550) can0 03FF1000#0840112200000001
(1788539431.152538) can0 03FF1000#0840112200000001
(1788539431.257532) can0 03FF1000#0840112200000001
(1788539431.362526) can0 03FF1000#0840112200000001
(1788539431.467580) can0 03FF1000#0840112200000001
(1788539431.572554) can0 03FF1000#0840112200000001
(1788539431.677560) can0 03FF1000#0840112200000001
(1788539431.782546) can0 03FF1000#0840112200000001
(1788539431.887541) can0 03FF1000#0840112200000001
(1788539431.992599) can0 03FF1000#0840112200000001
(1788539432.097567) can0 03FF1000#0840112200000001
(1788539432.202580) can0 03FF1000#0840112200000001
(1788539432.307555) can0 03FF1000#0840112200000001
(1788539432.412568) can0 03FF1000#0840112200000001
(1788539432.517563) can0 03FF1000#0840112200000001
(1788539432.622581) can0 03FF1000#0840112200000001
(1788539432.727591) can0 03FF1000#0840112200000001
(1788539432.832578) can0 03FF1000#0840112200000001
(1788539432.937577) can0 03FF1000#0840112200000001
(1788539433.042584) can0 03FF1000#0840112200000001
(1788539433.147592) can0 03FF1000#0840112200000001
(1788539433.252610) can0 03FF1000#0840112200000001
(1788539433.357598) can0 03FF1000#0840112200000001
(1788539433.462599) can0 03FF1000#0840112200000001
(1788539433.567599) can0 03FF1000#0840112200000001
(1788539433.672630) can0 03FF1000#0840112200000001
(1788539433.777631) can0 03FF1000#0840112200000001
(1788539433.882619) can0 03FF1000#0840112200000001
(1788539433.987605) can0 03FF1000#0840112200000001
(1788539434.092616) can0 03FF1000#0840112200000001
(1788539434.197641) can0 03FF1000#0840112200000001
(1788539434.302692) can0 03FF1000#0840112200000001
(1788539434.407642) can0 03FF1000#0840112200000001
(1788539434.512640) can0 03FF1000#0840112200000001
(1788539434.617634) can0 03FF1000#0840112200000001
(1788539434.722661) can0 03FF1000#0840112200000001
(1788539434.827694) can0 03FF1000#0840112200000001
(1788539434.932642) can0 03FF1000#0840112200000001
(1788539435.037650) can0 03FF1000#0840112200000001
(1788539435.142649) can0 03FF1000#0840112200000001
(1788539435.247671) can0 03FF1000#0840112200000001
(1788539435.352695) can0 03FF1000#0840112200000001
(1788539435.457669) can0 03FF1000#0840112200000001
(1788539435.562666) can0 03FF1000#0840112200000001
(1788539435.667655) can0 03FF1000#0840112200000001
(1788539435.772658) can0 03FF1000#0840112200000001
(1788539435.877697) can0 03FF1000#0840112200000001
(1788539435.982698) can0 03FF1000#0840112200000001
(1788539436.087692) can0 03FF1000#0840112200000001
(1788539436.192686) can0 03FF1000#0840112200000001
(1788539436.297679) can0 03FF1000#0840112200000001
(1788539436.402706) can0 03FF1000#0840112200000001
(1788539436.507714) can0 03FF1000#0840112200000001
(1788539436.612694) can0 03FF1000#0840112200000001
(1788539436.717707) can0 03FF1000#0840112200000001
(1788539436.822740) can0 03FF1000#0840112200000001
(1788539436.927728) can0 03FF1000#0840112200000001
(1788539437.032721) can0 03FF1000#0840112200000001
(1788539437.137709) can0 03FF1000#0840112200000001
(1788539437.242715) can0 03FF1000#0840112200000001
(1788539437.347742) can0 03FF1000#0840112200000001
(1788539437.452748) can0 03FF1000#0840112200000001
(1788539437.557763) can0 03FF1000#0840112200000001
(1788539437.662790) can0 03FF1000#0840112200000001
(1788539437.767737) can0 03FF1000#0840112200000001
(1788539437.872734) can0 03FF1000#0840112200000001
(1788539437.977765) can0 03FF1000#0840112200000001
(1788539438.082771) can0 03FF1000#0840112200000001
(1788539438.187791) can0 03FF1000#0840112200000001
(1788539438.292761) can0 03FF1000#0840112200000001
(1788539438.397780) can0 03FF1000#0840112200000001
(1788539438.502787) can0 03FF1000#0840112200000001
(1788539438.607793) can0 03FF1000#0840112200000001
(1788539438.712779) can0 03FF1000#0840112200000001
(1788539438.817770) can0 03FF1000#0840112200000001
(1788539438.922801) can0 03FF1000#0840112200000001
(1788539439.027800) can0 03FF1000#0840112200000001
(1788539439.132800) can0 03FF1000#0840112200000001
(1788539439.237794) can0 03FF1000#0840112200000001
(1788539439.342791) can0 03FF1000#0840112200000001
(1788539439.447792) can0 03FF1000#0840112200000001
(1788539439.552824) can0 03FF1000#0840112200000001
(1788539439.657805) can0 03FF1000#0840112200000001
(1788539439.762815) can0 03FF1000#0840112200000001
(1788539439.867799) can0 03FF1000#0840112200000001
(1788539439.905788) can0 04FF3400#0000097F00000000
(1788539439.972811) can0 03FF1000#0840112200000001
(1788539440.077842) can0 03FF1000#0840112200000001
(1788539440.182837) can0 03FF1000#0840112200000001
(1788539440.287819) can0 03FF1000#0840112200000001
(1788539440.392826) can0 03FF1000#0840112200000001
(1788539440.497870) can0 03FF1000#0840112200000001
(1788539440.602852) can0 03FF1000#0840112200000001
(1788539440.707853) can0 03FF1000#0840112200000001
(1788539440.812842) can0 03FF1000#0840112200000001
(1788539440.917840) can0 03FF1000#0840112200000001
(1788539441.022910) can0 03FF1000#0840112200000001
(1788539441.127867) can0 03FF1000#0840112200000001
(1788539441.232866) can0 03FF1000#0840112200000001
(1788539441.337855) can0 03FF1000#0840112200000001
(1788539441.442862) can0 03FF1000#0840112200000001
(1788539441.547922) can0 03FF1000#0840112200000001
(1788539441.652882) can0 03FF1000#0840112200000001
(1788539441.757882) can0 03FF1000#0840112200000001
(1788539441.862878) can0 03FF1000#0840112200000001
(1788539441.967871) can0 03FF1000#0840112200000001
(1788539442.072883) can0 03FF1000#0840112200000001
(1788539442.177905) can0 03FF1000#0840112200000001
(1788539442.282911) can0 03FF1000#0840112200000001
(1788539442.339471) can0 02203606#0201000000000000
(1788539442.387886) can0 03FF1000#0840112200000001
(1788539442.492892) can0 03FF1000#0840112200000001
(1788539442.597899) can0 03FF1000#0840112200000001
(1788539442.702930) can0 03FF1000#0840112200000001
(1788539442.807925) can0 03FF1000#0840112200000001
(1788539442.847753) can0 02203606#0201000000000000
(1788539442.912912) can0 03FF1000#0840112200000001
(1788539443.017900) can0 03FF1000#0840112200000001
(1788539443.122920) can0 03FF1000#0840112200000001
(1788539443.227945) can0 03FF1000#0840112200000001
(1788539443.298200) can0 02181606#0000000001030200
(1788539443.332940) can0 03FF1000#0840112200000001
(1788539443.343443) can0 03121606#0100000000000000
(1788539443.358251) can0 02203606#0201000000000000
(1788539443.437920) can0 03FF1000#0840112200000001
(1788539443.542929) can0 03FF1000#0840112200000001
(1788539443.647941) can0 03FF1000#0840112200000001
(1788539443.752958) can0 03FF1000#0840112200000001
(1788539443.808991) can0 02181606#0000000001030200
(1788539443.858025) can0 03FF1000#0840112200000001
(1788539443.868478) can0 03121606#0100000000000000
(1788539443.869049) can0 02203606#0201000000000000
(1788539443.962948) can0 03FF1000#0840112200000001
(1788539444.067936) can0 03FF1000#0840112200000001
(1788539444.172955) can0 03FF1000#0840112200000001
(1788539444.277960) can0 03FF1000#0840112200000001
(1788539444.319489) can0 02181606#0000000001030200
(1788539444.381091) can0 02203606#0201000000000000
(1788539444.383026) can0 03FF1000#0840112200000001
(1788539444.393459) can0 03121606#0100000000000000
(1788539444.487969) can0 03FF1000#0840112200000001
(1788539444.592966) can0 03FF1000#0840112200000001
(1788539444.697965) can0 03FF1000#0840112200000001
(1788539444.802998) can0 03FF1000#0840112200000001
(1788539444.831593) can0 02181606#0000000001030200
(1788539444.889842) can0 02203606#0201000000000000
(1788539444.908008) can0 03FF1000#0840112200000001
(1788539444.918473) can0 03121606#0100000000000000
(1788539445.012985) can0 03FF1000#0840112200000001
(1788539445.117980) can0 03FF1000#0840112200000001
(1788539445.222985) can0 03FF1000#0840112200000001
(1788539445.328000) can0 03FF1000#0840112200000001
(1788539445.340536) can0 02181606#0000000001030200
(1788539445.400341) can0 02203606#0201000000000000
(1788539445.433018) can0 03FF1000#0840112200000001
(1788539445.443490) can0 03121606#0100000000000000
(1788539445.538008) can0 03FF1000#0840112200000001
(1788539445.642988) can0 03FF1000#0840112200000001
(1788539445.748002) can0 03FF1000#0840112200000001
(1788539445.850790) can0 02181606#0000000001030200
(1788539445.853027) can0 03FF1000#0840112200000001
(1788539445.910801) can0 02203606#0201000000000000
(1788539445.958033) can0 03FF1000#0840112200000001
(1788539445.968501) can0 03121606#0100000000000000
(1788539446.063020) can0 03FF1000#0840112200000001
(1788539446.168011) can0 03FF1000#0840112200000001
(1788539446.273017) can0 03FF1000#0840112200000001
(1788539446.361522) can0 02181606#0000000001030200
(1788539446.378049) can0 03FF1000#0840112200000001
(1788539446.388533) can0 03121606#0100000000000000
(1788539446.421350) can0 02203606#0201000000000000
(1788539446.483042) can0 03FF1000#0840112200000001
(1788539446.588031) can0 03FF1000#0840112200000001
(1788539446.693088) can0 03FF1000#0840112200000001
(1788539446.798036) can0 03FF1000#0840112200000001
(1788539446.871812) can0 02181606#0000000001030200
(1788539446.903070) can0 03FF1000#0840112200000001
(1788539446.913554) can0 03121606#0100000000000000
(1788539446.931796) can0 02203606#0201000000000000
(1788539447.008057) can0 03FF1000#0840112200000001
(1788539447.113063) can0 03FF1000#0840112200000001
(1788539447.218101) can0 03FF1000#0840112200000001
(1788539447.323066) can0 03FF1000#0840112200000001
(1788539447.382980) can0 02181606#0000000001030200
(1788539447.428084) can0 03FF1000#0840112200000001
(1788539447.438568) can0 03121606#0100000000000000
(1788539447.442607) can0 02203606#0201000000000000
(1788539447.533075) can0 03FF1000#0840112200000001
(1788539447.638085) can0 03FF1000#0840112200000001
(1788539447.743117) can0 03FF1000#0840112200000001
(1788539447.848081) can0 03FF1000#0840112200000001
(1788539447.893069) can0 02181606#0000000001030200
(1788539447.953099) can0 03FF1000#0840112200000001
(1788539447.953673) can0 02203606#0201000000000000
(1788539447.963589) can0 03121606#0100000000000000
(1788539448.058091) can0 03FF1000#0840112200000001
(1788539448.163099) can0 03FF1000#0840112200000001
(1788539448.268080) can0 03FF1000#0840112200000001
(1788539448.373090) can0 03FF1000#0840112200000001
(1788539448.403290) can0 02181606#0000000001030200
(1788539448.463368) can0 02203606#0201000000000000
(1788539448.478106) can0 03FF1000#0840112200000001
(1788539448.488604) can0 03121606#0100000000000000
(1788539448.583122) can0 03FF1000#0840112200000001
(1788539448.688116) can0 03FF1000#0840112200000001
(1788539448.793109) can0 03FF1000#0840112200000001
(1788539448.898117) can0 03FF1000#0840112200000001
(1788539448.913827) can0 02181606#0000000001030200
(1788539448.975995) can0 02203606#0201000000000000
(1788539449.003134) can0 03FF1000#0840112200000001
(1788539449.013620) can0 03121606#0100000000000000
(1788539449.108137) can0 03FF1000#0840112200000001
(1788539449.213129) can0 03FF1000#0840112200000001
(1788539449.318119) can0 03FF1000#0840112200000001
(1788539449.423126) can0 03FF1000#0840112200000001
(1788539449.424315) can0 02181606#0000000001030200
(1788539449.484363) can0 02203606#0201000000000000
(1788539449.528158) can0 03FF1000#0840112200000001
(1788539449.538674) can0 03121606#0100000000000000
(1788539449.633156) can0 03FF1000#0840112200000001
(1788539449.738132) can0 03FF1000#0840112200000001
(1788539449.843140) can0 03FF1000#0840112200000001
(1788539449.905800) can0 04FF3400#0000098000000000
(1788539449.934816) can0 02181606#0000000001030200
(1788539449.948152) can0 03FF1000#0840112200000001
(1788539449.958636) can0 03121606#0100000000000000
(1788539449.994894) can0 02203606#0201000000000000
(1788539450.053196) can0 03FF1000#0840112200000001
(1788539450.158168) can0 03FF1000#0840112200000001
(1788539450.263166) can0 03FF1000#0840112200000001
(1788539450.368174) can0 03FF1000#0840112200000001
(1788539450.445333) can0 02181606#0000000001030200
(1788539450.473179) can0 03FF1000#0840112200000001
(1788539450.483645) can0 03121606#0100000000000000
(1788539450.505368) can0 02203606#0201000000000000
(1788539450.578219) can0 03FF1000#0840112200000001
(1788539450.683194) can0 03FF1000#0840112200000001
(1788539450.788200) can0 03FF1000#0840112200000001
(1788539450.893207) can0 03FF1000#0840112200000001
(1788539450.955818) can0 02181606#0000000001030200
(1788539450.998213) can0 03FF1000#0840112200000001
(1788539451.008666) can0 03121606#0100000000000000
(1788539451.015902) can0 02203606#0201000000000000
(1788539451.103228) can0 03FF1000#0840112200000001
(1788539451.208228) can0 03FF1000#0840112200000001
(1788539451.313236) can0 03FF1000#0840112200000001
(1788539451.418243) can0 03FF1000#0840112200000001
(1788539451.466290) can0 02181606#0000000001030200
(1788539451.523250) can0 03FF1000#0840112200000001
(1788539451.526433) can0 02203606#0201000000000000
(1788539451.533682) can0 03121606#0100000000000000
(1788539451.628255) can0 03FF1000#0840112200000001
(1788539451.733261) can0 03FF1000#0840112200000001
(1788539451.838210) can0 03FF1000#0840112200000001
(1788539451.943208) can0 03FF1000#0840112200000001
(1788539451.976805) can0 02181606#0000000001030200
(1788539452.036849) can0 02203606#0201000000000000
(1788539452.048214) can0 03FF1000#0840112200000001
(1788539452.058703) can0 03121606#0100000000000000
(1788539452.153208) can0 03FF1000#0840112200000001
(1788539452.258234) can0 03FF1000#0840112200000001
(1788539452.363243) can0 03FF1000#0840112200000001
(1788539452.468229) can0 03FF1000#0840112200000001
(1788539452.487330) can0 02181606#0000000001030200
(1788539452.547405) can0 02203606#0201000000000000
(1788539452.573223) can0 03FF1000#0840112200000001
(1788539452.583718) can0 03121606#0100000000000000
(1788539452.678245) can0 03FF1000#0840112200000001
(1788539452.783254) can0 03FF1000#0840112200000001
(1788539452.888256) can0 03FF1000#0840112200000001
(1788539452.993238) can0 03FF1000#0840112200000001
(1788539452.997933) can0 02181606#0000000001030200
(1788539453.057915) can0 02203606#0201000000000000
(1788539453.098249) can0 03FF1000#0840112200000001
(1788539453.108740) can0 03121606#0100000000000000
(1788539453.203264) can0 03FF1000#0840112200000001
(1788539453.308278) can0 03FF1000#0840112200000001
(1788539453.413372) can0 03FF1000#0840112200000001
(1788539453.508378) can0 02181606#0000000001030200
(1788539453.518263) can0 03FF1000#0840112200000001
(1788539453.569217) can0 02203606#0201000000000000
(1788539453.623265) can0 03FF1000#0840112200000001
(1788539453.633754) can0 03121606#0100000000000000
(1788539453.728270) can0 03FF1000#0840112200000001
(1788539453.833288) can0 03FF1000#0840112200000001
(1788539453.938337) can0 03FF1000#0840112200000001
(1788539454.018890) can0 02181606#0000000001030200
(1788539454.043279) can0 03FF1000#0840112200000001
(1788539454.053775) can0 03121606#0100000000000000
(1788539454.078884) can0 02203606#0201000000000000
(1788539454.148277) can0 03FF1000#0840112200000001
(1788539454.253274) can0 03FF1000#0840112200000001
(1788539454.358310) can0 03FF1000#0840112200000001
(1788539454.463321) can0 03FF1000#0840112200000001
(1788539454.529375) can0 02181606#0000000001030200
(1788539454.568295) can0 03FF1000#0840112200000001
(1788539454.578791) can0 03121606#0100000000000000
(1788539454.589460) can0 02203606#0201000000000000
(1788539454.673296) can0 03FF1000#0840112200000001
(1788539454.778327) can0 03FF1000#0840112200000001
(1788539454.883311) can0 03FF1000#0840112200000001
(1788539454.988324) can0 03FF1000#0840112200000001
(1788539455.040135) can0 02181606#0000000001030200
(1788539455.093311) can0 03FF1000#0840112200000001
(1788539455.099990) can0 02203606#0201000000000000
(1788539455.103798) can0 03121606#0100000000000000
(1788539455.198316) can0 03FF1000#0840112200000001
(1788539455.303322) can0 03FF1000#0840112200000001
(1788539455.408337) can0 03FF1000#0840112200000001
(1788539455.513353) can0 03FF1000#0840112200000001
(1788539455.550632) can0 02181606#0000000001030200
(1788539455.610439) can0 02203606#0201000000000000
(1788539455.618323) can0 03FF1000#0840112200000001
(1788539455.628820) can0 03121606#0100000000000000
(1788539455.723344) can0 03FF1000#0840112200000001
(1788539455.828339) can0 03FF1000#0840112200000001
(1788539455.933352) can0 03FF1000#0840112200000001
(1788539456.038352) can0 03FF1000#0840112200000001
(1788539456.060880) can0 02181606#0000000001030200
(1788539456.120937) can0 02203606#0201000000000000
(1788539456.143358) can0 03FF1000#0840112200000001
(1788539456.153842) can0 03121606#0100000000000000
(1788539456.248391) can0 03FF1000#0840112200000001
(1788539456.353356) can0 03FF1000#0840112200000001
(1788539456.458373) can0 03FF1000#0840112200000001
(1788539456.563388) can0 03FF1000#0840112200000001
(1788539456.571426) can0 02181606#0000000001030200
(1788539456.631432) can0 02203606#0201000000000000
(1788539456.668374) can0 03FF1000#0840112200000001
(1788539456.678850) can0 03121606#0100000000000000
(1788539456.773425) can0 03FF1000#0840112200000001
(1788539456.878372) can0 03FF1000#0840112200000001
(1788539456.983395) can0 03FF1000#0840112200000001
(1788539457.081917) can0 02181606#0000000001030200
(1788539457.088388) can0 03FF1000#0840112200000001
(1788539457.141907) can0 02203606#0201000000000000
(1788539457.193389) can0 03FF1000#0840112200000001
(1788539457.203859) can0 03121606#0100000000000000
(1788539457.298428) can0 03FF1000#0840112200000001
(1788539457.403392) can0 03FF1000#0840112200000001
(1788539457.508423) can0 03FF1000#0840112200000001
(1788539457.592643) can0 02181606#0000000001030200
(1788539457.613409) can0 03FF1000#0840112200000001
(1788539457.623887) can0 03121606#0100000000000000
(1788539457.652461) can0 02203606#0201000000000000
(1788539457.718402) can0 03FF1000#0840112200000001
(1788539457.823405) can0 03FF1000#0840112200000001
(1788539457.928413) can0 03FF1000#0840112200000001
(1788539458.033425) can0 03FF1000#0840112200000001
(1788539458.104539) can0 02181606#0000000001030200
(1788539458.138427) can0 03FF1000#0840112200000001
(1788539458.148920) can0 03121606#0100000000000000
(1788539458.162927) can0 02203606#0201000000000000
(1788539458.243425) can0 03FF1000#0840112200000001
(1788539458.348423) can0 03FF1000#0840112200000001
(1788539458.453433) can0 03FF1000#0840112200000001
(1788539458.558455) can0 03FF1000#0840112200000001
(1788539458.613642) can0 02181606#0000000001030200
(1788539458.663452) can0 03FF1000#0840112200000001
(1788539458.673504) can0 02203606#0201000000000000
(1788539458.674075) can0 03121606#0100000000000000
(1788539458.768446) can0 03FF1000#0840112200000001
(1788539458.873430) can0 03FF1000#0840112200000001
(1788539458.978435) can0 03FF1000#0840112200000001
(1788539459.083468) can0 03FF1000#0840112200000001
(1788539459.123908) can0 02181606#0000000001030200
(1788539459.183922) can0 02203606#0201000000000000
(1788539459.188478) can0 03FF1000#0840112200000001
(1788539459.198950) can0 03121606#0100000000000000
(1788539459.293448) can0 03FF1000#0840112200000001
(1788539459.398458) can0 03FF1000#0840112200000001
(1788539459.503456) can0 03FF1000#0840112200000001
(1788539459.608523) can0 03FF1000#0840112200000001
(1788539459.634433) can0 02181606#0000000001030200
(1788539459.694481) can0 02203606#0201000000000000
(1788539459.713489) can0 03FF1000#0840112200000001
(1788539459.723965) can0 03121606#0100000000000000
(1788539459.818484) can0 03FF1000#0840112200000001
(1788539459.905834) can0 04FF3400#0000098100000000
(1788539459.923465) can0 03FF1000#0840112200000001
(1788539460.028471) can0 03FF1000#0840112200000001
(1788539460.133536) can0 03FF1000#0840112200000001
(1788539460.144904) can0 02181606#0000000001030200
(1788539460.204984) can0 02203606#0201000000000000
(1788539460.238503) can0 03FF1000#0840112200000001
(1788539460.248980) can0 03121606#0100000000000000
(1788539460.343495) can0 03FF1000#0840112200000001
(1788539460.448487) can0 03FF1000#0840112200000001
(1788539460.553489) can0 03FF1000#0840112200000001
(1788539460.655673) can0 02181606#0000000001030200
(1788539460.658537) can0 03FF1000#0840112200000001
(1788539460.715445) can0 02203606#0201000000000000
(1788539460.763518) can0 03FF1000#0840112200000001
(1788539460.773990) can0 03121606#0100000000000000
(1788539460.868516) can0 03FF1000#0840112200000001
(1788539460.973502) can0 03FF1000#0840112200000001
(1788539461.078508) can0 03FF1000#0840112200000001
(1788539461.165919) can0 02181606#0000000001030200
(1788539461.183538) can0 03FF1000#0840112200000001
(1788539461.194020) can0 03121606#0100000000000000
(1788539461.226001) can0 02203606#0201000000000000
(1788539461.288535) can0 03FF1000#0840112200000001
(1788539461.393537) can0 03FF1000#0840112200000001
(1788539461.498518) can0 03FF1000#0840112200000001
(1788539461.603524) can0 03FF1000#0840112200000001
(1788539461.676414) can0 02181606#0000000001030200
(1788539461.708556) can0 03FF1000#0840112200000001
(1788539461.719051) can0 03121606#0100000000000000
(1788539461.736498) can0 02203606#0201000000000000
(1788539461.813560) can0 03FF1000#0840112200000001
(1788539461.918543) can0 03FF1000#0840112200000001
(1788539462.023539) can0 03FF1000#0840112200000001
(1788539462.128546) can0 03FF1000#0840112200000001
(1788539462.186943) can0 02181606#0000000001030200
(1788539462.233570) can0 03FF1000#0840112200000001
(1788539462.244065) can0 03121606#0100000000000000
(1788539462.247046) can0 02203606#0201000000000000
(1788539462.338578) can0 03FF1000#0840112200000001
(1788539462.443566) can0 03FF1000#0840112200000001
(1788539462.548548) can0 03FF1000#0840112200000001
(1788539462.653560) can0 03FF1000#0840112200000001
(1788539462.697434) can0 02181606#0000000001030200
(1788539462.757542) can0 02203606#0201000000000000
(1788539462.758590) can0 03FF1000#0840112200000001
(1788539462.769080) can0 03121606#0100000000000000
(1788539462.863587) can0 03FF1000#0840112200000001
(1788539462.968639) can0 03FF1000#0840112200000001
(1788539463.073568) can0 03FF1000#0840112200000001
(1788539463.178581) can0 03FF1000#0840112200000001
(1788539463.209747) can0 02181606#0000000001030200
(1788539463.268012) can0 02203606#0201000000000000
(1788539463.283618) can0 03FF1000#0840112200000001
(1788539463.294089) can0 03121606#0100000000000000
(1788539463.388610) can0 03FF1000#0840112200000001
(1788539463.493654) can0 03FF1000#0840112200000001
(1788539463.598598) can0 03FF1000#0840112200000001
(1788539463.703597) can0 03FF1000#0840112200000001
(1788539463.718455) can0 02181606#0000000001030200
(1788539463.778504) can0 02203606#0201000000000000
(1788539463.808621) can0 03FF1000#0840112200000001
(1788539463.819120) can0 03121606#0100000000000000
(1788539463.913623) can0 03FF1000#0840112200000001
(1788539464.018623) can0 03FF1000#0840112200000001
(1788539464.123616) can0 03FF1000#0840112200000001
(1788539464.228610) can0 03FF1000#0840112200000001
(1788539464.229189) can0 02181606#0000000001030200
(1788539464.290512) can0 02203606#0201000000000000
(1788539464.333645) can0 03FF1000#0840112200000001
(1788539464.344134) can0 03121606#0100000000000000
(1788539464.438631) can0 03FF1000#0840112200000001
(1788539464.543644) can0 03FF1000#0840112200000001
(1788539464.648633) can0 03FF1000#0840112200000001
(1788539464.739478) can0 02181606#0000000001030200
(1788539464.753625) can0 03FF1000#0840112200000001
(1788539464.764127) can0 03121606#0100000000000000
(1788539464.799552) can0 02203606#0201000000000000
(1788539464.858653) can0 03FF1000#0840112200000001
(1788539464.963659) can0 03FF1000#0840112200000001
(1788539465.068648) can0 03FF1000#0840112200000001
(1788539465.173653) can0 03FF1000#0840112200000001
(1788539465.250002) can0 02181606#0000000001030200
(1788539465.278659) can0 03FF1000#0840112200000001
(1788539465.289197) can0 03121606#0100000000000000
(1788539465.310062) can0 02203606#0201000000000000
(1788539465.383663) can0 03FF1000#0840112200000001
(1788539465.488675) can0 03FF1000#0840112200000001
(1788539465.593669) can0 03FF1000#0840112200000001
(1788539465.698667) can0 03FF1000#0840112200000001
(1788539465.760527) can0 02181606#0000000001030200
(1788539465.803707) can0 03FF1000#0840112200000001
(1788539465.814215) can0 03121606#0100000000000000
(1788539465.820573) can0 02203606#0201000000000000
(1788539465.908689) can0 03FF1000#0840112200000001
(1788539466.013697) can0 03FF1000#0840112200000001
(1788539466.118692) can0 03FF1000#0840112200000001
(1788539466.223684) can0 03FF1000#0840112200000001
(1788539466.271259) can0 02181606#0000000001030200
(1788539466.328743) can0 03FF1000#0840112200000001
(1788539466.331627) can0 02203606#0201000000000000
(1788539466.339238) can0 03121606#0100000000000000
(1788539466.433679) can0 03FF1000#0840112200000001
(1788539466.538706) can0 03FF1000#0840112200000001
(1788539466.643706) can0 03FF1000#0840112200000001
(1788539466.748699) can0 03FF1000#0840112200000001
(1788539466.782154) can0 02181606#0000000001030200
(1788539466.841535) can0 02203606#0201000000000000
(1788539466.853751) can0 03FF1000#0840112200000001
(1788539466.864246) can0 03121606#0100000000000000
(1788539466.958693) can0 03FF1000#0840112200000001
(1788539467.063725) can0 03FF1000#0840112200000001
(1788539467.168726) can0 03FF1000#0840112200000001
(1788539467.273720) can0 03FF1000#0840112200000001
(1788539467.292033) can0 02181606#0000000001030200
(1788539467.352312) can0 02203606#0201000000000000
(1788539467.378714) can0 03FF1000#0840112200000001
(1788539467.389212) can0 03121606#0100000000000000
(1788539467.483720) can0 03FF1000#0840112200000001
(1788539467.588755) can0 03FF1000#0840112200000001
(1788539467.693746) can0 03FF1000#0840112200000001
(1788539467.798735) can0 03FF1000#0840112200000001
(1788539467.802549) can0 02181606#0000000001030200
(1788539467.862550) can0 02203606#0201000000000000
(1788539467.903736) can0 03FF1000#0840112200000001
(1788539467.914227) can0 03121606#0100000000000000
(1788539468.008736) can0 03FF1000#0840112200000001
(1788539468.113763) can0 03FF1000#0840112200000001
(1788539468.218755) can0 03FF1000#0840112200000001
(1788539468.313340) can0 02181606#0000000001030200
(1788539468.323755) can0 03FF1000#0840112200000001
(1788539468.373347) can0 02203606#0201000000000000
(1788539468.428747) can0 03FF1000#0840112200000001
(1788539468.439248) can0 03121606#0100000000000000
(1788539468.533760) can0 03FF1000#0840112200000001
(1788539468.638779) can0 03FF1000#0840112200000001
(1788539468.743772) can0 03FF1000#0840112200000001
(1788539468.825427) can0 02181606#0000000001030200
(1788539468.848779) can0 03FF1000#0840112200000001
(1788539468.859256) can0 03121606#0100000000000000
(1788539468.883568) can0 02203606#0201000000000000
(1788539468.953759) can0 03FF1000#0840112200000001
(1788539469.058772) can0 03FF1000#0840112200000001
(1788539469.163818) can0 03FF1000#0840112200000001
(1788539469.268794) can0 03FF1000#0840112200000001
(1788539469.334034) can0 02181606#0000000001030200
(1788539469.373787) can0 03FF1000#0840112200000001
(1788539469.384272) can0 03121606#0100000000000000
(1788539469.394138) can0 02203606#0201000000000000
(1788539469.478799) can0 03FF1000#0840112200000001
(1788539469.583790) can0 03FF1000#0840112200000001
(1788539469.688847) can0 03FF1000#0840112200000001
(1788539469.793812) can0 03FF1000#0840112200000001
(1788539469.844525) can0 02181606#0000000001030200
(1788539469.898809) can0 03FF1000#0840112200000001
(1788539469.904604) can0 02203606#0201000000000000
(1788539469.905849) can0 04FF3400#0000098200000000
(1788539469.909305) can0 03121606#0100000000000000
(1788539470.003801) can0 03FF1000#0840112200000001
(1788539470.108811) can0 03FF1000#0840112200000001
(1788539470.213862) can0 03FF1000#0840112200000001
(1788539470.318843) can0 03FF1000#0840112200000001
(1788539470.355057) can0 02181606#0000000001030200
(1788539470.415105) can0 02203606#0201000000000000
(1788539470.423828) can0 03FF1000#0840112200000001
(1788539470.434301) can0 03121606#0100000000000000
(1788539470.528832) can0 03FF1000#0840112200000001
(1788539470.633826) can0 03FF1000#0840112200000001
(1788539470.738851) can0 03FF1000#0840112200000001
(1788539470.843852) can0 03FF1000#0840112200000001
(1788539470.865553) can0 02181606#0000000001030200
(1788539470.929335) can0 02203606#0201000000000000
(1788539470.948845) can0 03FF1000#0840112200000001
(1788539470.959324) can0 03121606#0100000000000000
(1788539471.053845) can0 03FF1000#0840112200000001
(1788539471.158846) can0 03FF1000#0840112200000001
(1788539471.263853) can0 03FF1000#0840112200000001
(1788539471.368869) can0 03FF1000#0840112200000001
(1788539471.376090) can0 02181606#0000000001030200
(1788539471.436125) can0 02203606#0200000000000000
(1788539471.473860) can0 03FF1000#0840112200000001
(1788539471.484350) can0 03121606#0100000000000000
(1788539471.578855) can0 03FF1000#0840112200000001
(1788539471.683856) can0 03FF1000#0840112200000001
(1788539471.788894) can0 03FF1000#0840112200000001
(1788539471.886576) can0 02181606#0000000001030200
(1788539471.893882) can0 03FF1000#0840112200000001
(1788539471.998876) can0 03FF1000#0840112200000001
(1788539472.009405) can0 03121606#0100000000000000
(1788539472.103876) can0 03FF1000#0840112200000001
(1788539472.208883) can0 03FF1000#0840112200000001
(1788539472.313895) can0 03FF1000#0840112200000001
(1788539472.397063) can0 02181606#0000000000030200
(1788539472.418933) can0 03FF1000#0840112200000001
(1788539472.429381) can0 03121606#0100000000000000
(1788539472.523956) can0 03FF1000#0840112200000001
(1788539472.628904) can0 03FF1000#0840112200000001
(1788539472.733897) can0 03FF1000#0840112200000001
(1788539472.838918) can0 03FF1000#0840112200000001
(1788539472.943925) can0 03FF1000#0840112200000001
(1788539473.048963) can0 03FF1000#0840112200000001
(1788539473.153906) can0 03FF1000#0840112200000001
(1788539473.258906) can0 03FF1000#0840112200000001
(1788539473.363947) can0 03FF1000#0840112200000001
(1788539473.468947) can0 03FF1000#0840112200000001
(1788539473.573953) can0 03FF1000#0840112200000001
(1788539473.678922) can0 03FF1000#0840112200000001
(1788539473.783940) can0 03FF1000#0840112200000001
(1788539473.888963) can0 03FF1000#0840112200000001
(1788539473.993955) can0 03FF1000#0840112200000001
(1788539474.098944) can0 03FF1000#0840112200000001
(1788539474.203950) can0 03FF1000#0840112200000001
(1788539474.308945) can0 03FF1000#0840112200000001
(1788539474.413978) can0 03FF1000#0840112200000001
(1788539474.518978) can0 03FF1000#0840112200000001
(1788539474.623965) can0 03FF1000#0840112200000001
(1788539474.728971) can0 03FF1000#0840112200000001
(1788539474.833966) can0 03FF1000#0840112200000001
(1788539474.938986) can0 03FF1000#0840112200000001
(1788539475.044004) can0 03FF1000#0840112200000001
(1788539475.148979) can0 03FF1000#0840112200000001
(1788539475.253974) can0 03FF1000#0840112200000001
(1788539475.359039) can0 03FF1000#0840112200000001
(1788539475.464007) can0 03FF1000#0840112200000001
(1788539475.569027) can0 03FF1000#0840112200000001
(1788539475.674000) can0 03FF1000#0840112200000001
(1788539475.778994) can0 03FF1000#0840112200000001
(1788539475.884052) can0 03FF1000#0840112200000001
(1788539475.989035) can0 03FF1000#0840112200000001
(1788539476.094041) can0 03FF1000#0840112200000001
(1788539476.199027) can0 03FF1000#0840112200000001
(1788539476.304009) can0 03FF1000#0840112200000001
(1788539476.409082) can0 03FF1000#0840112200000001
(1788539476.514018) can0 03FF1000#0840112200000001
(1788539476.619051) can0 03FF1000#0840112200000001
(1788539476.724028) can0 03FF1000#0840112200000001
(1788539476.829030) can0 03FF1000#0840112200000001
(1788539476.934052) can0 03FF1000#0840112200000001
(1788539477.039058) can0 03FF1000#0840112200000001
(1788539477.144071) can0 03FF1000#0840112200000001
(1788539477.249058) can0 03FF1000#0840112200000001
(1788539477.354054) can0 03FF1000#0840112200000001
(1788539477.459047) can0 03FF1000#0840112200000001
(1788539477.564087) can0 03FF1000#0840112200000001
(1788539477.669087) can0 03FF1000#0840112200000001
(1788539477.774085) can0 03FF1000#0840112200000001
(1788539477.879075) can0 03FF1000#0840112200000001
(1788539477.984073) can0 03FF1000#0840112200000001
(1788539478.089070) can0 03FF1000#0840112200000001
(1788539478.194102) can0 03FF1000#0840112200000001
