(1788540212.379978) can0 03FF1000#0840112200000001
(1788540212.484937) can0 03FF1000#0840112200000001
(1788540212.589941) can0 03FF1000#0840112200000001
(1788540212.694936) can0 03FF1000#0840112200000001
(1788540212.799924) can0 03FF1000#0840112200000001
(1788540212.904988) can0 03FF1000#0840112200000001
(1788540213.009951) can0 03FF1000#0840112200000001
(1788540213.114966) can0 03FF1000#0840112200000001
(1788540213.219952) can0 03FF1000#0840112200000001
(1788540213.324953) can0 03FF1000#0840112200000001
(1788540213.429954) can0 03FF1000#0840112200000001
(1788540213.534981) can0 03FF1000#0840112200000001
(1788540213.639981) can0 03FF1000#0840112200000001
(1788540213.744976) can0 03FF1000#0840112200000001
(1788540213.849965) can0 03FF1000#0840112200000001
(1788540213.954971) can0 03FF1000#0840112200000001
(1788540214.059998) can0 03FF1000#0840112200000001
(1788540214.165004) can0 03FF1000#0840112200000001
(1788540214.269988) can0 03FF1000#0840112200000001
(1788540214.374986) can0 03FF1000#0840112200000001
(1788540214.479999) can0 03FF1000#0840112200000001
(1788540214.585014) can0 03FF1000#0840112200000001
(1788540214.690027) can0 03FF1000#0840112200000001
(1788540214.795009) can0 03FF1000#0840112200000001
(1788540214.900016) can0 03FF1000#0840112200000001
(1788540215.005022) can0 03FF1000#0840112200000001
(1788540215.110043) can0 03FF1000#0840112200000001
(1788540215.215063) can0 03FF1000#0840112200000001
(1788540215.320040) can0 03FF1000#0840112200000001
(1788540215.425021) can0 03FF1000#0840112200000001
(1788540215.530027) can0 03FF1000#0840112200000001
(1788540215.635066) can0 03FF1000#0840112200000001
(1788540215.740105) can0 03FF1000#0840112200000001
(1788540215.845055) can0 03FF1000#0840112200000001
(1788540215.950036) can0 03FF1000#0840112200000001
(1788540216.055043) can0 03FF1000#0840112200000001
(1788540216.160083) can0 03FF1000#0840112200000001
(1788540216.265083) can0 03FF1000#0840112200000001
(1788540216.370072) can0 03FF1000#0840112200000001
(1788540216.475072) can0 03FF1000#0840112200000001
(1788540216.580072) can0 03FF1000#0840112200000001
(1788540216.685075) can0 03FF1000#0840112200000001
(1788540216.790093) can0 03FF1000#0840112200000001
(1788540216.895094) can0 03FF1000#0840112200000001
(1788540217.000082) can0 03FF1000#0840112200000001
(1788540217.105083) can0 03FF1000#0840112200000001
(1788540217.210103) can0 03FF1000#0840112200000001
(1788540217.315116) can0 03FF1000#0840112200000001
(1788540217.420118) can0 03FF1000#0840112200000001
(1788540217.525100) can0 03FF1000#0840112200000001
(1788540217.630106) can0 03FF1000#0840112200000001
(1788540217.735139) can0 03FF1000#0840112200000001
(1788540217.840126) can0 03FF1000#0840112200000001
(1788540217.945122) can0 03FF1000#0840112200000001
(1788540218.050128) can0 03FF1000#0840112200000001
(1788540218.155129) can0 03FF1000#0840112200000001
(1788540218.260155) can0 03FF1000#0840112200000001
(1788540218.365163) can0 03FF1000#0840112200000001
(1788540218.470150) can0 03FF1000#0840112200000001
(1788540218.575189) can0 03FF1000#0840112200000001
(1788540218.680139) can0 03FF1000#0840112200000001
(1788540218.785171) can0 03FF1000#0840112200000001
(1788540218.890179) can0 03FF1000#0840112200000001
(1788540218.995173) can0 03FF1000#0840112200000001
(1788540219.100207) can0 03FF1000#0840112200000001
(1788540219.205148) can0 03FF1000#0840112200000001
(1788540219.310195) can0 03FF1000#0840112200000001
(1788540219.415189) can0 03FF1000#0840112200000001
(1788540219.520190) can0 03FF1000#0840112200000001
(1788540219.625190) can0 03FF1000#0840112200000001
(1788540219.730178) can0 03FF1000#0840112200000001
(1788540219.835218) can0 03FF1000#0840112200000001
(1788540219.909402) can0 04FF3400#000009CD00000000
(1788540219.940203) can0 03FF1000#0840112200000001
(1788540220.045212) can0 03FF1000#0840112200000001
(1788540220.150200) can0 03FF1000#0840112200000001
(1788540220.255208) can0 03FF1000#0840112200000001
(1788540220.360227) can0 03FF1000#0840112200000001
(1788540220.465228) can0 03FF1000#0840112200000001
(1788540220.570223) can0 03FF1000#0840112200000001
(1788540220.675217) can0 03FF1000#0840112200000001
(1788540220.780218) can0 03FF1000#0840112200000001
(1788540220.885219) can0 03FF1000#0840112200000001
(1788540220.990252) can0 03FF1000#0840112200000001
(1788540221.095245) can0 03FF1000#0840112200000001
(1788540221.200236) can0 03FF1000#0840112200000001
(1788540221.305241) can0 03FF1000#0840112200000001
(1788540221.410299) can0 03FF1000#0840112200000001
(1788540221.515268) can0 03FF1000#0840112200000001
(1788540221.620258) can0 03FF1000#0840112200000001
(1788540221.725257) can0 03FF1000#0840112200000001
(1788540221.830257) can0 03FF1000#0840112200000001
(1788540221.935316) can0 03FF1000#0840112200000001
(1788540222.040279) can0 03FF1000#0840112200000001
(1788540222.145279) can0 03FF1000#0840112200000001
(1788540222.250267) can0 03FF1000#0840112200000001
(1788540222.355280) can0 03FF1000#0840112200000001
(1788540222.460337) can0 03FF1000#0840112200000001
(1788540222.565308) can0 03FF1000#0840112200000001
(1788540222.670301) can0 03FF1000#0840112200000001
(1788540222.775290) can0 03FF1000#0840112200000001
(1788540222.880299) can0 03FF1000#0840112200000001
(1788540222.985318) can0 03FF1000#0840112200000001
(1788540223.090324) can0 03FF1000#0840112200000001
(1788540223.195325) can0 03FF1000#0840112200000001
(1788540223.300313) can0 03FF1000#0840112200000001
(1788540223.405320) can0 03FF1000#0840112200000001
(1788540223.510334) can0 03FF1000#0840112200000001
(1788540223.615347) can0 03FF1000#0840112200000001
(1788540223.720331) can0 03FF1000#0840112200000001
(1788540223.793091) can0 02203606#0201000000000000
(1788540223.825329) can0 03FF1000#0840112200000001
(1788540223.930343) can0 03FF1000#0840112200000001
(1788540224.035340) can0 03FF1000#0840112200000001
(1788540224.140363) can0 03FF1000#0840112200000001
(1788540224.245371) can0 03FF1000#0840112200000001
(1788540224.303579) can0 02203606#0201000000000000
(1788540224.350352) can0 03FF1000#0840112200000001
(1788540224.455353) can0 03FF1000#0840112200000001
(1788540224.560368) can0 03FF1000#0840112200000001
(1788540224.665380) can0 03FF1000#0840112200000001
(1788540224.770426) can0 03FF1000#0840112200000001
(1788540224.814122) can0 02203606#0201000000000000
(1788540224.875374) can0 03FF1000#0840112200000001
(1788540224.980377) can0 03FF1000#0840112200000001
(1788540225.085372) can0 03FF1000#0840112200000001
(1788540225.190405) can0 03FF1000#0840112200000001
(1788540225.295456) can0 03FF1000#0840112200000001
(1788540225.324603) can0 02203606#0201000000000000
(1788540225.400392) can0 03FF1000#0840112200000001
(1788540225.505386) can0 03FF1000#0840112200000001
(1788540225.610394) can0 03FF1000#0840112200000001
(1788540225.715414) can0 03FF1000#0840112200000001
(1788540225.820421) can0 03FF1000#0840112200000001
(1788540225.835147) can0 02203606#0201000000000000
(1788540225.925409) can0 03FF1000#0840112200000001
(1788540226.030410) can0 03FF1000#0840112200000001
(1788540226.135406) can0 03FF1000#0840112200000001
(1788540226.240431) can0 03FF1000#0840112200000001
(1788540226.345437) can0 03FF1000#0840112200000001
(1788540226.346024) can0 02203606#0201000000000000
(1788540226.450425) can0 03FF1000#0840112200000001
(1788540226.555427) can0 03FF1000#0840112200000001
(1788540226.660427) can0 03FF1000#0840112200000001
(1788540226.765466) can0 03FF1000#0840112200000001
(1788540226.856093) can0 02203606#0201000000000000
(1788540226.870454) can0 03FF1000#0840112200000001
(1788540226.975448) can0 03FF1000#0840112200000001
(1788540227.080443) can0 03FF1000#0840112200000001
(1788540227.185447) can0 03FF1000#0840112200000001
(1788540227.290477) can0 03FF1000#0840112200000001
(1788540227.366621) can0 02203606#0201000000000000
(1788540227.395476) can0 03FF1000#0840112200000001
(1788540227.500484) can0 03FF1000#0840112200000001
(1788540227.605511) can0 03FF1000#0840112200000001
(1788540227.710473) can0 03FF1000#0840112200000001
(1788540227.815500) can0 03FF1000#0840112200000001
(1788540227.877132) can0 02203606#0201000000000000
(1788540227.920506) can0 03FF1000#0840112200000001
(1788540228.025481) can0 03FF1000#0840112200000001
(1788540228.130541) can0 03FF1000#0840112200000001
(1788540228.235479) can0 03FF1000#0840112200000001
(1788540228.340503) can0 03FF1000#0840112200000001
(1788540228.387652) can0 02203606#0201000000000000
(1788540228.445510) can0 03FF1000#0840112200000001
(1788540228.550511) can0 03FF1000#0840112200000001
(1788540228.655562) can0 03FF1000#0840112200000001
(1788540228.760506) can0 03FF1000#0840112200000001
(1788540228.865539) can0 03FF1000#0840112200000001
(1788540228.898905) can0 02203606#0201000000000000
(1788540228.970546) can0 03FF1000#0840112200000001
(1788540229.075521) can0 03FF1000#0840112200000001
(1788540229.180541) can0 03FF1000#0840112200000001
(1788540229.285519) can0 03FF1000#0840112200000001
(1788540229.390555) can0 03FF1000#0840112200000001
(1788540229.408677) can0 02203606#0201000000000000
(1788540229.495550) can0 03FF1000#0840112200000001
(1788540229.600557) can0 03FF1000#0840112200000001
(1788540229.705545) can0 03FF1000#0840112200000001
(1788540229.810539) can0 03FF1000#0840112200000001
(1788540229.909451) can0 04FF3400#000009CE00000000
(1788540229.915562) can0 03FF1000#0840112200000001
(1788540229.919254) can0 02203606#0201000000000000
(1788540230.020573) can0 03FF1000#0840112200000001
(1788540230.125567) can0 03FF1000#0840112200000001
(1788540230.230546) can0 03FF1000#0840112200000001
(1788540230.335562) can0 03FF1000#0840112200000001
(1788540230.430009) can0 02203606#0201000000000000
(1788540230.440588) can0 03FF1000#0840112200000001
(1788540230.545583) can0 03FF1000#0840112200000001
(1788540230.650590) can0 03FF1000#0840112200000001
(1788540230.755584) can0 03FF1000#0840112200000001
(1788540230.860592) can0 03FF1000#0840112200000001
(1788540230.940204) can0 02203606#0201000000000000
(1788540230.965637) can0 03FF1000#0840112200000001
(1788540231.070613) can0 03FF1000#0840112200000001
(1788540231.175613) can0 03FF1000#0840112200000001
(1788540231.280603) can0 03FF1000#0840112200000001
(1788540231.385595) can0 03FF1000#0840112200000001
(1788540231.450702) can0 02203606#0201000000000000
(1788540231.490659) can0 03FF1000#0840112200000001
(1788540231.595635) can0 03FF1000#0840112200000001
(1788540231.700629) can0 03FF1000#0840112200000001
(1788540231.805612) can0 03FF1000#0840112200000001
(1788540231.910632) can0 03FF1000#0840112200000001
(1788540231.961159) can0 02203606#0201000000000000
(1788540232.015676) can0 03FF1000#0840112200000001
(1788540232.120651) can0 03FF1000#0840112200000001
(1788540232.225646) can0 03FF1000#0840112200000001
(1788540232.330636) can0 03FF1000#0840112200000001
(1788540232.435641) can0 03FF1000#0840112200000001
(1788540232.471720) can0 02203606#0201000000000000
(1788540232.540661) can0 03FF1000#0840112200000001
(1788540232.645669) can0 03FF1000#0840112200000001
(1788540232.750663) can0 03FF1000#0840112200000001
(1788540232.855657) can0 03FF1000#0840112200000001
(1788540232.960665) can0 03FF1000#0840112200000001
(1788540232.982205) can0 02203606#0201000000000000
(1788540233.065697) can0 03FF1000#0840112200000001
(1788540233.170685) can0 03FF1000#0840112200000001
(1788540233.275687) can0 03FF1000#0840112200000001
(1788540233.380669) can0 03FF1000#0840112200000001
(1788540233.485681) can0 03FF1000#0840112200000001
(1788540233.492770) can0 02203606#0201000000000000
(1788540233.590714) can0 03FF1000#0840112200000001
(1788540233.695702) can0 03FF1000#0840112200000001
(1788540233.800697) can0 03FF1000#0840112200000001
(1788540233.905698) can0 03FF1000#0840112200000001
(1788540234.003258) can0 02203606#0201000000000000
(1788540234.010704) can0 03FF1000#0840112200000001
(1788540234.115712) can0 03FF1000#0840112200000001
(1788540234.220744) can0 03FF1000#0840112200000001
(1788540234.325777) can0 03FF1000#0840112200000001
(1788540234.430733) can0 03FF1000#0840112200000001
(1788540234.513770) can0 02203606#0201000000000000
(1788540234.535739) can0 03FF1000#0840112200000001
(1788540234.640747) can0 03FF1000#0840112200000001
(1788540234.745754) can0 03FF1000#0840112200000001
(1788540234.850800) can0 03FF1000#0840112200000001
(1788540234.955768) can0 03FF1000#0840112200000001
(1788540235.024258) can0 02203606#0201000000000000
(1788540235.060776) can0 03FF1000#0840112200000001
(1788540235.165783) can0 03FF1000#0840112200000001
(1788540235.270791) can0 03FF1000#0840112200000001
(1788540235.375798) can0 03FF1000#0840112200000001
(1788540235.480805) can0 03FF1000#0840112200000001
(1788540235.534808) can0 02203606#0201000000000000
(1788540235.585813) can0 03FF1000#0840112200000001
(1788540235.690818) can0 03FF1000#0840112200000001
(1788540235.795826) can0 03FF1000#0840112200000001
(1788540235.900833) can0 03FF1000#0840112200000001
(1788540236.005772) can0 03FF1000#0840112200000001
(1788540236.045275) can0 02203606#0201000000000000
(1788540236.110770) can0 03FF1000#0840112200000001
(1788540236.215854) can0 03FF1000#0840112200000001
(1788540236.320862) can0 03FF1000#0840112200000001
(1788540236.425801) can0 03FF1000#0840112200000001
(1788540236.530794) can0 03FF1000#0840112200000001
(1788540236.555777) can0 02203606#0201000000000000
(1788540236.635802) can0 03FF1000#0840112200000001
(1788540236.740789) can0 03FF1000#0840112200000001
(1788540236.845816) can0 03FF1000#0840112200000001
(1788540236.950812) can0 03FF1000#0840112200000001
(1788540237.055811) can0 03FF1000#0840112200000001
(1788540237.066301) can0 02203606#0201000000000000
(1788540237.160920) can0 03FF1000#0840112200000001
(1788540237.265846) can0 03FF1000#0840112200000001
(1788540237.370847) can0 03FF1000#0840112200000001
(1788540237.475840) can0 03FF1000#0840112200000001
(1788540237.576782) can0 02203606#0201000000000000
(1788540237.580821) can0 03FF1000#0840112200000001
(1788540237.685879) can0 03FF1000#0840112200000001
(1788540237.790836) can0 03FF1000#0840112200000001
(1788540237.895862) can0 03FF1000#0840112200000001
(1788540238.000862) can0 03FF1000#0840112200000001
(1788540238.087524) can0 02203606#0201000000000000
(1788540238.105857) can0 03FF1000#0840112200000001
(1788540238.210903) can0 03FF1000#0840112200000001
(1788540238.315847) can0 03FF1000#0840112200000001
(1788540238.420874) can0 03FF1000#0840112200000001
(1788540238.525867) can0 03FF1000#0840112200000001
(1788540238.597782) can0 02203606#0201000000000000
(1788540238.630861) can0 03FF1000#0840112200000001
(1788540238.735868) can0 03FF1000#0840112200000001
(1788540238.840875) can0 03FF1000#0840112200000001
(1788540238.945889) can0 03FF1000#0840112200000001
(1788540239.050902) can0 03FF1000#0840112200000001
(1788540239.108294) can0 02203606#0201000000000000
(1788540239.155893) can0 03FF1000#0840112200000001
(1788540239.260891) can0 03FF1000#0840112200000001
(1788540239.365887) can0 03FF1000#0840112200000001
(1788540239.470913) can0 03FF1000#0840112200000001
(1788540239.575917) can0 03FF1000#0840112200000001
(1788540239.618787) can0 02203606#0201000000000000
(1788540239.680913) can0 03FF1000#0840112200000001
(1788540239.785915) can0 03FF1000#0840112200000001
(1788540239.890902) can0 03FF1000#0840112200000001
(1788540239.909501) can0 04FF3400#000009CF00000000
(1788540239.995929) can0 03FF1000#0840112200000001
(1788540240.100950) can0 03FF1000#0840112200000001
(1788540240.129319) can0 02203606#0201000000000000
(1788540240.205924) can0 03FF1000#0840112200000001
(1788540240.310918) can0 03FF1000#0840112200000001
(1788540240.415932) can0 03FF1000#0840112200000001
(1788540240.520981) can0 03FF1000#0840112200000001
(1788540240.625959) can0 03FF1000#0840112200000001
(1788540240.639806) can0 02203606#0201000000000000
(1788540240.730947) can0 03FF1000#0840112200000001
(1788540240.835941) can0 03FF1000#0840112200000001
(1788540240.940949) can0 03FF1000#0840112200000001
(1788540241.046007) can0 03FF1000#0840112200000001
(1788540241.150331) can0 02203606#0201000000000000
(1788540241.150982) can0 03FF1000#0840112200000001
(1788540241.255980) can0 03FF1000#0840112200000001
(1788540241.360973) can0 03FF1000#0840112200000001
(1788540241.465967) can0 03FF1000#0840112200000001
(1788540241.571008) can0 03FF1000#0840112200000001
(1788540241.660857) can0 02203606#0201000000000000
(1788540241.675986) can0 03FF1000#0840112200000001
(1788540241.780993) can0 03FF1000#0840112200000001
(1788540241.885981) can0 03FF1000#0840112200000001
(1788540241.990990) can0 03FF1000#0840112200000001
(1788540242.096008) can0 03FF1000#0840112200000001
(1788540242.171362) can0 02203606#0201000000000000
(1788540242.201009) can0 03FF1000#0840112200000001
(1788540242.306004) can0 03FF1000#0840112200000001
(1788540242.411004) can0 03FF1000#0840112200000001
(1788540242.515998) can0 03FF1000#0840112200000001
(1788540242.621033) can0 03FF1000#0840112200000001
(1788540242.681882) can0 02203606#0200000000000000
(1788540242.726025) can0 03FF1000#0840112200000001
(1788540242.831026) can0 03FF1000#0840112200000001
(1788540242.936020) can0 03FF1000#0840112200000001
(1788540243.041016) can0 03FF1000#0840112200000001
(1788540243.146048) can0 03FF1000#0840112200000001
(1788540243.251055) can0 03FF1000#0840112200000001
(1788540243.356043) can0 03FF1000#0840112200000001
(1788540243.461038) can0 03FF1000#0840112200000001
(1788540243.566051) can0 03FF1000#0840112200000001
(1788540243.671078) can0 03FF1000#0840112200000001
(1788540243.776077) can0 03FF1000#0840112200000001
(1788540243.881117) can0 03FF1000#0840112200000001
(1788540243.986061) can0 03FF1000#0840112200000001
(1788540244.091068) can0 03FF1000#0840112200000001
(1788540244.196075) can0 03FF1000#0840112200000001
(1788540244.301088) can0 03FF1000#0840112200000001
(1788540244.406140) can0 03FF1000#0840112200000001
(1788540244.511077) can0 03FF1000#0840112200000001
(1788540244.616084) can0 03FF1000#0840112200000001
(1788540244.721105) can0 03FF1000#0840112200000001
(1788540244.826117) can0 03FF1000#0840112200000001
(1788540244.931113) can0 03FF1000#0840112200000001
(1788540245.036090) can0 03FF1000#0840112200000001
(1788540245.141101) can0 03FF1000#0840112200000001
(1788540245.246126) can0 03FF1000#0840112200000001
(1788540245.351122) can0 03FF1000#0840112200000001
(1788540245.456122) can0 03FF1000#0840112200000001
(1788540245.561110) can0 03FF1000#0840112200000001
