(1788543419.502718) can0 03FF1000#0840112200000001
(1788543419.607703) can0 03FF1000#0840112200000001
(1788543419.712705) can0 03FF1000#0840112200000001
(1788543419.814576) can0 04FF3400#00000B0D00000000
(1788543419.817678) can0 03FF1000#0840112200000001
(1788543419.922686) can0 03FF1000#0840112200000001
(1788543420.027692) can0 03FF1000#0840112200000001
(1788543420.132701) can0 03FF1000#0840112200000001
(1788543420.237690) can0 03FF1000#0840112200000001
(1788543420.342668) can0 03FF1000#0840112200000001
(1788543420.447677) can0 03FF1000#0840112200000001
(1788543420.552671) can0 03FF1000#0840112200000001
(1788543420.657695) can0 03FF1000#0840112200000001
(1788543420.762674) can0 03FF1000#0840112200000001
(1788543420.867668) can0 03FF1000#0840112200000001
(1788543420.972658) can0 03FF1000#0840112200000001
(1788543421.077658) can0 03FF1000#0840112200000001
(1788543421.182687) can0 03FF1000#0840112200000001
(1788543421.287671) can0 03FF1000#0840112200000001
(1788543421.392719) can0 03FF1000#0840112200000001
(1788543421.497670) can0 03FF1000#0840112200000001
(1788543421.602646) can0 03FF1000#0840112200000001
(1788543421.707665) can0 03FF1000#0840112200000001
(1788543421.812672) can0 03FF1000#0840112200000001
(1788543421.917712) can0 03FF1000#0840112200000001
(1788543422.022656) can0 03FF1000#0840112200000001
(1788543422.127680) can0 03FF1000#0840112200000001
(1788543422.232683) can0 03FF1000#0840112200000001
(1788543422.337673) can0 03FF1000#0840112200000001
(1788543422.442652) can0 03FF1000#0840112200000001
(1788543422.547646) can0 03FF1000#0840112200000001
(1788543422.652653) can0 03FF1000#0840112200000001
(1788543422.757678) can0 03FF1000#0840112200000001
(1788543422.862673) can0 03FF1000#0840112200000001
(1788543422.967639) can0 03FF1000#0840112200000001
(1788543423.072638) can0 03FF1000#0840112200000001
(1788543423.177642) can0 03FF1000#0840112200000001
(1788543423.282667) can0 03FF1000#0840112200000001
(1788543423.387658) can0 03FF1000#0840112200000001
(1788543423.492649) can0 03FF1000#0840112200000001
(1788543423.597648) can0 03FF1000#0840112200000001
(1788543423.702650) can0 03FF1000#0840112200000001
(1788543423.807653) can0 03FF1000#0840112200000001
(1788543423.912657) can0 03FF1000#0840112200000001
(1788543424.017658) can0 03FF1000#0840112200000001
(1788543424.122661) can0 03FF1000#0840112200000001
(1788543424.227681) can0 03FF1000#0840112200000001
(1788543424.332665) can0 03FF1000#0840112200000001
(1788543424.437667) can0 03FF1000#0840112200000001
(1788543424.542668) can0 03FF1000#0840112200000001
(1788543424.647669) can0 03FF1000#0840112200000001
(1788543424.752671) can0 03FF1000#0840112200000001
(1788543424.857676) can0 03FF1000#0840112200000001
(1788543424.962677) can0 03FF1000#0840112200000001
(1788543425.067677) can0 03FF1000#0840112200000001
(1788543425.172686) can0 03FF1000#0840112200000001
(1788543425.277684) can0 03FF1000#0840112200000001
(1788543425.382687) can0 03FF1000#0840112200000001
(1788543425.487688) can0 03FF1000#0840112200000001
(1788543425.592691) can0 03FF1000#0840112200000001
(1788543425.697690) can0 03FF1000#0840112200000001
(1788543425.802692) can0 03FF1000#0840112200000001
(1788543425.907697) can0 03FF1000#0840112200000001
(1788543426.012697) can0 03FF1000#0840112200000001
(1788543426.117700) can0 03FF1000#0840112200000001
(1788543426.222701) can0 03FF1000#0840112200000001
(1788543426.327704) can0 03FF1000#0840112200000001
(1788543426.432705) can0 03FF1000#0840112200000001
(1788543426.537707) can0 03FF1000#0840112200000001
(1788543426.642707) can0 03FF1000#0840112200000001
(1788543426.747709) can0 03FF1000#0840112200000001
(1788543426.852714) can0 03FF1000#0840112200000001
(1788543426.957718) can0 03FF1000#0840112200000001
(1788543427.062718) can0 03FF1000#0840112200000001
(1788543427.167720) can0 03FF1000#0840112200000001
(1788543427.272720) can0 03FF1000#0840112200000001
(1788543427.377722) can0 03FF1000#0840112200000001
(1788543427.482725) can0 03FF1000#0840112200000001
(1788543427.587725) can0 03FF1000#0840112200000001
(1788543427.692727) can0 03FF1000#0840112200000001
(1788543427.797730) can0 03FF1000#0840112200000001
(1788543427.902735) can0 03FF1000#0840112200000001
(1788543428.007735) can0 03FF1000#0840112200000001
(1788543428.112738) can0 03FF1000#0840112200000001
(1788543428.217739) can0 03FF1000#0840112200000001
(1788543428.322739) can0 03FF1000#0840112200000001
(1788543428.427744) can0 03FF1000#0840112200000001
(1788543428.532745) can0 03FF1000#0840112200000001
(1788543428.637745) can0 03FF1000#0840112200000001
(1788543428.742747) can0 03FF1000#0840112200000001
(1788543428.847751) can0 03FF1000#0840112200000001
(1788543428.952753) can0 03FF1000#0840112200000001
(1788543429.057753) can0 03FF1000#0840112200000001
(1788543429.162757) can0 03FF1000#0840112200000001
(1788543429.267759) can0 03FF1000#0840112200000001
(1788543429.372761) can0 03FF1000#0840112200000001
(1788543429.477764) can0 03FF1000#0840112200000001
(1788543429.582763) can0 03FF1000#0840112200000001
(1788543429.687766) can0 03FF1000#0840112200000001
(1788543429.792767) can0 03FF1000#0840112200000001
(1788543429.813767) can0 04FF3400#00000B0E00000000
(1788543429.897770) can0 03FF1000#0840112200000001
(1788543430.002773) can0 03FF1000#0840112200000001
(1788543430.107776) can0 03FF1000#0840112200000001
(1788543430.212778) can0 03FF1000#0840112200000001
(1788543430.317777) can0 03FF1000#0840112200000001
(1788543430.422782) can0 03FF1000#0840112200000001
(1788543430.527783) can0 03FF1000#0840112200000001
(1788543430.632783) can0 03FF1000#0840112200000001
(1788543430.737788) can0 03FF1000#0840112200000001
(1788543430.842791) can0 03FF1000#0840112200000001
(1788543430.947792) can0 03FF1000#0840112200000001
(1788543431.052792) can0 03FF1000#0840112200000001
(1788543431.157797) can0 03FF1000#0840112200000001
(1788543431.262797) can0 03FF1000#0840112200000001
(1788543431.367800) can0 03FF1000#0840112200000001
(1788543431.472801) can0 03FF1000#0840112200000001
(1788543431.577802) can0 03FF1000#0840112200000001
(1788543431.682804) can0 03FF1000#0840112200000001
(1788543431.787806) can0 03FF1000#0840112200000001
(1788543431.892810) can0 03FF1000#0840112200000001
(1788543431.997811) can0 03FF1000#0840112200000001
(1788543432.102814) can0 03FF1000#0840112200000001
(1788543432.207816) can0 03FF1000#0840112200000001
(1788543432.312817) can0 03FF1000#0840112200000001
(1788543432.417821) can0 03FF1000#0840112200000001
(1788543432.522821) can0 03FF1000#0840112200000001
(1788543432.627821) can0 03FF1000#0840112200000001
(1788543432.732824) can0 03FF1000#0840112200000001
(1788543432.837828) can0 03FF1000#0840112200000001
(1788543432.942829) can0 03FF1000#0840112200000001
(1788543433.047831) can0 03FF1000#0840112200000001
(1788543433.152834) can0 03FF1000#0840112200000001
(1788543433.257835) can0 03FF1000#0840112200000001
(1788543433.362838) can0 03FF1000#0840112200000001
(1788543433.467839) can0 03FF1000#0840112200000001
(1788543433.572841) can0 03FF1000#0840112200000001
(1788543433.677842) can0 03FF1000#0840112200000001
(1788543433.782844) can0 03FF1000#0840112200000001
(1788543433.887849) can0 03FF1000#0840112200000001
(1788543433.992850) can0 03FF1000#0840112200000001
(1788543434.097851) can0 03FF1000#0840112200000001
(1788543434.202854) can0 03FF1000#0840112200000001
(1788543434.307855) can0 03FF1000#0840112200000001
(1788543434.412858) can0 03FF1000#0840112200000001
(1788543434.517859) can0 03FF1000#0840112200000001
(1788543434.622859) can0 03FF1000#0840112200000001
(1788543434.727862) can0 03FF1000#0840112200000001
(1788543434.832863) can0 03FF1000#0840112200000001
(1788543434.937868) can0 03FF1000#0840112200000001
(1788543435.042868) can0 03FF1000#0840112200000001
(1788543435.147872) can0 03FF1000#0840112200000001
(1788543435.252873) can0 03FF1000#0840112200000001
(1788543435.357877) can0 03FF1000#0840112200000001
(1788543435.462877) can0 03FF1000#0840112200000001
(1788543435.567878) can0 03FF1000#0840112200000001
(1788543435.672880) can0 03FF1000#0840112200000001
(1788543435.777882) can0 03FF1000#0840112200000001
(1788543435.882886) can0 03FF1000#0840112200000001
(1788543435.987888) can0 03FF1000#0840112200000001
(1788543436.092888) can0 03FF1000#0840112200000001
(1788543436.197892) can0 03FF1000#0840112200000001
(1788543436.302893) can0 03FF1000#0840112200000001
(1788543436.407897) can0 03FF1000#0840112200000001
(1788543436.512897) can0 03FF1000#0840112200000001
(1788543436.617898) can0 03FF1000#0840112200000001
(1788543436.722899) can0 03FF1000#0840112200000001
(1788543436.827902) can0 03FF1000#0840112200000001
(1788543436.932906) can0 03FF1000#0840112200000001
(1788543437.037906) can0 03FF1000#0840112200000001
(1788543437.142909) can0 03FF1000#0840112200000001
(1788543437.247911) can0 03FF1000#0840112200000001
(1788543437.352914) can0 03FF1000#0840112200000001
(1788543437.457914) can0 03FF1000#0840112200000001
(1788543437.562921) can0 03FF1000#0840112200000001
(1788543437.667920) can0 03FF1000#0840112200000001
(1788543437.772919) can0 03FF1000#0840112200000001
(1788543437.877924) can0 03FF1000#0840112200000001
(1788543437.982925) can0 03FF1000#0840112200000001
(1788543438.087926) can0 03FF1000#0840112200000001
(1788543438.192931) can0 03FF1000#0840112200000001
(1788543438.297931) can0 03FF1000#0840112200000001
(1788543438.402934) can0 03FF1000#0840112200000001
(1788543438.507933) can0 03FF1000#0840112200000001
(1788543438.612935) can0 03FF1000#0840112200000001
(1788543438.717938) can0 03FF1000#0840112200000001
(1788543438.822939) can0 03FF1000#0840112200000001
(1788543438.927944) can0 03FF1000#0840112200000001
(1788543439.032945) can0 03FF1000#0840112200000001
(1788543439.045943) can0 02472602#52539E5502CBE49B
(1788543439.109155) can0 08122602#0100000000000000
(1788543439.137946) can0 03FF1000#0840112200000001
(1788543439.242948) can0 03FF1000#0840112200000001
(1788543439.307949) can0 08122602#0100000000000000
(1788543439.347951) can0 03FF1000#0840112200000001
(1788543439.452953) can0 03FF1000#0840112200000001
(1788543439.505954) can0 08122602#0100000000000000
(1788543439.557953) can0 03FF1000#0840112200000001
(1788543439.662955) can0 03FF1000#0840112200000001
(1788543439.704955) can0 08122602#0100000000000000
(1788543439.745037) can0 02407600#0100000000000000
(1788543439.763956) can0 04FF3603#0300000000000000
(1788543439.767956) can0 03FF1000#0840112200000001
(1788543439.813957) can0 04FF3400#00000B0F00000000
(1788543439.872960) can0 03FF1000#0840112200000001
(1788543439.977962) can0 03FF1000#0840112200000001
(1788543440.082964) can0 03FF1000#0840112200000001
(1788543440.187967) can0 03FF1000#0840112200000001
(1788543440.292969) can0 03FF1000#0840112200000001
(1788543440.345970) can0 02407600#0100000000000000
(1788543440.397970) can0 03FF1000#0840112200000001
(1788543440.502972) can0 03FF1000#0840112200000001
(1788543440.607973) can0 03FF1000#0840112200000001
(1788543440.712976) can0 03FF1000#0840112200000001
(1788543440.817983) can0 03FF1000#0840112200000001
(1788543440.922982) can0 03FF1000#0840112200000001
(1788543440.946178) can0 02407600#0100000000000000
(1788543441.027981) can0 03FF1000#0840112200000001
(1788543441.132985) can0 03FF1000#0840112200000001
(1788543441.237986) can0 03FF1000#0840112200000001
(1788543441.342987) can0 03FF1000#0840112200000001
(1788543441.447991) can0 03FF1000#0840112200000001
(1788543441.546994) can0 02407600#0100000000000000
(1788543441.552992) can0 03FF1000#0840112200000001
(1788543441.657993) can0 03FF1000#0840112200000001
(1788543441.762994) can0 03FF1000#0840112200000001
(1788543441.868000) can0 03FF1000#0840112200000001
(1788543441.973001) can0 03FF1000#0840112200000001
(1788543442.078000) can0 03FF1000#0840112200000001
(1788543442.148004) can0 02407600#0100000000000000
(1788543442.183003) can0 03FF1000#0840112200000001
(1788543442.288005) can0 03FF1000#0840112200000001
(1788543442.368008) can0 08F97603#0101000000000000
(1788543442.393008) can0 03FF1000#0840112200000001
(1788543442.498008) can0 03FF1000#0840112200000001
(1788543442.603010) can0 03FF1000#0840112200000001
(1788543442.666011) can0 08F97603#0101000000000000
(1788543442.708012) can0 03FF1000#0840112200000001
(1788543442.813015) can0 03FF1000#0840112200000001
(1788543442.918019) can0 03FF1000#0840112200000001
(1788543442.963261) can0 08F97603#0101000000000000
(1788543443.023019) can0 03FF1000#0840112200000001
(1788543443.128022) can0 03FF1000#0840112200000001
(1788543443.233024) can0 03FF1000#0840112200000001
(1788543443.261023) can0 08F97603#0101000000000000
(1788543443.338023) can0 03FF1000#0840112200000001
(1788543443.443029) can0 03FF1000#0840112200000001
(1788543443.548034) can0 03FF1000#0840112200000001
(1788543443.559030) can0 08F97603#0101000000000000
(1788543443.653030) can0 03FF1000#0840112200000001
(1788543443.758032) can0 03FF1000#0840112200000001
(1788543443.856059) can0 08F97603#0101000000000000
(1788543443.863035) can0 03FF1000#0840112200000001
(1788543443.968038) can0 03FF1000#0840112200000001
(1788543444.073038) can0 03FF1000#0840112200000001
(1788543444.178042) can0 03FF1000#0840112200000001
(1788543444.283043) can0 03FF1000#0840112200000001
(1788543444.388046) can0 03FF1000#0840112200000001
(1788543444.493047) can0 03FF1000#0840112200000001
(1788543444.598047) can0 03FF1000#0840112200000001
(1788543444.703050) can0 03FF1000#0840112200000001
(1788543444.808051) can0 03FF1000#0840112200000001
(1788543444.913056) can0 03FF1000#0840112200000001
(1788543445.018058) can0 03FF1000#0840112200000001
(1788543445.123060) can0 03FF1000#0840112200000001
(1788543445.228061) can0 03FF1000#0840112200000001
(1788543445.333062) can0 03FF1000#0840112200000001
(1788543445.438067) can0 03FF1000#0840112200000001
(1788543445.543067) can0 03FF1000#0840112200000001
(1788543445.648068) can0 03FF1000#0840112200000001
(1788543445.753069) can0 03FF1000#0840112200000001
(1788543445.858074) can0 03FF1000#0840112200000001
(1788543445.963075) can0 03FF1000#0840112200000001
(1788543446.068077) can0 03FF1000#0840112200000001
(1788543446.173080) can0 03FF1000#0840112200000001
(1788543446.277335) can0 03FF1000#0840112200000001
(1788543446.383083) can0 03FF1000#0840112200000001
(1788543446.487328) can0 03FF1000#0840112200000001
(1788543446.593085) can0 03FF1000#0840112200000001
(1788543446.698087) can0 03FF1000#0840112200000001
(1788543446.802331) can0 03FF1000#0840112200000001
(1788543446.907333) can0 03FF1000#0840112200000001
(1788543447.012325) can0 03FF1000#0840112200000001
(1788543447.117343) can0 03FF1000#0840112200000001
(1788543447.223098) can0 03FF1000#0840112200000001
(1788543447.327314) can0 03FF1000#0840112200000001
(1788543447.432335) can0 03FF1000#0840112200000001
(1788543447.537324) can0 03FF1000#0840112200000001
(1788543447.642338) can0 03FF1000#0840112200000001
(1788543447.747338) can0 03FF1000#0840112200000001
(1788543447.852320) can0 03FF1000#0840112200000001
(1788543447.957321) can0 03FF1000#0840112200000001
(1788543448.062311) can0 03FF1000#0840112200000001
(1788543448.167321) can0 03FF1000#0840112200000001
(1788543448.272315) can0 03FF1000#0840112200000001
(1788543448.377317) can0 03FF1000#0840112200000001
(1788543448.482307) can0 03FF1000#0840112200000001
(1788543448.587290) can0 03FF1000#0840112200000001
(1788543448.692321) can0 03FF1000#0840112200000001
(1788543448.797323) can0 03FF1000#0840112200000001
(1788543448.902304) can0 03FF1000#0840112200000001
(1788543449.007293) can0 03FF1000#0840112200000001
(1788543449.112307) can0 03FF1000#0840112200000001
(1788543449.217321) can0 03FF1000#0840112200000001
(1788543449.322310) can0 03FF1000#0840112200000001
(1788543449.427309) can0 03FF1000#0840112200000001
(1788543449.532353) can0 03FF1000#0840112200000001
(1788543449.637294) can0 03FF1000#0840112200000001
(1788543449.742319) can0 03FF1000#0840112200000001
(1788543449.813144) can0 04FF3400#00000B1000000000
(1788543449.847307) can0 03FF1000#0840112200000001
(1788543449.952301) can0 03FF1000#0840112200000001
(1788543450.057348) can0 03FF1000#0840112200000001
(1788543450.162293) can0 03FF1000#0840112200000001
