(1788540019.697969) can0 03FF1000#0840112200000001
(1788540019.802962) can0 03FF1000#0840112200000001
(1788540019.858286) can0 04FF3603#0300000000000000
(1788540019.907992) can0 03FF1000#0840112200000001
(1788540019.908570) can0 04FF3400#000009B900000000
(1788540020.012981) can0 03FF1000#0840112200000001
(1788540020.117980) can0 03FF1000#0840112200000001
(1788540020.222983) can0 03FF1000#0840112200000001
(1788540020.327982) can0 03FF1000#0840112200000001
(1788540020.433002) can0 03FF1000#0840112200000001
(1788540020.538010) can0 03FF1000#0840112200000001
(1788540020.642997) can0 03FF1000#0840112200000001
(1788540020.748004) can0 03FF1000#0840112200000001
(1788540020.852992) can0 03FF1000#0840112200000001
(1788540020.958018) can0 03FF1000#0840112200000001
(1788540021.063032) can0 03FF1000#0840112200000001
(1788540021.168015) can0 03FF1000#0840112200000001
(1788540021.273060) can0 03FF1000#0840112200000001
(1788540021.378015) can0 03FF1000#0840112200000001
(1788540021.483041) can0 03FF1000#0840112200000001
(1788540021.588055) can0 03FF1000#0840112200000001
(1788540021.693037) can0 03FF1000#0840112200000001
(1788540021.798087) can0 03FF1000#0840112200000001
(1788540021.903038) can0 03FF1000#0840112200000001
(1788540022.008065) can0 03FF1000#0840112200000001
(1788540022.113074) can0 03FF1000#0840112200000001
(1788540022.218046) can0 03FF1000#0840112200000001
(1788540022.323099) can0 03FF1000#0840112200000001
(1788540022.428048) can0 03FF1000#0840112200000001
(1788540022.533075) can0 03FF1000#0840112200000001
(1788540022.638090) can0 03FF1000#0840112200000001
(1788540022.743070) can0 03FF1000#0840112200000001
(1788540022.848077) can0 03FF1000#0840112200000001
(1788540022.953071) can0 03FF1000#0840112200000001
(1788540023.058090) can0 03FF1000#0840112200000001
(1788540023.163112) can0 03FF1000#0840112200000001
(1788540023.268092) can0 03FF1000#0840112200000001
(1788540023.373082) can0 03FF1000#0840112200000001
(1788540023.478088) can0 03FF1000#0840112200000001
(1788540023.583108) can0 03FF1000#0840112200000001
(1788540023.688121) can0 03FF1000#0840112200000001
(1788540023.793121) can0 03FF1000#0840112200000001
(1788540023.898122) can0 03FF1000#0840112200000001
(1788540024.003112) can0 03FF1000#0840112200000001
(1788540024.108137) can0 03FF1000#0840112200000001
(1788540024.213144) can0 03FF1000#0840112200000001
(1788540024.318130) can0 03FF1000#0840112200000001
(1788540024.423126) can0 03FF1000#0840112200000001
(1788540024.528128) can0 03FF1000#0840112200000001
(1788540024.633179) can0 03FF1000#0840112200000001
(1788540024.738161) can0 03FF1000#0840112200000001
(1788540024.843155) can0 03FF1000#0840112200000001
(1788540024.948149) can0 03FF1000#0840112200000001
(1788540025.053150) can0 03FF1000#0840112200000001
(1788540025.158207) can0 03FF1000#0840112200000001
(1788540025.263182) can0 03FF1000#0840112200000001
(1788540025.368171) can0 03FF1000#0840112200000001
(1788540025.473165) can0 03FF1000#0840112200000001
(1788540025.578161) can0 03FF1000#0840112200000001
(1788540025.683224) can0 03FF1000#0840112200000001
(1788540025.788201) can0 03FF1000#0840112200000001
(1788540025.893189) can0 03FF1000#0840112200000001
(1788540025.998176) can0 03FF1000#0840112200000001
(1788540026.103192) can0 03FF1000#0840112200000001
(1788540026.208217) can0 03FF1000#0840112200000001
(1788540026.313211) can0 03FF1000#0840112200000001
(1788540026.418205) can0 03FF1000#0840112200000001
(1788540026.523192) can0 03FF1000#0840112200000001
(1788540026.628212) can0 03FF1000#0840112200000001
(1788540026.733238) can0 03FF1000#0840112200000001
(1788540026.838231) can0 03FF1000#0840112200000001
(1788540026.943227) can0 03FF1000#0840112200000001
(1788540027.048222) can0 03FF1000#0840112200000001
(1788540027.153230) can0 03FF1000#0840112200000001
(1788540027.258256) can0 03FF1000#0840112200000001
(1788540027.363256) can0 03FF1000#0840112200000001
(1788540027.468257) can0 03FF1000#0840112200000001
(1788540027.573237) can0 03FF1000#0840112200000001
(1788540027.678252) can0 03FF1000#0840112200000001
(1788540027.783239) can0 03FF1000#0840112200000001
(1788540027.888271) can0 03FF1000#0840112200000001
(1788540027.993324) can0 03FF1000#0840112200000001
(1788540028.098272) can0 03FF1000#0840112200000001
(1788540028.203262) can0 03FF1000#0840112200000001
(1788540028.308301) can0 03FF1000#0840112200000001
(1788540028.413295) can0 03FF1000#0840112200000001
(1788540028.518340) can0 03FF1000#0840112200000001
(1788540028.623270) can0 03FF1000#0840112200000001
(1788540028.728284) can0 03FF1000#0840112200000001
(1788540028.833311) can0 03FF1000#0840112200000001
(1788540028.938314) can0 03FF1000#0840112200000001
(1788540029.043326) can0 03FF1000#0840112200000001
(1788540029.148294) can0 03FF1000#0840112200000001
(1788540029.253301) can0 03FF1000#0840112200000001
(1788540029.358304) can0 03FF1000#0840112200000001
(1788540029.463334) can0 03FF1000#0840112200000001
(1788540029.568329) can0 03FF1000#0840112200000001
(1788540029.673317) can0 03FF1000#0840112200000001
(1788540029.778331) can0 03FF1000#0840112200000001
(1788540029.883350) can0 03FF1000#0840112200000001
(1788540029.908326) can0 04FF3400#000009BA00000000
(1788540029.988344) can0 03FF1000#0840112200000001
(1788540030.093353) can0 03FF1000#0840112200000001
(1788540030.198342) can0 03FF1000#0840112200000001
(1788540030.303347) can0 03FF1000#0840112200000001
(1788540030.408360) can0 03FF1000#0840112200000001
(1788540030.513362) can0 03FF1000#0840112200000001
(1788540030.618361) can0 03FF1000#0840112200000001
(1788540030.723349) can0 03FF1000#0840112200000001
(1788540030.828413) can0 03FF1000#0840112200000001
(1788540030.933370) can0 03FF1000#0840112200000001
(1788540031.038384) can0 03FF1000#0840112200000001
(1788540031.143385) can0 03FF1000#0840112200000001
(1788540031.248385) can0 03FF1000#0840112200000001
(1788540031.353437) can0 03FF1000#0840112200000001
(1788540031.458373) can0 03FF1000#0840112200000001
(1788540031.563413) can0 03FF1000#0840112200000001
(1788540031.668406) can0 03FF1000#0840112200000001
(1788540031.773395) can0 03FF1000#0840112200000001
(1788540031.878447) can0 03FF1000#0840112200000001
(1788540031.983403) can0 03FF1000#0840112200000001
(1788540032.088431) can0 03FF1000#0840112200000001
(1788540032.193424) can0 03FF1000#0840112200000001
(1788540032.298412) can0 03FF1000#0840112200000001
(1788540032.403419) can0 03FF1000#0840112200000001
(1788540032.508425) can0 03FF1000#0840112200000001
(1788540032.613446) can0 03FF1000#0840112200000001
(1788540032.718447) can0 03FF1000#0840112200000001
(1788540032.823435) can0 03FF1000#0840112200000001
(1788540032.928440) can0 03FF1000#0840112200000001
(1788540033.033438) can0 03FF1000#0840112200000001
(1788540033.138464) can0 03FF1000#0840112200000001
(1788540033.243470) can0 03FF1000#0840112200000001
(1788540033.348454) can0 03FF1000#0840112200000001
(1788540033.453446) can0 03FF1000#0840112200000001
(1788540033.558459) can0 03FF1000#0840112200000001
(1788540033.663479) can0 03FF1000#0840112200000001
(1788540033.768480) can0 03FF1000#0840112200000001
(1788540033.873468) can0 03FF1000#0840112200000001
(1788540033.978482) can0 03FF1000#0840112200000001
(1788540034.083484) can0 03FF1000#0840112200000001
(1788540034.188527) can0 03FF1000#0840112200000001
(1788540034.293516) can0 03FF1000#0840112200000001
(1788540034.398491) can0 03FF1000#0840112200000001
(1788540034.503497) can0 03FF1000#0840112200000001
(1788540034.608502) can0 03FF1000#0840112200000001
(1788540034.713551) can0 03FF1000#0840112200000001
(1788540034.818525) can0 03FF1000#0840112200000001
(1788540034.923514) can0 03FF1000#0840112200000001
(1788540035.028508) can0 03FF1000#0840112200000001
(1788540035.133509) can0 03FF1000#0840112200000001
(1788540035.238561) can0 03FF1000#0840112200000001
(1788540035.343536) can0 03FF1000#0840112200000001
(1788540035.448541) can0 03FF1000#0840112200000001
(1788540035.553531) can0 03FF1000#0840112200000001
(1788540035.658526) can0 03FF1000#0840112200000001
(1788540035.763564) can0 03FF1000#0840112200000001
(1788540035.868549) can0 03FF1000#0840112200000001
(1788540035.973541) can0 03FF1000#0840112200000001
(1788540036.078548) can0 03FF1000#0840112200000001
(1788540036.183561) can0 03FF1000#0840112200000001
(1788540036.288575) can0 03FF1000#0840112200000001
(1788540036.393575) can0 03FF1000#0840112200000001
(1788540036.498562) can0 03FF1000#0840112200000001
(1788540036.603570) can0 03FF1000#0840112200000001
(1788540036.708566) can0 03FF1000#0840112200000001
(1788540036.813591) can0 03FF1000#0840112200000001
(1788540036.918597) can0 03FF1000#0840112200000001
(1788540037.023599) can0 03FF1000#0840112200000001
(1788540037.128597) can0 03FF1000#0840112200000001
(1788540037.233594) can0 03FF1000#0840112200000001
(1788540037.338607) can0 03FF1000#0840112200000001
(1788540037.443621) can0 03FF1000#0840112200000001
(1788540037.548660) can0 03FF1000#0840112200000001
(1788540037.653605) can0 03FF1000#0840112200000001
(1788540037.758600) can0 03FF1000#0840112200000001
(1788540037.863643) can0 03FF1000#0840112200000001
(1788540037.968637) can0 03FF1000#0840112200000001
(1788540038.073690) can0 03FF1000#0840112200000001
(1788540038.178629) can0 03FF1000#0840112200000001
(1788540038.283629) can0 03FF1000#0840112200000001
(1788540038.388652) can0 03FF1000#0840112200000001
(1788540038.493661) can0 03FF1000#0840112200000001
(1788540038.598649) can0 03FF1000#0840112200000001
(1788540038.703650) can0 03FF1000#0840112200000001
(1788540038.808644) can0 03FF1000#0840112200000001
(1788540038.913663) can0 03FF1000#0840112200000001
(1788540039.018670) can0 03FF1000#0840112200000001
(1788540039.123665) can0 03FF1000#0840112200000001
(1788540039.228663) can0 03FF1000#0840112200000001
(1788540039.333667) can0 03FF1000#0840112200000001
(1788540039.438687) can0 03FF1000#0840112200000001
(1788540039.543687) can0 03FF1000#0840112200000001
(1788540039.648692) can0 03FF1000#0840112200000001
(1788540039.753670) can0 03FF1000#0840112200000001
(1788540039.858676) can0 03FF1000#0840112200000001
(1788540039.908375) can0 04FF3400#000009BB00000000
(1788540039.963691) can0 03FF1000#0840112200000001
(1788540040.068717) can0 03FF1000#0840112200000001
(1788540040.173705) can0 03FF1000#0840112200000001
(1788540040.278699) can0 03FF1000#0840112200000001
(1788540040.383756) can0 03FF1000#0840112200000001
(1788540040.488726) can0 03FF1000#0840112200000001
(1788540040.593733) can0 03FF1000#0840112200000001
(1788540040.698713) can0 03FF1000#0840112200000001
(1788540040.803731) can0 03FF1000#0840112200000001
(1788540040.908761) can0 03FF1000#0840112200000001
(1788540041.013716) can0 03FF1000#0840112200000001
(1788540041.118756) can0 03FF1000#0840112200000001
(1788540041.223751) can0 03FF1000#0840112200000001
(1788540041.328738) can0 03FF1000#0840112200000001
(1788540041.433803) can0 03FF1000#0840112200000001
(1788540041.538771) can0 03FF1000#0840112200000001
(1788540041.643764) can0 03FF1000#0840112200000001
(1788540041.748772) can0 03FF1000#0840112200000001
(1788540041.853755) can0 03FF1000#0840112200000001
(1788540041.958761) can0 03FF1000#0840112200000001
(1788540042.063778) can0 03FF1000#0840112200000001
(1788540042.168785) can0 03FF1000#0840112200000001
(1788540042.273791) can0 03FF1000#0840112200000001
(1788540042.378772) can0 03FF1000#0840112200000001
(1788540042.483785) can0 03FF1000#0840112200000001
(1788540042.588805) can0 03FF1000#0840112200000001
(1788540042.693799) can0 03FF1000#0840112200000001
(1788540042.798807) can0 03FF1000#0840112200000001
(1788540042.903781) can0 03FF1000#0840112200000001
(1788540043.008800) can0 03FF1000#0840112200000001
(1788540043.113814) can0 03FF1000#0840112200000001
(1788540043.218834) can0 03FF1000#0840112200000001
(1788540043.323825) can0 03FF1000#0840112200000001
(1788540043.428816) can0 03FF1000#0840112200000001
(1788540043.533818) can0 03FF1000#0840112200000001
(1788540043.638818) can0 03FF1000#0840112200000001
(1788540043.743883) can0 03FF1000#0840112200000001
(1788540043.848840) can0 03FF1000#0840112200000001
(1788540043.953839) can0 03FF1000#0840112200000001
(1788540044.058841) can0 03FF1000#0840112200000001
(1788540044.163836) can0 03FF1000#0840112200000001
(1788540044.268899) can0 03FF1000#0840112200000001
(1788540044.373861) can0 03FF1000#0840112200000001
(1788540044.478862) can0 03FF1000#0840112200000001
(1788540044.583850) can0 03FF1000#0840112200000001
(1788540044.688864) can0 03FF1000#0840112200000001
(1788540044.793903) can0 03FF1000#0840112200000001
(1788540044.898891) can0 03FF1000#0840112200000001
(1788540045.003878) can0 03FF1000#0840112200000001
(1788540045.108881) can0 03FF1000#0840112200000001
(1788540045.213881) can0 03FF1000#0840112200000001
(1788540045.318901) can0 03FF1000#0840112200000001
(1788540045.423914) can0 03FF1000#0840112200000001
(1788540045.528890) can0 03FF1000#0840112200000001
(1788540045.633890) can0 03FF1000#0840112200000001
(1788540045.738897) can0 03FF1000#0840112200000001
(1788540045.843920) can0 03FF1000#0840112200000001
(1788540045.948928) can0 03FF1000#0840112200000001
(1788540046.053927) can0 03FF1000#0840112200000001
(1788540046.158929) can0 03FF1000#0840112200000001
(1788540046.263935) can0 03FF1000#0840112200000001
(1788540046.368940) can0 03FF1000#0840112200000001
(1788540046.473947) can0 03FF1000#0840112200000001
(1788540046.578954) can0 03FF1000#0840112200000001
(1788540046.683962) can0 03FF1000#0840112200000001
(1788540046.788968) can0 03FF1000#0840112200000001
(1788540046.893976) can0 03FF1000#0840112200000001
(1788540046.998984) can0 03FF1000#0840112200000001
(1788540047.103998) can0 03FF1000#0840112200000001
(1788540047.208997) can0 03FF1000#0840112200000001
(1788540047.314004) can0 03FF1000#0840112200000001
(1788540047.419011) can0 03FF1000#0840112200000001
(1788540047.524018) can0 03FF1000#0840112200000001
(1788540047.629025) can0 03FF1000#0840112200000001
(1788540047.733964) can0 03FF1000#0840112200000001
(1788540047.838971) can0 03FF1000#0840112200000001
(1788540047.943985) can0 03FF1000#0840112200000001
(1788540048.049054) can0 03FF1000#0840112200000001
(1788540048.153998) can0 03FF1000#0840112200000001
(1788540048.258992) can0 03FF1000#0840112200000001
(1788540048.363985) can0 03FF1000#0840112200000001
(1788540048.469083) can0 03FF1000#0840112200000001
(1788540048.574021) can0 03FF1000#0840112200000001
(1788540048.679015) can0 03FF1000#0840112200000001
(1788540048.784005) can0 03FF1000#0840112200000001
(1788540048.889011) can0 03FF1000#0840112200000001
(1788540048.994038) can0 03FF1000#0840112200000001
(1788540049.099038) can0 03FF1000#0840112200000001
(1788540049.204017) can0 03FF1000#0840112200000001
(1788540049.309014) can0 03FF1000#0840112200000001
(1788540049.414040) can0 03FF1000#0840112200000001
(1788540049.519061) can0 03FF1000#0840112200000001
(1788540049.624050) can0 03FF1000#0840112200000001
(1788540049.729043) can0 03FF1000#0840112200000001
(1788540049.834050) can0 03FF1000#0840112200000001
(1788540049.908453) can0 04FF3400#000009BC00000000
(1788540049.939107) can0 03FF1000#0840112200000001
(1788540050.044070) can0 03FF1000#0840112200000001
(1788540050.149087) can0 03FF1000#0840112200000001
(1788540050.254073) can0 03FF1000#0840112200000001
(1788540050.359058) can0 03FF1000#0840112200000001
(1788540050.464118) can0 03FF1000#0840112200000001
(1788540050.569080) can0 03FF1000#0840112200000001
(1788540050.674093) can0 03FF1000#0840112200000001
(1788540050.779088) can0 03FF1000#0840112200000001
(1788540050.884075) can0 03FF1000#0840112200000001
(1788540050.989127) can0 03FF1000#0840112200000001
(1788540051.094109) can0 03FF1000#0840112200000001
(1788540051.199122) can0 03FF1000#0840112200000001
(1788540051.304103) can0 03FF1000#0840112200000001
(1788540051.409104) can0 03FF1000#0840112200000001
(1788540051.514105) can0 03FF1000#0840112200000001
(1788540051.619119) can0 03FF1000#0840112200000001
(1788540051.724126) can0 03FF1000#0840112200000001
(1788540051.829126) can0 03FF1000#0840112200000001
(1788540051.934114) can0 03FF1000#0840112200000001
(1788540052.039113) can0 03FF1000#0840112200000001
(1788540052.144141) can0 03FF1000#0840112200000001
(1788540052.249155) can0 03FF1000#0840112200000001
(1788540052.354136) can0 03FF1000#0840112200000001
(1788540052.459137) can0 03FF1000#0840112200000001
(1788540052.564139) can0 03FF1000#0840112200000001
(1788540052.669171) can0 03FF1000#0840112200000001
(1788540052.774178) can0 03FF1000#0840112200000001
(1788540052.879160) can0 03FF1000#0840112200000001
(1788540052.984148) can0 03FF1000#0840112200000001
(1788540053.089162) can0 03FF1000#0840112200000001
(1788540053.194149) can0 03FF1000#0840112200000001
(1788540053.299213) can0 03FF1000#0840112200000001
(1788540053.404176) can0 03FF1000#0840112200000001
(1788540053.509177) can0 03FF1000#0840112200000001
(1788540053.614172) can0 03FF1000#0840112200000001
(1788540053.719178) can0 03FF1000#0840112200000001
(1788540053.824236) can0 03FF1000#0840112200000001
(1788540053.929205) can0 03FF1000#0840112200000001
(1788540054.034199) can0 03FF1000#0840112200000001
(1788540054.139195) can0 03FF1000#0840112200000001
(1788540054.244223) can0 03FF1000#0840112200000001
(1788540054.349247) can0 03FF1000#0840112200000001
(1788540054.454222) can0 03FF1000#0840112200000001
(1788540054.559208) can0 03FF1000#0840112200000001
(1788540054.664218) can0 03FF1000#0840112200000001
(1788540054.769211) can0 03FF1000#0840112200000001
(1788540054.874245) can0 03FF1000#0840112200000001
(1788540054.979237) can0 03FF1000#0840112200000001
(1788540055.084239) can0 03FF1000#0840112200000001
(1788540055.189239) can0 03FF1000#0840112200000001
(1788540055.294259) can0 03FF1000#0840112200000001
(1788540055.399254) can0 03FF1000#0840112200000001
(1788540055.504253) can0 03FF1000#0840112200000001
(1788540055.609256) can0 03FF1000#0840112200000001
(1788540055.714250) can0 03FF1000#0840112200000001
(1788540055.819252) can0 03FF1000#0840112200000001
(1788540055.924283) can0 03FF1000#0840112200000001
(1788540056.029277) can0 03FF1000#0840112200000001
(1788540056.134278) can0 03FF1000#0840112200000001
(1788540056.239272) can0 03FF1000#0840112200000001
(1788540056.344273) can0 03FF1000#0840112200000001
(1788540056.449293) can0 03FF1000#0840112200000001
(1788540056.554301) can0 03FF1000#0840112200000001
(1788540056.659339) can0 03FF1000#0840112200000001
(1788540056.764308) can0 03FF1000#0840112200000001
(1788540056.869309) can0 03FF1000#0840112200000001
(1788540056.974326) can0 03FF1000#0840112200000001
(1788540057.079323) can0 03FF1000#0840112200000001
(1788540057.184370) can0 03FF1000#0840112200000001
(1788540057.289325) can0 03FF1000#0840112200000001
(1788540057.394320) can0 03FF1000#0840112200000001
(1788540057.499345) can0 03FF1000#0840112200000001
(1788540057.604340) can0 03FF1000#0840112200000001
(1788540057.709347) can0 03FF1000#0840112200000001
(1788540057.814318) can0 03FF1000#0840112200000001
(1788540057.919355) can0 03FF1000#0840112200000001
(1788540058.024348) can0 03FF1000#0840112200000001
(1788540058.129355) can0 03FF1000#0840112200000001
(1788540058.234345) can0 03FF1000#0840112200000001
(1788540058.339345) can0 03FF1000#0840112200000001
(1788540058.444358) can0 03FF1000#0840112200000001
(1788540058.549384) can0 03FF1000#0840112200000001
(1788540058.654378) can0 03FF1000#0840112200000001
(1788540058.759374) can0 03FF1000#0840112200000001
(1788540058.864368) can0 03FF1000#0840112200000001
(1788540058.969368) can0 03FF1000#0840112200000001
(1788540059.074389) can0 03FF1000#0840112200000001
(1788540059.179396) can0 03FF1000#0840112200000001
(1788540059.284376) can0 03FF1000#0840112200000001
(1788540059.389390) can0 03FF1000#0840112200000001
(1788540059.494443) can0 03FF1000#0840112200000001
(1788540059.599418) can0 03FF1000#0840112200000001
(1788540059.704418) can0 03FF1000#0840112200000001
(1788540059.809406) can0 03FF1000#0840112200000001
(1788540059.908477) can0 04FF3400#000009BD00000000
(1788540059.914413) can0 03FF1000#0840112200000001
(1788540060.019452) can0 03FF1000#0840112200000001
(1788540060.124441) can0 03FF1000#0840112200000001
(1788540060.229437) can0 03FF1000#0840112200000001
(1788540060.334417) can0 03FF1000#0840112200000001
(1788540060.439431) can0 03FF1000#0840112200000001
(1788540060.544484) can0 03FF1000#0840112200000001
(1788540060.649460) can0 03FF1000#0840112200000001
(1788540060.754452) can0 03FF1000#0840112200000001
(1788540060.859446) can0 03FF1000#0840112200000001
(1788540060.964447) can0 03FF1000#0840112200000001
(1788540061.069461) can0 03FF1000#0840112200000001
(1788540061.174480) can0 03FF1000#0840112200000001
(1788540061.279472) can0 03FF1000#0840112200000001
(1788540061.384458) can0 03FF1000#0840112200000001
(1788540061.489453) can0 03FF1000#0840112200000001
(1788540061.594471) can0 03FF1000#0840112200000001
(1788540061.699497) can0 03FF1000#0840112200000001
(1788540061.804504) can0 03FF1000#0840112200000001
(1788540061.909478) can0 03FF1000#0840112200000001
(1788540062.014487) can0 03FF1000#0840112200000001
(1788540062.119490) can0 03FF1000#0840112200000001
(1788540062.224515) can0 03FF1000#0840112200000001
(1788540062.329521) can0 03FF1000#0840112200000001
(1788540062.434495) can0 03FF1000#0840112200000001
(1788540062.539503) can0 03FF1000#0840112200000001
(1788540062.644503) can0 03FF1000#0840112200000001
(1788540062.749526) can0 03FF1000#0840112200000001
(1788540062.854556) can0 03FF1000#0840112200000001
(1788540062.959525) can0 03FF1000#0840112200000001
(1788540063.064520) can0 03FF1000#0840112200000001
(1788540063.169519) can0 03FF1000#0840112200000001
(1788540063.274553) can0 03FF1000#0840112200000001
(1788540063.379605) can0 03FF1000#0840112200000001
(1788540063.484535) can0 03FF1000#0840112200000001
(1788540063.589536) can0 03FF1000#0840112200000001
(1788540063.694537) can0 03FF1000#0840112200000001
(1788540063.799575) can0 03FF1000#0840112200000001
(1788540063.904583) can0 03FF1000#0840112200000001
(1788540064.009557) can0 03FF1000#0840112200000001
(1788540064.114553) can0 03FF1000#0840112200000001
(1788540064.219565) can0 03FF1000#0840112200000001
(1788540064.324599) can0 03FF1000#0840112200000001
(1788540064.429579) can0 03FF1000#0840112200000001
(1788540064.534580) can0 03FF1000#0840112200000001
(1788540064.639574) can0 03FF1000#0840112200000001
(1788540064.744575) can0 03FF1000#0840112200000001
(1788540064.849609) can0 03FF1000#0840112200000001
(1788540064.954596) can0 03FF1000#0840112200000001
(1788540065.059610) can0 03FF1000#0840112200000001
(1788540065.164598) can0 03FF1000#0840112200000001
(1788540065.269595) can0 03FF1000#0840112200000001
(1788540065.374631) can0 03FF1000#0840112200000001
(1788540065.479632) can0 03FF1000#0840112200000001
(1788540065.584620) can0 03FF1000#0840112200000001
(1788540065.689672) can0 03FF1000#0840112200000001
(1788540065.794621) can0 03FF1000#0840112200000001
(1788540065.899641) can0 03FF1000#0840112200000001
(1788540066.004644) can0 03FF1000#0840112200000001
(1788540066.109653) can0 03FF1000#0840112200000001
(1788540066.214677) can0 03FF1000#0840112200000001
(1788540066.319638) can0 03FF1000#0840112200000001
(1788540066.424671) can0 03FF1000#0840112200000001
(1788540066.529658) can0 03FF1000#0840112200000001
(1788540066.634658) can0 03FF1000#0840112200000001
(1788540066.739711) can0 03FF1000#0840112200000001
(1788540066.844661) can0 03FF1000#0840112200000001
(1788540066.949681) can0 03FF1000#0840112200000001
(1788540067.054675) can0 03FF1000#0840112200000001
(1788540067.159682) can0 03FF1000#0840112200000001
(1788540067.264670) can0 03FF1000#0840112200000001
(1788540067.369690) can0 03FF1000#0840112200000001
(1788540067.474697) can0 03FF1000#0840112200000001
(1788540067.579704) can0 03FF1000#0840112200000001
(1788540067.684698) can0 03FF1000#0840112200000001
(1788540067.789683) can0 03FF1000#0840112200000001
(1788540067.894686) can0 03FF1000#0840112200000001
(1788540067.999695) can0 03FF1000#0840112200000001
(1788540068.104721) can0 03FF1000#0840112200000001
(1788540068.209704) can0 03FF1000#0840112200000001
(1788540068.314716) can0 03FF1000#0840112200000001
(1788540068.419717) can0 03FF1000#0840112200000001
(1788540068.524737) can0 03FF1000#0840112200000001
(1788540068.629743) can0 03FF1000#0840112200000001
(1788540068.734731) can0 03FF1000#0840112200000001
(1788540068.839720) can0 03FF1000#0840112200000001
(1788540068.944727) can0 03FF1000#0840112200000001
(1788540069.049783) can0 03FF1000#0840112200000001
(1788540069.154761) can0 03FF1000#0840112200000001
(1788540069.259755) can0 03FF1000#0840112200000001
(1788540069.364749) can0 03FF1000#0840112200000001
(1788540069.469745) can0 03FF1000#0840112200000001
(1788540069.574802) can0 03FF1000#0840112200000001
(1788540069.679783) can0 03FF1000#0840112200000001
(1788540069.784771) can0 03FF1000#0840112200000001
(1788540069.889758) can0 03FF1000#0840112200000001
(1788540069.908543) can0 04FF3400#000009BE00000000
(1788540069.994772) can0 03FF1000#0840112200000001
(1788540070.099826) can0 03FF1000#0840112200000001
(1788540070.204795) can0 03FF1000#0840112200000001
(1788540070.309800) can0 03FF1000#0840112200000001
(1788540070.414776) can0 03FF1000#0840112200000001
(1788540070.519788) can0 03FF1000#0840112200000001
(1788540070.624807) can0 03FF1000#0840112200000001
(1788540070.729810) can0 03FF1000#0840112200000001
(1788540070.834822) can0 03FF1000#0840112200000001
(1788540070.939798) can0 03FF1000#0840112200000001
(1788540071.044805) can0 03FF1000#0840112200000001
(1788540071.149831) can0 03FF1000#0840112200000001
(1788540071.254832) can0 03FF1000#0840112200000001
(1788540071.359827) can0 03FF1000#0840112200000001
(1788540071.464818) can0 03FF1000#0840112200000001
(1788540071.569829) can0 03FF1000#0840112200000001
(1788540071.674816) can0 03FF1000#0840112200000001
(1788540071.779862) can0 03FF1000#0840112200000001
(1788540071.884855) can0 03FF1000#0840112200000001
(1788540071.989844) can0 03FF1000#0840112200000001
(1788540072.094845) can0 03FF1000#0840112200000001
(1788540072.199846) can0 03FF1000#0840112200000001
(1788540072.304872) can0 03FF1000#0840112200000001
(1788540072.409923) can0 03FF1000#0840112200000001
(1788540072.514860) can0 03FF1000#0840112200000001
(1788540072.619861) can0 03FF1000#0840112200000001
(1788540072.724858) can0 03FF1000#0840112200000001
(1788540072.829900) can0 03FF1000#0840112200000001
(1788540072.934933) can0 03FF1000#0840112200000001
(1788540073.039883) can0 03FF1000#0840112200000001
(1788540073.144871) can0 03FF1000#0840112200000001
(1788540073.249897) can0 03FF1000#0840112200000001
(1788540073.354904) can0 03FF1000#0840112200000001
(1788540073.459911) can0 03FF1000#0840112200000001
(1788540073.564893) can0 03FF1000#0840112200000001
(1788540073.669900) can0 03FF1000#0840112200000001
(1788540073.774913) can0 03FF1000#0840112200000001
(1788540073.879920) can0 03FF1000#0840112200000001
(1788540073.984936) can0 03FF1000#0840112200000001
(1788540074.089930) can0 03FF1000#0840112200000001
(1788540074.194918) can0 03FF1000#0840112200000001
(1788540074.299924) can0 03FF1000#0840112200000001
(1788540074.404941) can0 03FF1000#0840112200000001
(1788540074.509950) can0 03FF1000#0840112200000001
(1788540074.614946) can0 03FF1000#0840112200000001
(1788540074.719940) can0 03FF1000#0840112200000001
(1788540074.824934) can0 03FF1000#0840112200000001
(1788540074.929968) can0 03FF1000#0840112200000001
(1788540075.034981) can0 03FF1000#0840112200000001
(1788540075.139962) can0 03FF1000#0840112200000001
(1788540075.245014) can0 03FF1000#0840112200000001
(1788540075.349957) can0 03FF1000#0840112200000001
(1788540075.454989) can0 03FF1000#0840112200000001
(1788540075.559984) can0 03FF1000#0840112200000001
(1788540075.664974) can0 03FF1000#0840112200000001
(1788540075.770030) can0 03FF1000#0840112200000001
(1788540075.874980) can0 03FF1000#0840112200000001
(1788540075.980009) can0 03FF1000#0840112200000001
(1788540076.085009) can0 03FF1000#0840112200000001
(1788540076.190002) can0 03FF1000#0840112200000001
(1788540076.295040) can0 03FF1000#0840112200000001
(1788540076.400015) can0 03FF1000#0840112200000001
(1788540076.505015) can0 03FF1000#0840112200000001
(1788540076.610036) can0 03FF1000#0840112200000001
(1788540076.715017) can0 03FF1000#0840112200000001
(1788540076.820024) can0 03FF1000#0840112200000001
(1788540076.925012) can0 03FF1000#0840112200000001
(1788540077.030039) can0 03FF1000#0840112200000001
(1788540077.135052) can0 03FF1000#0840112200000001
(1788540077.240040) can0 03FF1000#0840112200000001
(1788540077.345041) can0 03FF1000#0840112200000001
(1788540077.450048) can0 03FF1000#0840112200000001
(1788540077.555061) can0 03FF1000#0840112200000001
(1788540077.660069) can0 03FF1000#0840112200000001
(1788540077.765069) can0 03FF1000#0840112200000001
(1788540077.870077) can0 03FF1000#0840112200000001
(1788540077.975084) can0 03FF1000#0840112200000001
(1788540078.080091) can0 03FF1000#0840112200000001
(1788540078.185100) can0 03FF1000#0840112200000001
(1788540078.290106) can0 03FF1000#0840112200000001
(1788540078.395111) can0 03FF1000#0840112200000001
(1788540078.500118) can0 03FF1000#0840112200000001
(1788540078.605126) can0 03FF1000#0840112200000001
(1788540078.710133) can0 03FF1000#0840112200000001
(1788540078.815140) can0 03FF1000#0840112200000001
(1788540078.898732) can0 02294609#
(1788540078.899610) can0 05124609#0100037003E800
(1788540078.920072) can0 03FF1000#0840112200000001
(1788540079.025153) can0 03FF1000#0840112200000001
(1788540079.130161) can0 03FF1000#0840112200000001
(1788540079.235168) can0 03FF1000#0840112200000001
(1788540079.340107) can0 03FF1000#0840112200000001
(1788540079.445102) can0 03FF1000#0840112200000001
(1788540079.550108) can0 03FF1000#0840112200000001
(1788540079.655197) can0 03FF1000#0840112200000001
(1788540079.760142) can0 03FF1000#0840112200000001
(1788540079.858601) can0 04FF3603#0300000000000000
(1788540079.865136) can0 03FF1000#0840112200000001
(1788540079.908587) can0 04FF3400#000009BF00000000
(1788540079.970130) can0 03FF1000#0840112200000001
(1788540080.075125) can0 03FF1000#0840112200000001
(1788540080.180158) can0 03FF1000#0840112200000001
(1788540080.285165) can0 03FF1000#0840112200000001
(1788540080.390152) can0 03FF1000#0840112200000001
(1788540080.495140) can0 03FF1000#0840112200000001
(1788540080.600161) can0 03FF1000#0840112200000001
(1788540080.705174) can0 03FF1000#0840112200000001
(1788540080.810175) can0 03FF1000#0840112200000001
(1788540080.915176) can0 03FF1000#0840112200000001
(1788540081.020164) can0 03FF1000#0840112200000001
(1788540081.125152) can0 03FF1000#0840112200000001
(1788540081.230198) can0 03FF1000#0840112200000001
(1788540081.335197) can0 03FF1000#0840112200000001
(1788540081.440192) can0 03FF1000#0840112200000001
(1788540081.545184) can0 03FF1000#0840112200000001
(1788540081.650181) can0 03FF1000#0840112200000001
(1788540081.755208) can0 03FF1000#0840112200000001
(1788540081.860203) can0 03FF1000#0840112200000001
(1788540081.965272) can0 03FF1000#0840112200000001
(1788540082.070214) can0 03FF1000#0840112200000001
(1788540082.175214) can0 03FF1000#0840112200000001
(1788540082.280213) can0 03FF1000#0840112200000001
(1788540082.385231) can0 03FF1000#0840112200000001
(1788540082.490284) can0 03FF1000#0840112200000001
(1788540082.595230) can0 03FF1000#0840112200000001
(1788540082.700233) can0 03FF1000#0840112200000001
(1788540082.805254) can0 03FF1000#0840112200000001
(1788540082.910248) can0 03FF1000#0840112200000001
(1788540083.015256) can0 03FF1000#0840112200000001
(1788540083.120251) can0 03FF1000#0840112200000001
(1788540083.225246) can0 03FF1000#0840112200000001
(1788540083.330270) can0 03FF1000#0840112200000001
(1788540083.435271) can0 03FF1000#0840112200000001
(1788540083.540262) can0 03FF1000#0840112200000001
(1788540083.645275) can0 03FF1000#0840112200000001
(1788540083.750261) can0 03FF1000#0840112200000001
(1788540083.855300) can0 03FF1000#0840112200000001
(1788540083.960278) can0 03FF1000#0840112200000001
(1788540084.065282) can0 03FF1000#0840112200000001
(1788540084.170285) can0 03FF1000#0840112200000001
(1788540084.275282) can0 03FF1000#0840112200000001
(1788540084.380309) can0 03FF1000#0840112200000001
(1788540084.485303) can0 03FF1000#0840112200000001
(1788540084.590306) can0 03FF1000#0840112200000001
(1788540084.695295) can0 03FF1000#0840112200000001
(1788540084.800342) can0 03FF1000#0840112200000001
(1788540084.905300) can0 03FF1000#0840112200000001
(1788540085.010339) can0 03FF1000#0840112200000001
(1788540085.115336) can0 03FF1000#0840112200000001
(1788540085.220311) can0 03FF1000#0840112200000001
(1788540085.325373) can0 03FF1000#0840112200000001
(1788540085.430322) can0 03FF1000#0840112200000001
(1788540085.535336) can0 03FF1000#0840112200000001
(1788540085.640352) can0 03FF1000#0840112200000001
(1788540085.745336) can0 03FF1000#0840112200000001
(1788540085.850393) can0 03FF1000#0840112200000001
(1788540085.955339) can0 03FF1000#0840112200000001
(1788540086.060358) can0 03FF1000#0840112200000001
(1788540086.165376) can0 03FF1000#0840112200000001
(1788540086.270369) can0 03FF1000#0840112200000001
(1788540086.375355) can0 03FF1000#0840112200000001
(1788540086.480365) can0 03FF1000#0840112200000001
(1788540086.585384) can0 03FF1000#0840112200000001
(1788540086.690384) can0 03FF1000#0840112200000001
(1788540086.795385) can0 03FF1000#0840112200000001
(1788540086.900377) can0 03FF1000#0840112200000001
(1788540087.005372) can0 03FF1000#0840112200000001
(1788540087.110402) can0 03FF1000#0840112200000001
(1788540087.215394) can0 03FF1000#0840112200000001
(1788540087.320381) can0 03FF1000#0840112200000001
(1788540087.425387) can0 03FF1000#0840112200000001
(1788540087.530401) can0 03FF1000#0840112200000001
(1788540087.635418) can0 03FF1000#0840112200000001
(1788540087.740420) can0 03FF1000#0840112200000001
(1788540087.845416) can0 03FF1000#0840112200000001
(1788540087.950410) can0 03FF1000#0840112200000001
(1788540088.055424) can0 03FF1000#0840112200000001
(1788540088.160478) can0 03FF1000#0840112200000001
(1788540088.265452) can0 03FF1000#0840112200000001
(1788540088.370439) can0 03FF1000#0840112200000001
(1788540088.475433) can0 03FF1000#0840112200000001
(1788540088.580440) can0 03FF1000#0840112200000001
(1788540088.685496) can0 03FF1000#0840112200000001
(1788540088.790463) can0 03FF1000#0840112200000001
(1788540088.895443) can0 03FF1000#0840112200000001
(1788540089.000451) can0 03FF1000#0840112200000001
(1788540089.105452) can0 03FF1000#0840112200000001
(1788540089.210491) can0 03FF1000#0840112200000001
(1788540089.315484) can0 03FF1000#0840112200000001
(1788540089.420472) can0 03FF1000#0840112200000001
(1788540089.525465) can0 03FF1000#0840112200000001
(1788540089.630482) can0 03FF1000#0840112200000001
(1788540089.735502) can0 03FF1000#0840112200000001
(1788540089.840500) can0 03FF1000#0840112200000001
(1788540089.908665) can0 04FF3400#000009C000000000
(1788540089.945489) can0 03FF1000#0840112200000001
(1788540090.050495) can0 03FF1000#0840112200000001
(1788540090.155501) can0 03FF1000#0840112200000001
(1788540090.260519) can0 03FF1000#0840112200000001
(1788540090.365517) can0 03FF1000#0840112200000001
(1788540090.470518) can0 03FF1000#0840112200000001
(1788540090.575501) can0 03FF1000#0840112200000001
(1788540090.680516) can0 03FF1000#0840112200000001
(1788540090.785540) can0 03FF1000#0840112200000001
(1788540090.890534) can0 03FF1000#0840112200000001
(1788540090.995516) can0 03FF1000#0840112200000001
(1788540091.100539) can0 03FF1000#0840112200000001
(1788540091.205538) can0 03FF1000#0840112200000001
(1788540091.310550) can0 03FF1000#0840112200000001
(1788540091.415555) can0 03FF1000#0840112200000001
(1788540091.520602) can0 03FF1000#0840112200000001
(1788540091.625554) can0 03FF1000#0840112200000001
(1788540091.730548) can0 03FF1000#0840112200000001
(1788540091.835567) can0 03FF1000#0840112200000001
(1788540091.940586) can0 03FF1000#0840112200000001
(1788540092.045618) can0 03FF1000#0840112200000001
(1788540092.150570) can0 03FF1000#0840112200000001
(1788540092.255573) can0 03FF1000#0840112200000001
(1788540092.360596) can0 03FF1000#0840112200000001
(1788540092.465596) can0 03FF1000#0840112200000001
(1788540092.570599) can0 03FF1000#0840112200000001
(1788540092.675582) can0 03FF1000#0840112200000001
(1788540092.780587) can0 03FF1000#0840112200000001
(1788540092.885612) can0 03FF1000#0840112200000001
(1788540092.990612) can0 03FF1000#0840112200000001
(1788540093.095603) can0 03FF1000#0840112200000001
(1788540093.200610) can0 03FF1000#0840112200000001
(1788540093.305614) can0 03FF1000#0840112200000001
(1788540093.410628) can0 03FF1000#0840112200000001
(1788540093.515633) can0 03FF1000#0840112200000001
(1788540093.620626) can0 03FF1000#0840112200000001
(1788540093.725626) can0 03FF1000#0840112200000001
(1788540093.830627) can0 03FF1000#0840112200000001
(1788540093.935643) can0 03FF1000#0840112200000001
(1788540094.040652) can0 03FF1000#0840112200000001
(1788540094.145649) can0 03FF1000#0840112200000001
(1788540094.250636) can0 03FF1000#0840112200000001
(1788540094.355699) can0 03FF1000#0840112200000001
(1788540094.460642) can0 03FF1000#0840112200000001
(1788540094.565671) can0 03FF1000#0840112200000001
(1788540094.670666) can0 03FF1000#0840112200000001
(1788540094.775652) can0 03FF1000#0840112200000001
(1788540094.880709) can0 03FF1000#0840112200000001
(1788540094.985684) can0 03FF1000#0840112200000001
(1788540095.090682) can0 03FF1000#0840112200000001
(1788540095.195675) can0 03FF1000#0840112200000001
(1788540095.300681) can0 03FF1000#0840112200000001
(1788540095.405731) can0 03FF1000#0840112200000001
(1788540095.510700) can0 03FF1000#0840112200000001
(1788540095.615717) can0 03FF1000#0840112200000001
(1788540095.720718) can0 03FF1000#0840112200000001
(1788540095.825698) can0 03FF1000#0840112200000001
(1788540095.930691) can0 03FF1000#0840112200000001
(1788540096.035706) can0 03FF1000#0840112200000001
(1788540096.140721) can0 03FF1000#0840112200000001
(1788540096.245733) can0 03FF1000#0840112200000001
(1788540096.350712) can0 03FF1000#0840112200000001
(1788540096.455712) can0 03FF1000#0840112200000001
(1788540096.560715) can0 03FF1000#0840112200000001
(1788540096.665751) can0 03FF1000#0840112200000001
(1788540096.770737) can0 03FF1000#0840112200000001
(1788540096.875729) can0 03FF1000#0840112200000001
(1788540096.980743) can0 03FF1000#0840112200000001
(1788540097.085759) can0 03FF1000#0840112200000001
(1788540097.190779) can0 03FF1000#0840112200000001
(1788540097.295768) can0 03FF1000#0840112200000001
(1788540097.400752) can0 03FF1000#0840112200000001
(1788540097.505746) can0 03FF1000#0840112200000001
(1788540097.610750) can0 03FF1000#0840112200000001
(1788540097.715815) can0 03FF1000#0840112200000001
(1788540097.820783) can0 03FF1000#0840112200000001
(1788540097.925769) can0 03FF1000#0840112200000001
(1788540098.030776) can0 03FF1000#0840112200000001
(1788540098.135780) can0 03FF1000#0840112200000001
(1788540098.240857) can0 03FF1000#0840112200000001
(1788540098.345791) can0 03FF1000#0840112200000001
(1788540098.450786) can0 03FF1000#0840112200000001
(1788540098.555792) can0 03FF1000#0840112200000001
(1788540098.660804) can0 03FF1000#0840112200000001
(1788540098.765840) can0 03FF1000#0840112200000001
(1788540098.870827) can0 03FF1000#0840112200000001
(1788540098.975808) can0 03FF1000#0840112200000001
(1788540099.080824) can0 03FF1000#0840112200000001
(1788540099.185825) can0 03FF1000#0840112200000001
(1788540099.290844) can0 03FF1000#0840112200000001
(1788540099.395837) can0 03FF1000#0840112200000001
(1788540099.500838) can0 03FF1000#0840112200000001
(1788540099.605829) can0 03FF1000#0840112200000001
(1788540099.710836) can0 03FF1000#0840112200000001
(1788540099.815858) can0 03FF1000#0840112200000001
(1788540099.908706) can0 04FF3400#000009C100000000
(1788540099.920865) can0 03FF1000#0840112200000001
(1788540100.025854) can0 03FF1000#0840112200000001
(1788540100.130844) can0 03FF1000#0840112200000001
(1788540100.235851) can0 03FF1000#0840112200000001
(1788540100.340875) can0 03FF1000#0840112200000001
(1788540100.445882) can0 03FF1000#0840112200000001
(1788540100.550864) can0 03FF1000#0840112200000001
(1788540100.655869) can0 03FF1000#0840112200000001
(1788540100.760881) can0 03FF1000#0840112200000001
(1788540100.865892) can0 03FF1000#0840112200000001
(1788540100.970896) can0 03FF1000#0840112200000001
(1788540101.075940) can0 03FF1000#0840112200000001
(1788540101.180884) can0 03FF1000#0840112200000001
(1788540101.285895) can0 03FF1000#0840112200000001
(1788540101.390918) can0 03FF1000#0840112200000001
(1788540101.495922) can0 03FF1000#0840112200000001
(1788540101.600964) can0 03FF1000#0840112200000001
(1788540101.705901) can0 03FF1000#0840112200000001
(1788540101.810922) can0 03FF1000#0840112200000001
(1788540101.915925) can0 03FF1000#0840112200000001
(1788540102.020946) can0 03FF1000#0840112200000001
(1788540102.125937) can0 03FF1000#0840112200000001
(1788540102.230938) can0 03FF1000#0840112200000001
(1788540102.335922) can0 03FF1000#0840112200000001
(1788540102.440962) can0 03FF1000#0840112200000001
(1788540102.545955) can0 03FF1000#0840112200000001
(1788540102.650952) can0 03FF1000#0840112200000001
(1788540102.755940) can0 03FF1000#0840112200000001
(1788540102.860951) can0 03FF1000#0840112200000001
(1788540102.965978) can0 03FF1000#0840112200000001
(1788540103.070979) can0 03FF1000#0840112200000001
(1788540103.175962) can0 03FF1000#0840112200000001
(1788540103.280976) can0 03FF1000#0840112200000001
(1788540103.385968) can0 03FF1000#0840112200000001
(1788540103.490984) can0 03FF1000#0840112200000001
(1788540103.595991) can0 03FF1000#0840112200000001
(1788540103.700985) can0 03FF1000#0840112200000001
(1788540103.805985) can0 03FF1000#0840112200000001
(1788540103.911036) can0 03FF1000#0840112200000001
(1788540104.016011) can0 03FF1000#0840112200000001
(1788540104.121025) can0 03FF1000#0840112200000001
(1788540104.226014) can0 03FF1000#0840112200000001
(1788540104.331007) can0 03FF1000#0840112200000001
(1788540104.436065) can0 03FF1000#0840112200000001
(1788540104.541034) can0 03FF1000#0840112200000001
(1788540104.646037) can0 03FF1000#0840112200000001
(1788540104.751018) can0 03FF1000#0840112200000001
(1788540104.856017) can0 03FF1000#0840112200000001
(1788540104.961068) can0 03FF1000#0840112200000001
(1788540105.066044) can0 03FF1000#0840112200000001
(1788540105.171056) can0 03FF1000#0840112200000001
(1788540105.276048) can0 03FF1000#0840112200000001
(1788540105.381046) can0 03FF1000#0840112200000001
(1788540105.486040) can0 03FF1000#0840112200000001
(1788540105.591062) can0 03FF1000#0840112200000001
(1788540105.696083) can0 03FF1000#0840112200000001
(1788540105.801072) can0 03FF1000#0840112200000001
(1788540105.906068) can0 03FF1000#0840112200000001
(1788540106.011063) can0 03FF1000#0840112200000001
(1788540106.116087) can0 03FF1000#0840112200000001
(1788540106.221105) can0 03FF1000#0840112200000001
(1788540106.326085) can0 03FF1000#0840112200000001
(1788540106.431069) can0 03FF1000#0840112200000001
(1788540106.536085) can0 03FF1000#0840112200000001
(1788540106.641103) can0 03FF1000#0840112200000001
(1788540106.746121) can0 03FF1000#0840112200000001
(1788540106.851107) can0 03FF1000#0840112200000001
(1788540106.956109) can0 03FF1000#0840112200000001
(1788540107.061109) can0 03FF1000#0840112200000001
(1788540107.166126) can0 03FF1000#0840112200000001
(1788540107.271174) can0 03FF1000#0840112200000001
(1788540107.376130) can0 03FF1000#0840112200000001
(1788540107.481118) can0 03FF1000#0840112200000001
(1788540107.586121) can0 03FF1000#0840112200000001
(1788540107.691150) can0 03FF1000#0840112200000001
(1788540107.796206) can0 03FF1000#0840112200000001
(1788540107.901141) can0 03FF1000#0840112200000001
(1788540108.006135) can0 03FF1000#0840112200000001
(1788540108.111152) can0 03FF1000#0840112200000001
(1788540108.216170) can0 03FF1000#0840112200000001
(1788540108.321176) can0 03FF1000#0840112200000001
(1788540108.426163) can0 03FF1000#0840112200000001
(1788540108.531165) can0 03FF1000#0840112200000001
(1788540108.636167) can0 03FF1000#0840112200000001
(1788540108.741187) can0 03FF1000#0840112200000001
(1788540108.846201) can0 03FF1000#0840112200000001
(1788540108.951186) can0 03FF1000#0840112200000001
(1788540109.056194) can0 03FF1000#0840112200000001
(1788540109.161204) can0 03FF1000#0840112200000001
(1788540109.266210) can0 03FF1000#0840112200000001
(1788540109.371215) can0 03FF1000#0840112200000001
(1788540109.476222) can0 03FF1000#0840112200000001
(1788540109.581229) can0 03FF1000#0840112200000001
(1788540109.686240) can0 03FF1000#0840112200000001
(1788540109.791245) can0 03FF1000#0840112200000001
(1788540109.896251) can0 03FF1000#0840112200000001
(1788540109.908754) can0 04FF3400#000009C200000000
(1788540110.001257) can0 03FF1000#0840112200000001
(1788540110.106268) can0 03FF1000#0840112200000001
(1788540110.211274) can0 03FF1000#0840112200000001
(1788540110.316211) can0 03FF1000#0840112200000001
(1788540110.421286) can0 03FF1000#0840112200000001
(1788540110.526293) can0 03FF1000#0840112200000001
(1788540110.631303) can0 03FF1000#0840112200000001
(1788540110.736242) can0 03FF1000#0840112200000001
(1788540110.841232) can0 03FF1000#0840112200000001
(1788540110.946322) can0 03FF1000#0840112200000001
(1788540111.051262) can0 03FF1000#0840112200000001
(1788540111.156340) can0 03FF1000#0840112200000001
(1788540111.261249) can0 03FF1000#0840112200000001
(1788540111.366244) can0 03FF1000#0840112200000001
(1788540111.471283) can0 03FF1000#0840112200000001
(1788540111.576283) can0 03FF1000#0840112200000001
(1788540111.681282) can0 03FF1000#0840112200000001
(1788540111.786275) can0 03FF1000#0840112200000001
(1788540111.891293) can0 03FF1000#0840112200000001
(1788540111.996292) can0 03FF1000#0840112200000001
(1788540112.101303) can0 03FF1000#0840112200000001
(1788540112.206284) can0 03FF1000#0840112200000001
(1788540112.311283) can0 03FF1000#0840112200000001
(1788540112.416296) can0 03FF1000#0840112200000001
(1788540112.521323) can0 03FF1000#0840112200000001
(1788540112.626314) can0 03FF1000#0840112200000001
(1788540112.731313) can0 03FF1000#0840112200000001
(1788540112.836321) can0 03FF1000#0840112200000001
(1788540112.941332) can0 03FF1000#0840112200000001
(1788540113.046334) can0 03FF1000#0840112200000001
(1788540113.151343) can0 03FF1000#0840112200000001
(1788540113.256335) can0 03FF1000#0840112200000001
(1788540113.361325) can0 03FF1000#0840112200000001
(1788540113.466380) can0 03FF1000#0840112200000001
(1788540113.571349) can0 03FF1000#0840112200000001
(1788540113.676353) can0 03FF1000#0840112200000001
(1788540113.781343) can0 03FF1000#0840112200000001
(1788540113.886347) can0 03FF1000#0840112200000001
(1788540113.991404) can0 03FF1000#0840112200000001
(1788540114.096380) can0 03FF1000#0840112200000001
(1788540114.201376) can0 03FF1000#0840112200000001
(1788540114.306361) can0 03FF1000#0840112200000001
(1788540114.411368) can0 03FF1000#0840112200000001
(1788540114.516414) can0 03FF1000#0840112200000001
(1788540114.621382) can0 03FF1000#0840112200000001
(1788540114.726405) can0 03FF1000#0840112200000001
(1788540114.831392) can0 03FF1000#0840112200000001
(1788540114.936384) can0 03FF1000#0840112200000001
(1788540115.041374) can0 03FF1000#0840112200000001
(1788540115.146414) can0 03FF1000#0840112200000001
(1788540115.251420) can0 03FF1000#0840112200000001
(1788540115.356407) can0 03FF1000#0840112200000001
(1788540115.461407) can0 03FF1000#0840112200000001
(1788540115.566408) can0 03FF1000#0840112200000001
(1788540115.671438) can0 03FF1000#0840112200000001
(1788540115.776438) can0 03FF1000#0840112200000001
(1788540115.881428) can0 03FF1000#0840112200000001
(1788540115.986418) can0 03FF1000#0840112200000001
(1788540116.091453) can0 03FF1000#0840112200000001
(1788540116.196453) can0 03FF1000#0840112200000001
(1788540116.301446) can0 03FF1000#0840112200000001
(1788540116.406439) can0 03FF1000#0840112200000001
(1788540116.511454) can0 03FF1000#0840112200000001
(1788540116.616450) can0 03FF1000#0840112200000001
(1788540116.721476) can0 03FF1000#0840112200000001
(1788540116.826529) can0 03FF1000#0840112200000001
(1788540116.931463) can0 03FF1000#0840112200000001
(1788540117.036470) can0 03FF1000#0840112200000001
(1788540117.141457) can0 03FF1000#0840112200000001
(1788540117.246499) can0 03FF1000#0840112200000001
(1788540117.351549) can0 03FF1000#0840112200000001
(1788540117.456480) can0 03FF1000#0840112200000001
(1788540117.561476) can0 03FF1000#0840112200000001
(1788540117.666498) can0 03FF1000#0840112200000001
(1788540117.771516) can0 03FF1000#0840112200000001
(1788540117.876521) can0 03FF1000#0840112200000001
(1788540117.981502) can0 03FF1000#0840112200000001
(1788540118.086490) can0 03FF1000#0840112200000001
(1788540118.191519) can0 03FF1000#0840112200000001
(1788540118.296532) can0 03FF1000#0840112200000001
(1788540118.401526) can0 03FF1000#0840112200000001
(1788540118.506525) can0 03FF1000#0840112200000001
(1788540118.611523) can0 03FF1000#0840112200000001
(1788540118.716530) can0 03FF1000#0840112200000001
(1788540118.821541) can0 03FF1000#0840112200000001
(1788540118.926548) can0 03FF1000#0840112200000001
(1788540119.031548) can0 03FF1000#0840112200000001
(1788540119.136533) can0 03FF1000#0840112200000001
(1788540119.241545) can0 03FF1000#0840112200000001
(1788540119.346563) can0 03FF1000#0840112200000001
(1788540119.451557) can0 03FF1000#0840112200000001
(1788540119.556559) can0 03FF1000#0840112200000001
(1788540119.661559) can0 03FF1000#0840112200000001
(1788540119.766569) can0 03FF1000#0840112200000001
(1788540119.871574) can0 03FF1000#0840112200000001
(1788540119.908818) can0 04FF3400#000009C300000000
(1788540119.976586) can0 03FF1000#0840112200000001
(1788540120.081581) can0 03FF1000#0840112200000001
(1788540120.186622) can0 03FF1000#0840112200000001
(1788540120.291579) can0 03FF1000#0840112200000001
(1788540120.396603) can0 03FF1000#0840112200000001
(1788540120.501597) can0 03FF1000#0840112200000001
(1788540120.606607) can0 03FF1000#0840112200000001
(1788540120.711646) can0 03FF1000#0840112200000001
(1788540120.816606) can0 03FF1000#0840112200000001
(1788540120.921619) can0 03FF1000#0840112200000001
(1788540121.026626) can0 03FF1000#0840112200000001
(1788540121.131612) can0 03FF1000#0840112200000001
(1788540121.236617) can0 03FF1000#0840112200000001
(1788540121.341618) can0 03FF1000#0840112200000001
(1788540121.446636) can0 03FF1000#0840112200000001
(1788540121.551643) can0 03FF1000#0840112200000001
(1788540121.656641) can0 03FF1000#0840112200000001
(1788540121.761634) can0 03FF1000#0840112200000001
(1788540121.866639) can0 03FF1000#0840112200000001
(1788540121.971659) can0 03FF1000#0840112200000001
(1788540122.076659) can0 03FF1000#0840112200000001
(1788540122.181677) can0 03FF1000#0840112200000001
(1788540122.286657) can0 03FF1000#0840112200000001
(1788540122.391655) can0 03FF1000#0840112200000001
(1788540122.496682) can0 03FF1000#0840112200000001
(1788540122.601697) can0 03FF1000#0840112200000001
(1788540122.706674) can0 03FF1000#0840112200000001
(1788540122.811673) can0 03FF1000#0840112200000001
(1788540122.916672) can0 03FF1000#0840112200000001
(1788540123.021731) can0 03FF1000#0840112200000001
(1788540123.126710) can0 03FF1000#0840112200000001
(1788540123.231709) can0 03FF1000#0840112200000001
(1788540123.336683) can0 03FF1000#0840112200000001
(1788540123.441688) can0 03FF1000#0840112200000001
(1788540123.546747) can0 03FF1000#0840112200000001
(1788540123.651719) can0 03FF1000#0840112200000001
(1788540123.756709) can0 03FF1000#0840112200000001
(1788540123.861705) can0 03FF1000#0840112200000001
(1788540123.966706) can0 03FF1000#0840112200000001
(1788540124.071764) can0 03FF1000#0840112200000001
(1788540124.176734) can0 03FF1000#0840112200000001
(1788540124.281742) can0 03FF1000#0840112200000001
(1788540124.386729) can0 03FF1000#0840112200000001
(1788540124.491728) can0 03FF1000#0840112200000001
(1788540124.596746) can0 03FF1000#0840112200000001
(1788540124.701752) can0 03FF1000#0840112200000001
(1788540124.806758) can0 03FF1000#0840112200000001
(1788540124.911751) can0 03FF1000#0840112200000001
(1788540125.016739) can0 03FF1000#0840112200000001
(1788540125.121749) can0 03FF1000#0840112200000001
(1788540125.226768) can0 03FF1000#0840112200000001
(1788540125.331780) can0 03FF1000#0840112200000001
(1788540125.436774) can0 03FF1000#0840112200000001
(1788540125.541768) can0 03FF1000#0840112200000001
(1788540125.646771) can0 03FF1000#0840112200000001
(1788540125.751798) can0 03FF1000#0840112200000001
(1788540125.856787) can0 03FF1000#0840112200000001
(1788540125.961785) can0 03FF1000#0840112200000001
(1788540126.066772) can0 03FF1000#0840112200000001
(1788540126.171788) can0 03FF1000#0840112200000001
(1788540126.276811) can0 03FF1000#0840112200000001
(1788540126.381870) can0 03FF1000#0840112200000001
(1788540126.486800) can0 03FF1000#0840112200000001
(1788540126.591795) can0 03FF1000#0840112200000001
(1788540126.696806) can0 03FF1000#0840112200000001
(1788540126.801831) can0 03FF1000#0840112200000001
(1788540126.906886) can0 03FF1000#0840112200000001
(1788540127.011830) can0 03FF1000#0840112200000001
(1788540127.116829) can0 03FF1000#0840112200000001
(1788540127.221846) can0 03FF1000#0840112200000001
(1788540127.326858) can0 03FF1000#0840112200000001
(1788540127.431865) can0 03FF1000#0840112200000001
(1788540127.536834) can0 03FF1000#0840112200000001
(1788540127.641849) can0 03FF1000#0840112200000001
(1788540127.746850) can0 03FF1000#0840112200000001
(1788540127.851870) can0 03FF1000#0840112200000001
(1788540127.956875) can0 03FF1000#0840112200000001
(1788540128.061857) can0 03FF1000#0840112200000001
(1788540128.166860) can0 03FF1000#0840112200000001
(1788540128.271866) can0 03FF1000#0840112200000001
(1788540128.376905) can0 03FF1000#0840112200000001
(1788540128.481904) can0 03FF1000#0840112200000001
(1788540128.586886) can0 03FF1000#0840112200000001
(1788540128.691884) can0 03FF1000#0840112200000001
(1788540128.796876) can0 03FF1000#0840112200000001
(1788540128.901907) can0 03FF1000#0840112200000001
(1788540129.006915) can0 03FF1000#0840112200000001
(1788540129.111899) can0 03FF1000#0840112200000001
(1788540129.216944) can0 03FF1000#0840112200000001
(1788540129.321899) can0 03FF1000#0840112200000001
(1788540129.426931) can0 03FF1000#0840112200000001
(1788540129.531938) can0 03FF1000#0840112200000001
(1788540129.636917) can0 03FF1000#0840112200000001
(1788540129.741967) can0 03FF1000#0840112200000001
(1788540129.846917) can0 03FF1000#0840112200000001
(1788540129.908867) can0 04FF3400#000009C400000000
(1788540129.951936) can0 03FF1000#0840112200000001
(1788540130.056955) can0 03FF1000#0840112200000001
(1788540130.161939) can0 03FF1000#0840112200000001
(1788540130.266996) can0 03FF1000#0840112200000001
(1788540130.371951) can0 03FF1000#0840112200000001
(1788540130.476964) can0 03FF1000#0840112200000001
(1788540130.581971) can0 03FF1000#0840112200000001
(1788540130.686969) can0 03FF1000#0840112200000001
(1788540130.791957) can0 03FF1000#0840112200000001
(1788540130.896967) can0 03FF1000#0840112200000001
(1788540131.001993) can0 03FF1000#0840112200000001
(1788540131.106981) can0 03FF1000#0840112200000001
(1788540131.211972) can0 03FF1000#0840112200000001
(1788540131.316977) can0 03FF1000#0840112200000001
(1788540131.421977) can0 03FF1000#0840112200000001
(1788540131.526996) can0 03FF1000#0840112200000001
(1788540131.632014) can0 03FF1000#0840112200000001
(1788540131.737007) can0 03FF1000#0840112200000001
(1788540131.841988) can0 03FF1000#0840112200000001
(1788540131.947007) can0 03FF1000#0840112200000001
(1788540132.052018) can0 03FF1000#0840112200000001
(1788540132.157024) can0 03FF1000#0840112200000001
(1788540132.262031) can0 03FF1000#0840112200000001
(1788540132.367009) can0 03FF1000#0840112200000001
(1788540132.472009) can0 03FF1000#0840112200000001
(1788540132.577062) can0 03FF1000#0840112200000001
(1788540132.682047) can0 03FF1000#0840112200000001
(1788540132.787040) can0 03FF1000#0840112200000001
(1788540132.892027) can0 03FF1000#0840112200000001
(1788540132.997034) can0 03FF1000#0840112200000001
(1788540133.102098) can0 03FF1000#0840112200000001
(1788540133.207076) can0 03FF1000#0840112200000001
(1788540133.312052) can0 03FF1000#0840112200000001
(1788540133.417049) can0 03FF1000#0840112200000001
(1788540133.522056) can0 03FF1000#0840112200000001
(1788540133.627110) can0 03FF1000#0840112200000001
(1788540133.732089) can0 03FF1000#0840112200000001
(1788540133.837086) can0 03FF1000#0840112200000001
(1788540133.942066) can0 03FF1000#0840112200000001
(1788540134.047072) can0 03FF1000#0840112200000001
(1788540134.152102) can0 03FF1000#0840112200000001
(1788540134.257108) can0 03FF1000#0840112200000001
(1788540134.362094) can0 03FF1000#0840112200000001
(1788540134.467083) can0 03FF1000#0840112200000001
(1788540134.572090) can0 03FF1000#0840112200000001
(1788540134.677126) can0 03FF1000#0840112200000001
(1788540134.782131) can0 03FF1000#0840112200000001
(1788540134.887117) can0 03FF1000#0840112200000001
(1788540134.992104) can0 03FF1000#0840112200000001
(1788540135.097112) can0 03FF1000#0840112200000001
(1788540135.202143) can0 03FF1000#0840112200000001
(1788540135.307148) can0 03FF1000#0840112200000001
(1788540135.412134) can0 03FF1000#0840112200000001
(1788540135.517116) can0 03FF1000#0840112200000001
(1788540135.622138) can0 03FF1000#0840112200000001
(1788540135.727133) can0 03FF1000#0840112200000001
(1788540135.832158) can0 03FF1000#0840112200000001
(1788540135.937208) can0 03FF1000#0840112200000001
(1788540136.042152) can0 03FF1000#0840112200000001
(1788540136.147164) can0 03FF1000#0840112200000001
(1788540136.252186) can0 03FF1000#0840112200000001
(1788540136.357173) can0 03FF1000#0840112200000001
(1788540136.462225) can0 03FF1000#0840112200000001
(1788540136.567168) can0 03FF1000#0840112200000001
(1788540136.672165) can0 03FF1000#0840112200000001
(1788540136.777196) can0 03FF1000#0840112200000001
(1788540136.882197) can0 03FF1000#0840112200000001
(1788540136.987195) can0 03FF1000#0840112200000001
(1788540137.092192) can0 03FF1000#0840112200000001
(1788540137.197201) can0 03FF1000#0840112200000001
(1788540137.302220) can0 03FF1000#0840112200000001
(1788540137.407216) can0 03FF1000#0840112200000001
(1788540137.512207) can0 03FF1000#0840112200000001
(1788540137.617195) can0 03FF1000#0840112200000001
(1788540137.722205) can0 03FF1000#0840112200000001
(1788540137.827244) can0 03FF1000#0840112200000001
(1788540137.932243) can0 03FF1000#0840112200000001
(1788540138.037231) can0 03FF1000#0840112200000001
(1788540138.142221) can0 03FF1000#0840112200000001
(1788540138.247228) can0 03FF1000#0840112200000001
(1788540138.352239) can0 03FF1000#0840112200000001
(1788540138.457265) can0 03FF1000#0840112200000001
(1788540138.562247) can0 03FF1000#0840112200000001
(1788540138.667243) can0 03FF1000#0840112200000001
(1788540138.772301) can0 03FF1000#0840112200000001
(1788540138.877275) can0 03FF1000#0840112200000001
(1788540138.982275) can0 03FF1000#0840112200000001
(1788540139.087270) can0 03FF1000#0840112200000001
(1788540139.192267) can0 03FF1000#0840112200000001
(1788540139.297317) can0 03FF1000#0840112200000001
(1788540139.402291) can0 03FF1000#0840112200000001
(1788540139.507281) can0 03FF1000#0840112200000001
(1788540139.612300) can0 03FF1000#0840112200000001
(1788540139.717282) can0 03FF1000#0840112200000001
(1788540139.822334) can0 03FF1000#0840112200000001
(1788540139.858940) can0 04FF3603#0300000000000000
(1788540139.908925) can0 04FF3400#000009C500000000
(1788540139.927314) can0 03FF1000#0840112200000001
(1788540140.032322) can0 03FF1000#0840112200000001
(1788540140.137324) can0 03FF1000#0840112200000001
(1788540140.242318) can0 03FF1000#0840112200000001
(1788540140.347324) can0 03FF1000#0840112200000001
(1788540140.452331) can0 03FF1000#0840112200000001
(1788540140.557338) can0 03FF1000#0840112200000001
(1788540140.662347) can0 03FF1000#0840112200000001
(1788540140.767353) can0 03FF1000#0840112200000001
(1788540140.872360) can0 03FF1000#0840112200000001
(1788540140.977367) can0 03FF1000#0840112200000001
(1788540141.082375) can0 03FF1000#0840112200000001
(1788540141.187385) can0 03FF1000#0840112200000001
(1788540141.292389) can0 03FF1000#0840112200000001
(1788540141.397395) can0 03FF1000#0840112200000001
(1788540141.502402) can0 03FF1000#0840112200000001
(1788540141.607410) can0 03FF1000#0840112200000001
(1788540141.712420) can0 03FF1000#0840112200000001
(1788540141.817426) can0 03FF1000#0840112200000001
(1788540141.922357) can0 03FF1000#0840112200000001
(1788540142.027364) can0 03FF1000#0840112200000001
(1788540142.132446) can0 03FF1000#0840112200000001
(1788540142.237385) can0 03FF1000#0840112200000001
(1788540142.342384) can0 03FF1000#0840112200000001
(1788540142.447380) can0 03FF1000#0840112200000001
(1788540142.552386) can0 03FF1000#0840112200000001
(1788540142.657482) can0 03FF1000#0840112200000001
(1788540142.762401) can0 03FF1000#0840112200000001
(1788540142.867395) can0 03FF1000#0840112200000001
(1788540142.972397) can0 03FF1000#0840112200000001
(1788540143.077402) can0 03FF1000#0840112200000001
(1788540143.182455) can0 03FF1000#0840112200000001
(1788540143.287430) can0 03FF1000#0840112200000001
(1788540143.392418) can0 03FF1000#0840112200000001
(1788540143.497404) can0 03FF1000#0840112200000001
(1788540143.602413) can0 03FF1000#0840112200000001
(1788540143.707440) can0 03FF1000#0840112200000001
(1788540143.812459) can0 03FF1000#0840112200000001
(1788540143.917454) can0 03FF1000#0840112200000001
(1788540144.022436) can0 03FF1000#0840112200000001
(1788540144.127443) can0 03FF1000#0840112200000001
(1788540144.232475) can0 03FF1000#0840112200000001
(1788540144.337457) can0 03FF1000#0840112200000001
(1788540144.442457) can0 03FF1000#0840112200000001
(1788540144.547464) can0 03FF1000#0840112200000001
(1788540144.652454) can0 03FF1000#0840112200000001
(1788540144.757490) can0 03FF1000#0840112200000001
(1788540144.862492) can0 03FF1000#0840112200000001
(1788540144.967481) can0 03FF1000#0840112200000001
(1788540145.072474) can0 03FF1000#0840112200000001
(1788540145.177477) can0 03FF1000#0840112200000001
(1788540145.282509) can0 03FF1000#0840112200000001
(1788540145.387497) can0 03FF1000#0840112200000001
(1788540145.492549) can0 03FF1000#0840112200000001
(1788540145.597490) can0 03FF1000#0840112200000001
(1788540145.702504) can0 03FF1000#0840112200000001
(1788540145.807527) can0 03FF1000#0840112200000001
(1788540145.912528) can0 03FF1000#0840112200000001
(1788540146.017579) can0 03FF1000#0840112200000001
(1788540146.122521) can0 03FF1000#0840112200000001
(1788540146.227522) can0 03FF1000#0840112200000001
(1788540146.332548) can0 03FF1000#0840112200000001
(1788540146.437555) can0 03FF1000#0840112200000001
(1788540146.542543) can0 03FF1000#0840112200000001
(1788540146.647531) can0 03FF1000#0840112200000001
(1788540146.752542) can0 03FF1000#0840112200000001
(1788540146.857554) can0 03FF1000#0840112200000001
(1788540146.962572) can0 03FF1000#0840112200000001
(1788540147.067553) can0 03FF1000#0840112200000001
(1788540147.172556) can0 03FF1000#0840112200000001
(1788540147.277547) can0 03FF1000#0840112200000001
(1788540147.382575) can0 03FF1000#0840112200000001
(1788540147.487596) can0 03FF1000#0840112200000001
(1788540147.592565) can0 03FF1000#0840112200000001
(1788540147.697571) can0 03FF1000#0840112200000001
(1788540147.802572) can0 03FF1000#0840112200000001
(1788540147.907598) can0 03FF1000#0840112200000001
(1788540148.012593) can0 03FF1000#0840112200000001
(1788540148.117586) can0 03FF1000#0840112200000001
(1788540148.222588) can0 03FF1000#0840112200000001
(1788540148.327640) can0 03FF1000#0840112200000001
(1788540148.432608) can0 03FF1000#0840112200000001
(1788540148.537633) can0 03FF1000#0840112200000001
(1788540148.642616) can0 03FF1000#0840112200000001
(1788540148.747611) can0 03FF1000#0840112200000001
(1788540148.852657) can0 03FF1000#0840112200000001
(1788540148.957644) can0 03FF1000#0840112200000001
(1788540149.062639) can0 03FF1000#0840112200000001
(1788540149.167633) can0 03FF1000#0840112200000001
(1788540149.272628) can0 03FF1000#0840112200000001
(1788540149.377691) can0 03FF1000#0840112200000001
(1788540149.482661) can0 03FF1000#0840112200000001
(1788540149.587656) can0 03FF1000#0840112200000001
(1788540149.692649) can0 03FF1000#0840112200000001
(1788540149.797635) can0 03FF1000#0840112200000001
(1788540149.902651) can0 03FF1000#0840112200000001
(1788540149.908993) can0 04FF3400#000009C600000000
(1788540150.007671) can0 03FF1000#0840112200000001
(1788540150.112672) can0 03FF1000#0840112200000001
(1788540150.217673) can0 03FF1000#0840112200000001
(1788540150.322673) can0 03FF1000#0840112200000001
(1788540150.427668) can0 03FF1000#0840112200000001
(1788540150.532666) can0 03FF1000#0840112200000001
(1788540150.637700) can0 03FF1000#0840112200000001
(1788540150.742695) can0 03FF1000#0840112200000001
(1788540150.847685) can0 03FF1000#0840112200000001
(1788540150.952683) can0 03FF1000#0840112200000001
(1788540151.057711) can0 03FF1000#0840112200000001
(1788540151.162725) can0 03FF1000#0840112200000001
(1788540151.267705) can0 03FF1000#0840112200000001
(1788540151.372707) can0 03FF1000#0840112200000001
(1788540151.477713) can0 03FF1000#0840112200000001
(1788540151.582703) can0 03FF1000#0840112200000001
(1788540151.687766) can0 03FF1000#0840112200000001
(1788540151.792736) can0 03FF1000#0840112200000001
(1788540151.897737) can0 03FF1000#0840112200000001
(1788540152.002724) can0 03FF1000#0840112200000001
(1788540152.107737) can0 03FF1000#0840112200000001
(1788540152.212784) can0 03FF1000#0840112200000001
(1788540152.317753) can0 03FF1000#0840112200000001
(1788540152.422733) can0 03FF1000#0840112200000001
(1788540152.527747) can0 03FF1000#0840112200000001
(1788540152.632779) can0 03FF1000#0840112200000001
(1788540152.737793) can0 03FF1000#0840112200000001
(1788540152.842782) can0 03FF1000#0840112200000001
(1788540152.947763) can0 03FF1000#0840112200000001
(1788540153.052761) can0 03FF1000#0840112200000001
(1788540153.157779) can0 03FF1000#0840112200000001
(1788540153.262791) can0 03FF1000#0840112200000001
(1788540153.367792) can0 03FF1000#0840112200000001
(1788540153.472777) can0 03FF1000#0840112200000001
(1788540153.577786) can0 03FF1000#0840112200000001
(1788540153.682788) can0 03FF1000#0840112200000001
(1788540153.787814) can0 03FF1000#0840112200000001
(1788540153.892809) can0 03FF1000#0840112200000001
(1788540153.997809) can0 03FF1000#0840112200000001
(1788540154.102791) can0 03FF1000#0840112200000001
(1788540154.207805) can0 03FF1000#0840112200000001
(1788540154.312831) can0 03FF1000#0840112200000001
(1788540154.417839) can0 03FF1000#0840112200000001
(1788540154.522826) can0 03FF1000#0840112200000001
(1788540154.627827) can0 03FF1000#0840112200000001
(1788540154.732810) can0 03FF1000#0840112200000001
(1788540154.837853) can0 03FF1000#0840112200000001
(1788540154.942842) can0 03FF1000#0840112200000001
(1788540155.047888) can0 03FF1000#0840112200000001
(1788540155.152843) can0 03FF1000#0840112200000001
(1788540155.257837) can0 03FF1000#0840112200000001
(1788540155.362870) can0 03FF1000#0840112200000001
(1788540155.467871) can0 03FF1000#0840112200000001
(1788540155.572910) can0 03FF1000#0840112200000001
(1788540155.677854) can0 03FF1000#0840112200000001
(1788540155.782873) can0 03FF1000#0840112200000001
(1788540155.887893) can0 03FF1000#0840112200000001
(1788540155.992888) can0 03FF1000#0840112200000001
(1788540156.097894) can0 03FF1000#0840112200000001
(1788540156.202877) can0 03FF1000#0840112200000001
(1788540156.307883) can0 03FF1000#0840112200000001
(1788540156.412903) can0 03FF1000#0840112200000001
(1788540156.517917) can0 03FF1000#0840112200000001
(1788540156.622892) can0 03FF1000#0840112200000001
(1788540156.727899) can0 03FF1000#0840112200000001
(1788540156.832891) can0 03FF1000#0840112200000001
(1788540156.937927) can0 03FF1000#0840112200000001
(1788540157.042934) can0 03FF1000#0840112200000001
(1788540157.147908) can0 03FF1000#0840112200000001
(1788540157.252920) can0 03FF1000#0840112200000001
(1788540157.357910) can0 03FF1000#0840112200000001
(1788540157.462949) can0 03FF1000#0840112200000001
(1788540157.567950) can0 03FF1000#0840112200000001
(1788540157.672947) can0 03FF1000#0840112200000001
(1788540157.777940) can0 03FF1000#0840112200000001
(1788540157.882997) can0 03FF1000#0840112200000001
(1788540157.987966) can0 03FF1000#0840112200000001
(1788540158.092967) can0 03FF1000#0840112200000001
(1788540158.197962) can0 03FF1000#0840112200000001
(1788540158.302956) can0 03FF1000#0840112200000001
(1788540158.408007) can0 03FF1000#0840112200000001
(1788540158.512976) can0 03FF1000#0840112200000001
(1788540158.617985) can0 03FF1000#0840112200000001
(1788540158.722979) can0 03FF1000#0840112200000001
(1788540158.827966) can0 03FF1000#0840112200000001
(1788540158.933024) can0 03FF1000#0840112200000001
(1788540159.038014) can0 03FF1000#0840112200000001
(1788540159.143007) can0 03FF1000#0840112200000001
(1788540159.247996) can0 03FF1000#0840112200000001
(1788540159.352993) can0 03FF1000#0840112200000001
(1788540159.457990) can0 03FF1000#0840112200000001
(1788540159.563017) can0 03FF1000#0840112200000001
(1788540159.668016) can0 03FF1000#0840112200000001
(1788540159.773016) can0 03FF1000#0840112200000001
(1788540159.878000) can0 03FF1000#0840112200000001
(1788540159.909039) can0 04FF3400#000009C700000000
(1788540159.983026) can0 03FF1000#0840112200000001
(1788540160.088027) can0 03FF1000#0840112200000001
(1788540160.193047) can0 03FF1000#0840112200000001
(1788540160.298028) can0 03FF1000#0840112200000001
(1788540160.403036) can0 03FF1000#0840112200000001
(1788540160.508026) can0 03FF1000#0840112200000001
(1788540160.613056) can0 03FF1000#0840112200000001
(1788540160.718063) can0 03FF1000#0840112200000001
(1788540160.823051) can0 03FF1000#0840112200000001
(1788540160.928049) can0 03FF1000#0840112200000001
(1788540161.033060) can0 03FF1000#0840112200000001
(1788540161.138066) can0 03FF1000#0840112200000001
(1788540161.243112) can0 03FF1000#0840112200000001
(1788540161.348080) can0 03FF1000#0840112200000001
(1788540161.453069) can0 03FF1000#0840112200000001
(1788540161.558075) can0 03FF1000#0840112200000001
(1788540161.663090) can0 03FF1000#0840112200000001
(1788540161.768167) can0 03FF1000#0840112200000001
(1788540161.873103) can0 03FF1000#0840112200000001
(1788540161.978085) can0 03FF1000#0840112200000001
(1788540162.083074) can0 03FF1000#0840112200000001
(1788540162.188126) can0 03FF1000#0840112200000001
(1788540162.293133) can0 03FF1000#0840112200000001
(1788540162.398121) can0 03FF1000#0840112200000001
(1788540162.503115) can0 03FF1000#0840112200000001
(1788540162.608116) can0 03FF1000#0840112200000001
(1788540162.713142) can0 03FF1000#0840112200000001
(1788540162.818135) can0 03FF1000#0840112200000001
(1788540162.923129) can0 03FF1000#0840112200000001
(1788540163.028125) can0 03FF1000#0840112200000001
(1788540163.133126) can0 03FF1000#0840112200000001
(1788540163.238159) can0 03FF1000#0840112200000001
(1788540163.343168) can0 03FF1000#0840112200000001
(1788540163.448147) can0 03FF1000#0840112200000001
(1788540163.553147) can0 03FF1000#0840112200000001
(1788540163.658149) can0 03FF1000#0840112200000001
(1788540163.763168) can0 03FF1000#0840112200000001
(1788540163.868176) can0 03FF1000#0840112200000001
(1788540163.973183) can0 03FF1000#0840112200000001
(1788540164.078165) can0 03FF1000#0840112200000001
(1788540164.183163) can0 03FF1000#0840112200000001
(1788540164.288191) can0 03FF1000#0840112200000001
(1788540164.393205) can0 03FF1000#0840112200000001
(1788540164.498193) can0 03FF1000#0840112200000001
(1788540164.603238) can0 03FF1000#0840112200000001
(1788540164.708189) can0 03FF1000#0840112200000001
(1788540164.813227) can0 03FF1000#0840112200000001
(1788540164.918215) can0 03FF1000#0840112200000001
(1788540165.023216) can0 03FF1000#0840112200000001
(1788540165.128257) can0 03FF1000#0840112200000001
(1788540165.233200) can0 03FF1000#0840112200000001
(1788540165.338238) can0 03FF1000#0840112200000001
(1788540165.443233) can0 03FF1000#0840112200000001
(1788540165.548227) can0 03FF1000#0840112200000001
(1788540165.653221) can0 03FF1000#0840112200000001
(1788540165.758235) can0 03FF1000#0840112200000001
(1788540165.863217) can0 03FF1000#0840112200000001
(1788540165.968255) can0 03FF1000#0840112200000001
(1788540166.073256) can0 03FF1000#0840112200000001
(1788540166.178238) can0 03FF1000#0840112200000001
(1788540166.283245) can0 03FF1000#0840112200000001
(1788540166.388252) can0 03FF1000#0840112200000001
(1788540166.493272) can0 03FF1000#0840112200000001
(1788540166.598272) can0 03FF1000#0840112200000001
(1788540166.703258) can0 03FF1000#0840112200000001
(1788540166.808262) can0 03FF1000#0840112200000001
(1788540166.913275) can0 03FF1000#0840112200000001
(1788540167.018295) can0 03FF1000#0840112200000001
(1788540167.123278) can0 03FF1000#0840112200000001
(1788540167.228278) can0 03FF1000#0840112200000001
(1788540167.333278) can0 03FF1000#0840112200000001
(1788540167.438336) can0 03FF1000#0840112200000001
(1788540167.543305) can0 03FF1000#0840112200000001
(1788540167.648312) can0 03FF1000#0840112200000001
(1788540167.753307) can0 03FF1000#0840112200000001
(1788540167.858301) can0 03FF1000#0840112200000001
(1788540167.963359) can0 03FF1000#0840112200000001
(1788540168.068341) can0 03FF1000#0840112200000001
(1788540168.173317) can0 03FF1000#0840112200000001
(1788540168.278317) can0 03FF1000#0840112200000001
(1788540168.383311) can0 03FF1000#0840112200000001
(1788540168.488382) can0 03FF1000#0840112200000001
(1788540168.593345) can0 03FF1000#0840112200000001
(1788540168.698352) can0 03FF1000#0840112200000001
(1788540168.803346) can0 03FF1000#0840112200000001
(1788540168.908335) can0 03FF1000#0840112200000001
(1788540169.013336) can0 03FF1000#0840112200000001
(1788540169.118362) can0 03FF1000#0840112200000001
(1788540169.223361) can0 03FF1000#0840112200000001
(1788540169.328370) can0 03FF1000#0840112200000001
(1788540169.433350) can0 03FF1000#0840112200000001
(1788540169.538358) can0 03FF1000#0840112200000001
(1788540169.643381) can0 03FF1000#0840112200000001
(1788540169.748396) can0 03FF1000#0840112200000001
(1788540169.853379) can0 03FF1000#0840112200000001
(1788540169.909103) can0 04FF3400#000009C800000000
(1788540169.958386) can0 03FF1000#0840112200000001
(1788540170.063394) can0 03FF1000#0840112200000001
(1788540170.168407) can0 03FF1000#0840112200000001
(1788540170.273415) can0 03FF1000#0840112200000001
(1788540170.378393) can0 03FF1000#0840112200000001
(1788540170.483397) can0 03FF1000#0840112200000001
(1788540170.588410) can0 03FF1000#0840112200000001
(1788540170.693430) can0 03FF1000#0840112200000001
(1788540170.798483) can0 03FF1000#0840112200000001
(1788540170.903418) can0 03FF1000#0840112200000001
(1788540171.008432) can0 03FF1000#0840112200000001
(1788540171.113422) can0 03FF1000#0840112200000001
(1788540171.218446) can0 03FF1000#0840112200000001
(1788540171.323505) can0 03FF1000#0840112200000001
(1788540171.428442) can0 03FF1000#0840112200000001
(1788540171.533449) can0 03FF1000#0840112200000001
(1788540171.638456) can0 03FF1000#0840112200000001
(1788540171.743470) can0 03FF1000#0840112200000001
(1788540171.848471) can0 03FF1000#0840112200000001
(1788540171.953478) can0 03FF1000#0840112200000001
(1788540172.058484) can0 03FF1000#0840112200000001
(1788540172.163491) can0 03FF1000#0840112200000001
(1788540172.268498) can0 03FF1000#0840112200000001
(1788540172.373506) can0 03FF1000#0840112200000001
(1788540172.478513) can0 03FF1000#0840112200000001
(1788540172.583520) can0 03FF1000#0840112200000001
(1788540172.688528) can0 03FF1000#0840112200000001
(1788540172.793535) can0 03FF1000#0840112200000001
(1788540172.898542) can0 03FF1000#0840112200000001
(1788540173.003487) can0 03FF1000#0840112200000001
(1788540173.108494) can0 03FF1000#0840112200000001
(1788540173.213489) can0 03FF1000#0840112200000001
(1788540173.318571) can0 03FF1000#0840112200000001
(1788540173.423578) can0 03FF1000#0840112200000001
(1788540173.528516) can0 03FF1000#0840112200000001
(1788540173.633592) can0 03FF1000#0840112200000001
(1788540173.738524) can0 03FF1000#0840112200000001
(1788540173.843544) can0 03FF1000#0840112200000001
(1788540173.948546) can0 03FF1000#0840112200000001
(1788540174.053547) can0 03FF1000#0840112200000001
(1788540174.158628) can0 03FF1000#0840112200000001
(1788540174.263534) can0 03FF1000#0840112200000001
(1788540174.368562) can0 03FF1000#0840112200000001
(1788540174.473575) can0 03FF1000#0840112200000001
(1788540174.578559) can0 03FF1000#0840112200000001
(1788540174.683595) can0 03FF1000#0840112200000001
(1788540174.788557) can0 03FF1000#0840112200000001
(1788540174.893578) can0 03FF1000#0840112200000001
(1788540174.998585) can0 03FF1000#0840112200000001
(1788540175.103573) can0 03FF1000#0840112200000001
(1788540175.208586) can0 03FF1000#0840112200000001
(1788540175.313581) can0 03FF1000#0840112200000001
(1788540175.418591) can0 03FF1000#0840112200000001
(1788540175.523604) can0 03FF1000#0840112200000001
(1788540175.628597) can0 03FF1000#0840112200000001
(1788540175.733578) can0 03FF1000#0840112200000001
(1788540175.838594) can0 03FF1000#0840112200000001
(1788540175.943612) can0 03FF1000#0840112200000001
(1788540176.048611) can0 03FF1000#0840112200000001
(1788540176.153613) can0 03FF1000#0840112200000001
(1788540176.258613) can0 03FF1000#0840112200000001
(1788540176.363614) can0 03FF1000#0840112200000001
(1788540176.468628) can0 03FF1000#0840112200000001
(1788540176.573635) can0 03FF1000#0840112200000001
(1788540176.678623) can0 03FF1000#0840112200000001
(1788540176.783631) can0 03FF1000#0840112200000001
(1788540176.888625) can0 03FF1000#0840112200000001
(1788540176.993689) can0 03FF1000#0840112200000001
(1788540177.098649) can0 03FF1000#0840112200000001
(1788540177.203653) can0 03FF1000#0840112200000001
(1788540177.308647) can0 03FF1000#0840112200000001
(1788540177.413655) can0 03FF1000#0840112200000001
(1788540177.518700) can0 03FF1000#0840112200000001
(1788540177.623681) can0 03FF1000#0840112200000001
(1788540177.728676) can0 03FF1000#0840112200000001
(1788540177.833671) can0 03FF1000#0840112200000001
(1788540177.938665) can0 03FF1000#0840112200000001
(1788540178.043722) can0 03FF1000#0840112200000001
(1788540178.148698) can0 03FF1000#0840112200000001
(1788540178.253705) can0 03FF1000#0840112200000001
(1788540178.358680) can0 03FF1000#0840112200000001
(1788540178.463689) can0 03FF1000#0840112200000001
(1788540178.568689) can0 03FF1000#0840112200000001
(1788540178.673720) can0 03FF1000#0840112200000001
(1788540178.778709) can0 03FF1000#0840112200000001
(1788540178.883710) can0 03FF1000#0840112200000001
(1788540178.988705) can0 03FF1000#0840112200000001
(1788540179.093705) can0 03FF1000#0840112200000001
(1788540179.198727) can0 03FF1000#0840112200000001
(1788540179.303732) can0 03FF1000#0840112200000001
(1788540179.408720) can0 03FF1000#0840112200000001
(1788540179.513728) can0 03FF1000#0840112200000001
(1788540179.618720) can0 03FF1000#0840112200000001
(1788540179.723761) can0 03FF1000#0840112200000001
(1788540179.828756) can0 03FF1000#0840112200000001
(1788540179.909172) can0 04FF3400#000009C900000000
(1788540179.933737) can0 03FF1000#0840112200000001
(1788540180.038744) can0 03FF1000#0840112200000001
(1788540180.143744) can0 03FF1000#0840112200000001
(1788540180.248771) can0 03FF1000#0840112200000001
(1788540180.353808) can0 03FF1000#0840112200000001
(1788540180.458765) can0 03FF1000#0840112200000001
(1788540180.563766) can0 03FF1000#0840112200000001
(1788540180.668767) can0 03FF1000#0840112200000001
(1788540180.773777) can0 03FF1000#0840112200000001
(1788540180.878839) can0 03FF1000#0840112200000001
(1788540180.983790) can0 03FF1000#0840112200000001
(1788540181.088796) can0 03FF1000#0840112200000001
(1788540181.193784) can0 03FF1000#0840112200000001
(1788540181.298820) can0 03FF1000#0840112200000001
(1788540181.403824) can0 03FF1000#0840112200000001
(1788540181.508806) can0 03FF1000#0840112200000001
(1788540181.613799) can0 03FF1000#0840112200000001
(1788540181.718838) can0 03FF1000#0840112200000001
(1788540181.823820) can0 03FF1000#0840112200000001
(1788540181.928834) can0 03FF1000#0840112200000001
(1788540182.033815) can0 03FF1000#0840112200000001
(1788540182.138830) can0 03FF1000#0840112200000001
(1788540182.243824) can0 03FF1000#0840112200000001
(1788540182.348842) can0 03FF1000#0840112200000001
(1788540182.453849) can0 03FF1000#0840112200000001
(1788540182.558845) can0 03FF1000#0840112200000001
(1788540182.663853) can0 03FF1000#0840112200000001
(1788540182.768840) can0 03FF1000#0840112200000001
(1788540182.873855) can0 03FF1000#0840112200000001
(1788540182.978881) can0 03FF1000#0840112200000001
(1788540183.083851) can0 03FF1000#0840112200000001
(1788540183.188908) can0 03FF1000#0840112200000001
(1788540183.293856) can0 03FF1000#0840112200000001
(1788540183.398890) can0 03FF1000#0840112200000001
(1788540183.503890) can0 03FF1000#0840112200000001
(1788540183.608886) can0 03FF1000#0840112200000001
(1788540183.713944) can0 03FF1000#0840112200000001
(1788540183.818886) can0 03FF1000#0840112200000001
(1788540183.923906) can0 03FF1000#0840112200000001
(1788540184.028914) can0 03FF1000#0840112200000001
(1788540184.133903) can0 03FF1000#0840112200000001
(1788540184.238953) can0 03FF1000#0840112200000001
(1788540184.343903) can0 03FF1000#0840112200000001
(1788540184.448923) can0 03FF1000#0840112200000001
(1788540184.553932) can0 03FF1000#0840112200000001
(1788540184.658924) can0 03FF1000#0840112200000001
(1788540184.763924) can0 03FF1000#0840112200000001
(1788540184.868912) can0 03FF1000#0840112200000001
(1788540184.973939) can0 03FF1000#0840112200000001
(1788540185.078953) can0 03FF1000#0840112200000001
(1788540185.183942) can0 03FF1000#0840112200000001
(1788540185.288928) can0 03FF1000#0840112200000001
(1788540185.393934) can0 03FF1000#0840112200000001
(1788540185.498968) can0 03FF1000#0840112200000001
(1788540185.603963) can0 03FF1000#0840112200000001
(1788540185.708964) can0 03FF1000#0840112200000001
(1788540185.813943) can0 03FF1000#0840112200000001
(1788540185.918965) can0 03FF1000#0840112200000001
(1788540186.023992) can0 03FF1000#0840112200000001
(1788540186.128986) can0 03FF1000#0840112200000001
(1788540186.233968) can0 03FF1000#0840112200000001
(1788540186.338969) can0 03FF1000#0840112200000001
(1788540186.443976) can0 03FF1000#0840112200000001
(1788540186.549033) can0 03FF1000#0840112200000001
(1788540186.654006) can0 03FF1000#0840112200000001
(1788540186.758984) can0 03FF1000#0840112200000001
(1788540186.863984) can0 03FF1000#0840112200000001
(1788540186.968993) can0 03FF1000#0840112200000001
(1788540187.074043) can0 03FF1000#0840112200000001
(1788540187.179013) can0 03FF1000#0840112200000001
(1788540187.284020) can0 03FF1000#0840112200000001
(1788540187.389014) can0 03FF1000#0840112200000001
(1788540187.494009) can0 03FF1000#0840112200000001
(1788540187.599056) can0 03FF1000#0840112200000001
(1788540187.704036) can0 03FF1000#0840112200000001
(1788540187.809037) can0 03FF1000#0840112200000001
(1788540187.914037) can0 03FF1000#0840112200000001
(1788540188.019038) can0 03FF1000#0840112200000001
(1788540188.124058) can0 03FF1000#0840112200000001
(1788540188.229059) can0 03FF1000#0840112200000001
(1788540188.334065) can0 03FF1000#0840112200000001
(1788540188.439053) can0 03FF1000#0840112200000001
(1788540188.544061) can0 03FF1000#0840112200000001
(1788540188.649087) can0 03FF1000#0840112200000001
(1788540188.754088) can0 03FF1000#0840112200000001
(1788540188.859076) can0 03FF1000#0840112200000001
(1788540188.964078) can0 03FF1000#0840112200000001
(1788540189.069064) can0 03FF1000#0840112200000001
(1788540189.174106) can0 03FF1000#0840112200000001
(1788540189.279105) can0 03FF1000#0840112200000001
(1788540189.384086) can0 03FF1000#0840112200000001
(1788540189.489086) can0 03FF1000#0840112200000001
(1788540189.594100) can0 03FF1000#0840112200000001
(1788540189.699114) can0 03FF1000#0840112200000001
(1788540189.804121) can0 03FF1000#0840112200000001
(1788540189.909161) can0 03FF1000#0840112200000001
(1788540189.909738) can0 04FF3400#000009CA00000000
(1788540190.014098) can0 03FF1000#0840112200000001
(1788540190.119124) can0 03FF1000#0840112200000001
(1788540190.224097) can0 03FF1000#0840112200000001
(1788540190.329138) can0 03FF1000#0840112200000001
(1788540190.434189) can0 03FF1000#0840112200000001
(1788540190.539127) can0 03FF1000#0840112200000001
(1788540190.644134) can0 03FF1000#0840112200000001
(1788540190.749154) can0 03FF1000#0840112200000001
(1788540190.854160) can0 03FF1000#0840112200000001
(1788540190.959174) can0 03FF1000#0840112200000001
(1788540191.064137) can0 03FF1000#0840112200000001
(1788540191.169144) can0 03FF1000#0840112200000001
(1788540191.274177) can0 03FF1000#0840112200000001
(1788540191.379184) can0 03FF1000#0840112200000001
(1788540191.484167) can0 03FF1000#0840112200000001
(1788540191.589167) can0 03FF1000#0840112200000001
(1788540191.694160) can0 03FF1000#0840112200000001
(1788540191.799194) can0 03FF1000#0840112200000001
(1788540191.904189) can0 03FF1000#0840112200000001
(1788540192.009189) can0 03FF1000#0840112200000001
(1788540192.114183) can0 03FF1000#0840112200000001
(1788540192.219190) can0 03FF1000#0840112200000001
(1788540192.324185) can0 03FF1000#0840112200000001
(1788540192.429210) can0 03FF1000#0840112200000001
(1788540192.534205) can0 03FF1000#0840112200000001
(1788540192.639199) can0 03FF1000#0840112200000001
(1788540192.744261) can0 03FF1000#0840112200000001
(1788540192.849240) can0 03FF1000#0840112200000001
(1788540192.954227) can0 03FF1000#0840112200000001
(1788540193.059221) can0 03FF1000#0840112200000001
(1788540193.164213) can0 03FF1000#0840112200000001
(1788540193.269274) can0 03FF1000#0840112200000001
(1788540193.374254) can0 03FF1000#0840112200000001
(1788540193.479252) can0 03FF1000#0840112200000001
(1788540193.584253) can0 03FF1000#0840112200000001
(1788540193.689240) can0 03FF1000#0840112200000001
(1788540193.794293) can0 03FF1000#0840112200000001
(1788540193.899242) can0 03FF1000#0840112200000001
(1788540194.004279) can0 03FF1000#0840112200000001
(1788540194.109269) can0 03FF1000#0840112200000001
(1788540194.214256) can0 03FF1000#0840112200000001
(1788540194.319257) can0 03FF1000#0840112200000001
(1788540194.424255) can0 03FF1000#0840112200000001
(1788540194.529284) can0 03FF1000#0840112200000001
(1788540194.634285) can0 03FF1000#0840112200000001
(1788540194.739279) can0 03FF1000#0840112200000001
(1788540194.844287) can0 03FF1000#0840112200000001
(1788540194.949319) can0 03FF1000#0840112200000001
(1788540195.054314) can0 03FF1000#0840112200000001
(1788540195.159316) can0 03FF1000#0840112200000001
(1788540195.264303) can0 03FF1000#0840112200000001
(1788540195.369291) can0 03FF1000#0840112200000001
(1788540195.474305) can0 03FF1000#0840112200000001
(1788540195.579336) can0 03FF1000#0840112200000001
(1788540195.684317) can0 03FF1000#0840112200000001
(1788540195.789313) can0 03FF1000#0840112200000001
(1788540195.894326) can0 03FF1000#0840112200000001
(1788540195.999321) can0 03FF1000#0840112200000001
(1788540196.104372) can0 03FF1000#0840112200000001
(1788540196.209334) can0 03FF1000#0840112200000001
(1788540196.314329) can0 03FF1000#0840112200000001
(1788540196.419337) can0 03FF1000#0840112200000001
(1788540196.524335) can0 03FF1000#0840112200000001
(1788540196.629402) can0 03FF1000#0840112200000001
(1788540196.734359) can0 03FF1000#0840112200000001
(1788540196.839359) can0 03FF1000#0840112200000001
(1788540196.944342) can0 03FF1000#0840112200000001
(1788540197.049353) can0 03FF1000#0840112200000001
(1788540197.154406) can0 03FF1000#0840112200000001
(1788540197.259394) can0 03FF1000#0840112200000001
(1788540197.364381) can0 03FF1000#0840112200000001
(1788540197.469383) can0 03FF1000#0840112200000001
(1788540197.574376) can0 03FF1000#0840112200000001
(1788540197.679396) can0 03FF1000#0840112200000001
(1788540197.784406) can0 03FF1000#0840112200000001
(1788540197.889392) can0 03FF1000#0840112200000001
(1788540197.994393) can0 03FF1000#0840112200000001
(1788540198.099393) can0 03FF1000#0840112200000001
(1788540198.204419) can0 03FF1000#0840112200000001
(1788540198.309427) can0 03FF1000#0840112200000001
(1788540198.414428) can0 03FF1000#0840112200000001
(1788540198.519403) can0 03FF1000#0840112200000001
(1788540198.624423) can0 03FF1000#0840112200000001
(1788540198.729443) can0 03FF1000#0840112200000001
(1788540198.834436) can0 03FF1000#0840112200000001
(1788540198.939432) can0 03FF1000#0840112200000001
(1788540199.044431) can0 03FF1000#0840112200000001
(1788540199.149432) can0 03FF1000#0840112200000001
(1788540199.254460) can0 03FF1000#0840112200000001
(1788540199.359466) can0 03FF1000#0840112200000001
(1788540199.464506) can0 03FF1000#0840112200000001
(1788540199.569455) can0 03FF1000#0840112200000001
(1788540199.674455) can0 03FF1000#0840112200000001
(1788540199.779482) can0 03FF1000#0840112200000001
(1788540199.859278) can0 04FF3603#0300000000000000
(1788540199.884482) can0 03FF1000#0840112200000001
(1788540199.909269) can0 04FF3400#000009CB00000000
(1788540199.989535) can0 03FF1000#0840112200000001
(1788540200.094464) can0 03FF1000#0840112200000001
(1788540200.199466) can0 03FF1000#0840112200000001
(1788540200.304499) can0 03FF1000#0840112200000001
(1788540200.409500) can0 03FF1000#0840112200000001
(1788540200.514501) can0 03FF1000#0840112200000001
(1788540200.619482) can0 03FF1000#0840112200000001
(1788540200.724490) can0 03FF1000#0840112200000001
(1788540200.829509) can0 03FF1000#0840112200000001
(1788540200.934529) can0 03FF1000#0840112200000001
(1788540201.039511) can0 03FF1000#0840112200000001
(1788540201.144513) can0 03FF1000#0840112200000001
(1788540201.249513) can0 03FF1000#0840112200000001
(1788540201.354527) can0 03FF1000#0840112200000001
(1788540201.459545) can0 03FF1000#0840112200000001
(1788540201.564527) can0 03FF1000#0840112200000001
(1788540201.669534) can0 03FF1000#0840112200000001
(1788540201.774540) can0 03FF1000#0840112200000001
(1788540201.879554) can0 03FF1000#0840112200000001
(1788540201.984562) can0 03FF1000#0840112200000001
(1788540202.089556) can0 03FF1000#0840112200000001
(1788540202.194556) can0 03FF1000#0840112200000001
(1788540202.299596) can0 03FF1000#0840112200000001
(1788540202.404584) can0 03FF1000#0840112200000001
(1788540202.509585) can0 03FF1000#0840112200000001
(1788540202.614567) can0 03FF1000#0840112200000001
(1788540202.719574) can0 03FF1000#0840112200000001
(1788540202.824626) can0 03FF1000#0840112200000001
(1788540202.929606) can0 03FF1000#0840112200000001
(1788540203.034595) can0 03FF1000#0840112200000001
(1788540203.139602) can0 03FF1000#0840112200000001
(1788540203.244610) can0 03FF1000#0840112200000001
(1788540203.349655) can0 03FF1000#0840112200000001
(1788540203.454624) can0 03FF1000#0840112200000001
(1788540203.559631) can0 03FF1000#0840112200000001
(1788540203.664637) can0 03FF1000#0840112200000001
(1788540203.769645) can0 03FF1000#0840112200000001
(1788540203.874653) can0 03FF1000#0840112200000001
(1788540203.979660) can0 03FF1000#0840112200000001
(1788540204.084667) can0 03FF1000#0840112200000001
(1788540204.189674) can0 03FF1000#0840112200000001
(1788540204.294681) can0 03FF1000#0840112200000001
(1788540204.399688) can0 03FF1000#0840112200000001
(1788540204.504696) can0 03FF1000#0840112200000001
(1788540204.609703) can0 03FF1000#0840112200000001
(1788540204.714709) can0 03FF1000#0840112200000001
(1788540204.819641) can0 03FF1000#0840112200000001
