(1788543858.297296) can0 03FF1000#0840112200000001
(1788543858.402266) can0 03FF1000#0840112200000001
(1788543858.507277) can0 03FF1000#0840112200000001
(1788543858.612323) can0 03FF1000#0840112200000001
(1788543858.717320) can0 03FF1000#0840112200000001
(1788543858.822314) can0 03FF1000#0840112200000001
(1788543858.927307) can0 03FF1000#0840112200000001
(1788543859.032317) can0 03FF1000#0840112200000001
(1788543859.137349) can0 03FF1000#0840112200000001
(1788543859.242348) can0 03FF1000#0840112200000001
(1788543859.347417) can0 03FF1000#0840112200000001
(1788543859.452344) can0 03FF1000#0840112200000001
(1788543859.557343) can0 03FF1000#0840112200000001
(1788543859.662358) can0 03FF1000#0840112200000001
(1788543859.750430) can0 04FF3603#0300000000000000
(1788543859.767383) can0 03FF1000#0840112200000001
(1788543859.800410) can0 04FF3400#00000B3900000000
(1788543859.872450) can0 03FF1000#0840112200000001
(1788543859.977383) can0 03FF1000#0840112200000001
(1788543860.082381) can0 03FF1000#0840112200000001
(1788543860.187401) can0 03FF1000#0840112200000001
(1788543860.292425) can0 03FF1000#0840112200000001
(1788543860.397426) can0 03FF1000#0840112200000001
(1788543860.502412) can0 03FF1000#0840112200000001
(1788543860.607432) can0 03FF1000#0840112200000001
(1788543860.712424) can0 03FF1000#0840112200000001
(1788543860.817467) can0 03FF1000#0840112200000001
(1788543860.922454) can0 03FF1000#0840112200000001
(1788543861.027451) can0 03FF1000#0840112200000001
(1788543861.132448) can0 03FF1000#0840112200000001
(1788543861.237469) can0 03FF1000#0840112200000001
(1788543861.342490) can0 03FF1000#0840112200000001
(1788543861.447479) can0 03FF1000#0840112200000001
(1788543861.552488) can0 03FF1000#0840112200000001
(1788543861.657498) can0 03FF1000#0840112200000001
(1788543861.762508) can0 03FF1000#0840112200000001
(1788543861.867532) can0 03FF1000#0840112200000001
(1788543861.972530) can0 03FF1000#0840112200000001
(1788543862.077539) can0 03FF1000#0840112200000001
(1788543862.182549) can0 03FF1000#0840112200000001
(1788543862.287559) can0 03FF1000#0840112200000001
(1788543862.392572) can0 03FF1000#0840112200000001
(1788543862.497580) can0 03FF1000#0840112200000001
(1788543862.602589) can0 03FF1000#0840112200000001
(1788543862.707610) can0 03FF1000#0840112200000001
(1788543862.812609) can0 03FF1000#0840112200000001
(1788543862.917621) can0 03FF1000#0840112200000001
(1788543863.022630) can0 03FF1000#0840112200000001
(1788543863.127640) can0 03FF1000#0840112200000001
(1788543863.232650) can0 03FF1000#0840112200000001
(1788543863.337660) can0 03FF1000#0840112200000001
(1788543863.442672) can0 03FF1000#0840112200000001
(1788543863.547683) can0 03FF1000#0840112200000001
(1788543863.652692) can0 03FF1000#0840112200000001
(1788543863.757701) can0 03FF1000#0840112200000001
(1788543863.862712) can0 03FF1000#0840112200000001
(1788543863.967721) can0 03FF1000#0840112200000001
(1788543864.072733) can0 03FF1000#0840112200000001
(1788543864.177742) can0 03FF1000#0840112200000001
(1788543864.282752) can0 03FF1000#0840112200000001
(1788543864.387763) can0 03FF1000#0840112200000001
(1788543864.492773) can0 03FF1000#0840112200000001
(1788543864.597782) can0 03FF1000#0840112200000001
(1788543864.702791) can0 03FF1000#0840112200000001
(1788543864.807802) can0 03FF1000#0840112200000001
(1788543864.912814) can0 03FF1000#0840112200000001
(1788543865.017824) can0 03FF1000#0840112200000001
(1788543865.122831) can0 03FF1000#0840112200000001
(1788543865.227844) can0 03FF1000#0840112200000001
(1788543865.332852) can0 03FF1000#0840112200000001
(1788543865.437863) can0 03FF1000#0840112200000001
(1788543865.542873) can0 03FF1000#0840112200000001
(1788543865.647882) can0 03FF1000#0840112200000001
(1788543865.752891) can0 03FF1000#0840112200000001
(1788543865.857904) can0 03FF1000#0840112200000001
(1788543865.962916) can0 03FF1000#0840112200000001
(1788543866.067923) can0 03FF1000#0840112200000001
(1788543866.172933) can0 03FF1000#0840112200000001
(1788543866.277944) can0 03FF1000#0840112200000001
(1788543866.382954) can0 03FF1000#0840112200000001
(1788543866.487963) can0 03FF1000#0840112200000001
(1788543866.592974) can0 03FF1000#0840112200000001
(1788543866.697983) can0 03FF1000#0840112200000001
(1788543866.802992) can0 03FF1000#0840112200000001
(1788543866.908005) can0 03FF1000#0840112200000001
(1788543867.013014) can0 03FF1000#0840112200000001
(1788543867.118022) can0 03FF1000#0840112200000001
(1788543867.223034) can0 03FF1000#0840112200000001
(1788543867.328043) can0 03FF1000#0840112200000001
(1788543867.433054) can0 03FF1000#0840112200000001
(1788543867.538063) can0 03FF1000#0840112200000001
(1788543867.643072) can0 03FF1000#0840112200000001
(1788543867.748081) can0 03FF1000#0840112200000001
(1788543867.853093) can0 03FF1000#0840112200000001
(1788543867.958103) can0 03FF1000#0840112200000001
(1788543868.063113) can0 03FF1000#0840112200000001
(1788543868.168122) can0 03FF1000#0840112200000001
(1788543868.273134) can0 03FF1000#0840112200000001
(1788543868.378144) can0 03FF1000#0840112200000001
(1788543868.483153) can0 03FF1000#0840112200000001
(1788543868.588163) can0 03FF1000#0840112200000001
(1788543868.693172) can0 03FF1000#0840112200000001
(1788543868.798182) can0 03FF1000#0840112200000001
(1788543868.903195) can0 03FF1000#0840112200000001
(1788543869.008203) can0 03FF1000#0840112200000001
(1788543869.113213) can0 03FF1000#0840112200000001
(1788543869.218225) can0 03FF1000#0840112200000001
(1788543869.323234) can0 03FF1000#0840112200000001
(1788543869.428245) can0 03FF1000#0840112200000001
(1788543869.533258) can0 03FF1000#0840112200000001
(1788543869.638265) can0 03FF1000#0840112200000001
(1788543869.743273) can0 03FF1000#0840112200000001
(1788543869.801277) can0 04FF3400#00000B3A00000000
(1788543869.848281) can0 03FF1000#0840112200000001
(1788543869.953294) can0 03FF1000#0840112200000001
(1788543870.058302) can0 03FF1000#0840112200000001
(1788543870.163313) can0 03FF1000#0840112200000001
(1788543870.268324) can0 03FF1000#0840112200000001
(1788543870.373334) can0 03FF1000#0840112200000001
(1788543870.478344) can0 03FF1000#0840112200000001
(1788543870.583354) can0 03FF1000#0840112200000001
(1788543870.688363) can0 03FF1000#0840112200000001
(1788543870.793373) can0 03FF1000#0840112200000001
(1788543870.898384) can0 03FF1000#0840112200000001
(1788543871.003394) can0 03FF1000#0840112200000001
(1788543871.108402) can0 03FF1000#0840112200000001
(1788543871.213414) can0 03FF1000#0840112200000001
(1788543871.318424) can0 03FF1000#0840112200000001
(1788543871.423433) can0 03FF1000#0840112200000001
(1788543871.528443) can0 03FF1000#0840112200000001
(1788543871.633452) can0 03FF1000#0840112200000001
(1788543871.738461) can0 03FF1000#0840112200000001
(1788543871.843472) can0 03FF1000#0840112200000001
(1788543871.948483) can0 03FF1000#0840112200000001
(1788543872.053491) can0 03FF1000#0840112200000001
(1788543872.158501) can0 03FF1000#0840112200000001
(1788543872.263513) can0 03FF1000#0840112200000001
(1788543872.368523) can0 03FF1000#0840112200000001
(1788543872.473534) can0 03FF1000#0840112200000001
(1788543872.578544) can0 03FF1000#0840112200000001
(1788543872.683552) can0 03FF1000#0840112200000001
(1788543872.788561) can0 03FF1000#0840112200000001
(1788543872.893575) can0 03FF1000#0840112200000001
(1788543872.998584) can0 03FF1000#0840112200000001
(1788543873.103591) can0 03FF1000#0840112200000001
(1788543873.208603) can0 03FF1000#0840112200000001
(1788543873.313613) can0 03FF1000#0840112200000001
(1788543873.418624) can0 03FF1000#0840112200000001
(1788543873.523633) can0 03FF1000#0840112200000001
(1788543873.628642) can0 03FF1000#0840112200000001
(1788543873.733651) can0 03FF1000#0840112200000001
(1788543873.838661) can0 03FF1000#0840112200000001
(1788543873.943673) can0 03FF1000#0840112200000001
(1788543874.048681) can0 03FF1000#0840112200000001
(1788543874.153691) can0 03FF1000#0840112200000001
(1788543874.258701) can0 03FF1000#0840112200000001
(1788543874.363713) can0 03FF1000#0840112200000001
(1788543874.468724) can0 03FF1000#0840112200000001
(1788543874.573732) can0 03FF1000#0840112200000001
(1788543874.678742) can0 03FF1000#0840112200000001
(1788543874.783751) can0 03FF1000#0840112200000001
(1788543874.888765) can0 03FF1000#0840112200000001
(1788543874.993772) can0 03FF1000#0840112200000001
(1788543875.098781) can0 03FF1000#0840112200000001
(1788543875.203792) can0 03FF1000#0840112200000001
(1788543875.308801) can0 03FF1000#0840112200000001
(1788543875.413813) can0 03FF1000#0840112200000001
(1788543875.518821) can0 03FF1000#0840112200000001
(1788543875.623832) can0 03FF1000#0840112200000001
(1788543875.728839) can0 03FF1000#0840112200000001
(1788543875.833849) can0 03FF1000#0840112200000001
(1788543875.938863) can0 03FF1000#0840112200000001
(1788543876.043870) can0 03FF1000#0840112200000001
(1788543876.148880) can0 03FF1000#0840112200000001
(1788543876.253890) can0 03FF1000#0840112200000001
(1788543876.358898) can0 03FF1000#0840112200000001
(1788543876.463911) can0 03FF1000#0840112200000001
(1788543876.568921) can0 03FF1000#0840112200000001
(1788543876.673930) can0 03FF1000#0840112200000001
(1788543876.778940) can0 03FF1000#0840112200000001
(1788543876.883951) can0 03FF1000#0840112200000001
(1788543876.988961) can0 03FF1000#0840112200000001
(1788543877.093970) can0 03FF1000#0840112200000001
(1788543877.198981) can0 03FF1000#0840112200000001
(1788543877.303989) can0 03FF1000#0840112200000001
(1788543877.409001) can0 03FF1000#0840112200000001
(1788543877.514010) can0 03FF1000#0840112200000001
(1788543877.619018) can0 03FF1000#0840112200000001
(1788543877.724027) can0 03FF1000#0840112200000001
(1788543877.829037) can0 03FF1000#0840112200000001
(1788543877.934049) can0 03FF1000#0840112200000001
(1788543878.039059) can0 03FF1000#0840112200000001
(1788543878.144068) can0 03FF1000#0840112200000001
(1788543878.249078) can0 03FF1000#0840112200000001
(1788543878.354087) can0 03FF1000#0840112200000001
(1788543878.459098) can0 03FF1000#0840112200000001
(1788543878.564107) can0 03FF1000#0840112200000001
(1788543878.669116) can0 03FF1000#0840112200000001
(1788543878.774126) can0 03FF1000#0840112200000001
(1788543878.879138) can0 03FF1000#0840112200000001
(1788543878.984147) can0 03FF1000#0840112200000001
(1788543879.089156) can0 03FF1000#0840112200000001
(1788543879.194166) can0 03FF1000#0840112200000001
(1788543879.299178) can0 03FF1000#0840112200000001
(1788543879.404186) can0 03FF1000#0840112200000001
(1788543879.509197) can0 03FF1000#0840112200000001
(1788543879.614206) can0 03FF1000#0840112200000001
(1788543879.719214) can0 03FF1000#0840112200000001
(1788543879.801222) can0 04FF3400#00000B3B00000000
(1788543879.824222) can0 03FF1000#0840112200000001
(1788543879.929237) can0 03FF1000#0840112200000001
(1788543880.034247) can0 03FF1000#0840112200000001
(1788543880.139255) can0 03FF1000#0840112200000001
(1788543880.244266) can0 03FF1000#0840112200000001
(1788543880.349274) can0 03FF1000#0840112200000001
(1788543880.454287) can0 03FF1000#0840112200000001
(1788543880.559295) can0 03FF1000#0840112200000001
(1788543880.664304) can0 03FF1000#0840112200000001
(1788543880.769313) can0 03FF1000#0840112200000001
(1788543880.874325) can0 03FF1000#0840112200000001
(1788543880.979334) can0 03FF1000#0840112200000001
(1788543881.084344) can0 03FF1000#0840112200000001
(1788543881.189353) can0 03FF1000#0840112200000001
(1788543881.294364) can0 03FF1000#0840112200000001
(1788543881.399375) can0 03FF1000#0840112200000001
(1788543881.504384) can0 03FF1000#0840112200000001
(1788543881.609396) can0 03FF1000#0840112200000001
(1788543881.714403) can0 03FF1000#0840112200000001
(1788543881.819411) can0 03FF1000#0840112200000001
(1788543881.924426) can0 03FF1000#0840112200000001
(1788543882.029433) can0 03FF1000#0840112200000001
(1788543882.134442) can0 03FF1000#0840112200000001
(1788543882.239453) can0 03FF1000#0840112200000001
(1788543882.344466) can0 03FF1000#0840112200000001
(1788543882.449473) can0 03FF1000#0840112200000001
(1788543882.554488) can0 03FF1000#0840112200000001
(1788543882.659490) can0 03FF1000#0840112200000001
(1788543882.764499) can0 03FF1000#0840112200000001
(1788543882.869512) can0 03FF1000#0840112200000001
(1788543882.974522) can0 03FF1000#0840112200000001
(1788543883.079530) can0 03FF1000#0840112200000001
(1788543883.184540) can0 03FF1000#0840112200000001
(1788543883.289552) can0 03FF1000#0840112200000001
(1788543883.394561) can0 03FF1000#0840112200000001
(1788543883.499570) can0 03FF1000#0840112200000001
(1788543883.604579) can0 03FF1000#0840112200000001
(1788543883.709587) can0 03FF1000#0840112200000001
(1788543883.814598) can0 03FF1000#0840112200000001
(1788543883.919610) can0 03FF1000#0840112200000001
(1788543884.024618) can0 03FF1000#0840112200000001
(1788543884.129628) can0 03FF1000#0840112200000001
(1788543884.234638) can0 03FF1000#0840112200000001
(1788543884.339648) can0 03FF1000#0840112200000001
(1788543884.443913) can0 03FF1000#0840112200000001
(1788543884.549667) can0 03FF1000#0840112200000001
(1788543884.654677) can0 03FF1000#0840112200000001
(1788543884.759685) can0 03FF1000#0840112200000001
(1788543884.863938) can0 03FF1000#0840112200000001
(1788543884.968962) can0 03FF1000#0840112200000001
(1788543885.073958) can0 03FF1000#0840112200000001
(1788543885.179725) can0 03FF1000#0840112200000001
(1788543885.283991) can0 03FF1000#0840112200000001
(1788543885.388977) can0 03FF1000#0840112200000001
(1788543885.493976) can0 03FF1000#0840112200000001
(1788543885.599003) can0 03FF1000#0840112200000001
(1788543885.704773) can0 03FF1000#0840112200000001
(1788543885.809026) can0 03FF1000#0840112200000001
(1788543885.914016) can0 03FF1000#0840112200000001
(1788543886.019008) can0 03FF1000#0840112200000001
(1788543886.124010) can0 03FF1000#0840112200000001
(1788543886.229044) can0 03FF1000#0840112200000001
(1788543886.334053) can0 03FF1000#0840112200000001
(1788543886.439041) can0 03FF1000#0840112200000001
(1788543886.544050) can0 03FF1000#0840112200000001
(1788543886.649060) can0 03FF1000#0840112200000001
(1788543886.754068) can0 03FF1000#0840112200000001
(1788543886.859073) can0 03FF1000#0840112200000001
(1788543886.964076) can0 03FF1000#0840112200000001
(1788543887.069086) can0 03FF1000#0840112200000001
(1788543887.174085) can0 03FF1000#0840112200000001
(1788543887.279102) can0 03FF1000#0840112200000001
(1788543887.384128) can0 03FF1000#0840112200000001
(1788543887.489104) can0 03FF1000#0840112200000001
(1788543887.594112) can0 03FF1000#0840112200000001
(1788543887.699113) can0 03FF1000#0840112200000001
(1788543887.804146) can0 03FF1000#0840112200000001
(1788543887.909157) can0 03FF1000#0840112200000001
(1788543888.014190) can0 03FF1000#0840112200000001
(1788543888.119136) can0 03FF1000#0840112200000001
(1788543888.224138) can0 03FF1000#0840112200000001
(1788543888.329182) can0 03FF1000#0840112200000001
(1788543888.434195) can0 03FF1000#0840112200000001
(1788543888.539220) can0 03FF1000#0840112200000001
(1788543888.644177) can0 03FF1000#0840112200000001
(1788543888.749187) can0 03FF1000#0840112200000001
(1788543888.854196) can0 03FF1000#0840112200000001
(1788543888.959218) can0 03FF1000#0840112200000001
(1788543889.064216) can0 03FF1000#0840112200000001
(1788543889.169202) can0 03FF1000#0840112200000001
(1788543889.274213) can0 03FF1000#0840112200000001
(1788543889.379241) can0 03FF1000#0840112200000001
(1788543889.484232) can0 03FF1000#0840112200000001
(1788543889.589241) can0 03FF1000#0840112200000001
(1788543889.694239) can0 03FF1000#0840112200000001
(1788543889.799245) can0 03FF1000#0840112200000001
(1788543889.801377) can0 04FF3400#00000B3C00000000
(1788543889.904270) can0 03FF1000#0840112200000001
(1788543890.009293) can0 03FF1000#0840112200000001
(1788543890.114278) can0 03FF1000#0840112200000001
(1788543890.219277) can0 03FF1000#0840112200000001
(1788543890.324275) can0 03FF1000#0840112200000001
(1788543890.429307) can0 03FF1000#0840112200000001
(1788543890.534313) can0 03FF1000#0840112200000001
(1788543890.639316) can0 03FF1000#0840112200000001
(1788543890.744302) can0 03FF1000#0840112200000001
(1788543890.849357) can0 03FF1000#0840112200000001
(1788543890.954328) can0 03FF1000#0840112200000001
(1788543891.059343) can0 03FF1000#0840112200000001
(1788543891.164328) can0 03FF1000#0840112200000001
(1788543891.269338) can0 03FF1000#0840112200000001
(1788543891.374384) can0 03FF1000#0840112200000001
(1788543891.479370) can0 03FF1000#0840112200000001
(1788543891.584380) can0 03FF1000#0840112200000001
(1788543891.689365) can0 03FF1000#0840112200000001
(1788543891.794371) can0 03FF1000#0840112200000001
(1788543891.899432) can0 03FF1000#0840112200000001
(1788543892.004394) can0 03FF1000#0840112200000001
(1788543892.109416) can0 03FF1000#0840112200000001
(1788543892.214399) can0 03FF1000#0840112200000001
(1788543892.319390) can0 03FF1000#0840112200000001
(1788543892.424411) can0 03FF1000#0840112200000001
(1788543892.529421) can0 03FF1000#0840112200000001
(1788543892.634441) can0 03FF1000#0840112200000001
(1788543892.739438) can0 03FF1000#0840112200000001
(1788543892.844436) can0 03FF1000#0840112200000001
(1788543892.949447) can0 03FF1000#0840112200000001
(1788543893.054457) can0 03FF1000#0840112200000001
(1788543893.159477) can0 03FF1000#0840112200000001
(1788543893.264475) can0 03FF1000#0840112200000001
(1788543893.369485) can0 03FF1000#0840112200000001
(1788543893.474495) can0 03FF1000#0840112200000001
(1788543893.579508) can0 03FF1000#0840112200000001
(1788543893.684516) can0 03FF1000#0840112200000001
(1788543893.789523) can0 03FF1000#0840112200000001
(1788543893.894535) can0 03FF1000#0840112200000001
(1788543893.999543) can0 03FF1000#0840112200000001
(1788543894.104552) can0 03FF1000#0840112200000001
(1788543894.209563) can0 03FF1000#0840112200000001
(1788543894.314574) can0 03FF1000#0840112200000001
(1788543894.419583) can0 03FF1000#0840112200000001
(1788543894.524591) can0 03FF1000#0840112200000001
(1788543894.629600) can0 03FF1000#0840112200000001
(1788543894.734609) can0 03FF1000#0840112200000001
(1788543894.839619) can0 03FF1000#0840112200000001
(1788543894.944631) can0 03FF1000#0840112200000001
(1788543895.049638) can0 03FF1000#0840112200000001
(1788543895.154648) can0 03FF1000#0840112200000001
(1788543895.259659) can0 03FF1000#0840112200000001
(1788543895.364669) can0 03FF1000#0840112200000001
(1788543895.469678) can0 03FF1000#0840112200000001
(1788543895.574687) can0 03FF1000#0840112200000001
(1788543895.679696) can0 03FF1000#0840112200000001
(1788543895.784705) can0 03FF1000#0840112200000001
(1788543895.889718) can0 03FF1000#0840112200000001
(1788543895.994726) can0 03FF1000#0840112200000001
(1788543896.099735) can0 03FF1000#0840112200000001
(1788543896.204745) can0 03FF1000#0840112200000001
(1788543896.309755) can0 03FF1000#0840112200000001
(1788543896.414765) can0 03FF1000#0840112200000001
(1788543896.519774) can0 03FF1000#0840112200000001
(1788543896.624783) can0 03FF1000#0840112200000001
(1788543896.729791) can0 03FF1000#0840112200000001
(1788543896.834805) can0 03FF1000#0840112200000001
(1788543896.939816) can0 03FF1000#0840112200000001
(1788543897.044822) can0 03FF1000#0840112200000001
(1788543897.149831) can0 03FF1000#0840112200000001
(1788543897.254846) can0 03FF1000#0840112200000001
(1788543897.359852) can0 03FF1000#0840112200000001
(1788543897.464861) can0 03FF1000#0840112200000001
(1788543897.569867) can0 03FF1000#0840112200000001
(1788543897.674876) can0 03FF1000#0840112200000001
(1788543897.779885) can0 03FF1000#0840112200000001
(1788543897.884895) can0 03FF1000#0840112200000001
(1788543897.989906) can0 03FF1000#0840112200000001
(1788543898.094915) can0 03FF1000#0840112200000001
(1788543898.199925) can0 03FF1000#0840112200000001
(1788543898.304934) can0 03FF1000#0840112200000001
(1788543898.409944) can0 03FF1000#0840112200000001
(1788543898.514954) can0 03FF1000#0840112200000001
(1788543898.619962) can0 03FF1000#0840112200000001
(1788543898.724972) can0 03FF1000#0840112200000001
(1788543898.829982) can0 03FF1000#0840112200000001
(1788543898.934992) can0 03FF1000#0840112200000001
(1788543899.040001) can0 03FF1000#0840112200000001
(1788543899.145010) can0 03FF1000#0840112200000001
(1788543899.250019) can0 03FF1000#0840112200000001
(1788543899.355029) can0 03FF1000#0840112200000001
(1788543899.460040) can0 03FF1000#0840112200000001
(1788543899.565049) can0 03FF1000#0840112200000001
(1788543899.670059) can0 03FF1000#0840112200000001
(1788543899.775068) can0 03FF1000#0840112200000001
(1788543899.802069) can0 04FF3400#00000B3D00000000
(1788543899.880077) can0 03FF1000#0840112200000001
(1788543899.985087) can0 03FF1000#0840112200000001
(1788543900.090097) can0 03FF1000#0840112200000001
(1788543900.195106) can0 03FF1000#0840112200000001
(1788543900.300116) can0 03FF1000#0840112200000001
(1788543900.405125) can0 03FF1000#0840112200000001
(1788543900.510135) can0 03FF1000#0840112200000001
(1788543900.615144) can0 03FF1000#0840112200000001
(1788543900.720154) can0 03FF1000#0840112200000001
(1788543900.825163) can0 03FF1000#0840112200000001
(1788543900.930173) can0 03FF1000#0840112200000001
(1788543901.035182) can0 03FF1000#0840112200000001
(1788543901.140192) can0 03FF1000#0840112200000001
(1788543901.245201) can0 03FF1000#0840112200000001
(1788543901.350211) can0 03FF1000#0840112200000001
(1788543901.455221) can0 03FF1000#0840112200000001
(1788543901.560230) can0 03FF1000#0840112200000001
(1788543901.665240) can0 03FF1000#0840112200000001
(1788543901.770250) can0 03FF1000#0840112200000001
(1788543901.875261) can0 03FF1000#0840112200000001
(1788543901.980272) can0 03FF1000#0840112200000001
(1788543902.085280) can0 03FF1000#0840112200000001
(1788543902.190289) can0 03FF1000#0840112200000001
(1788543902.295299) can0 03FF1000#0840112200000001
(1788543902.400308) can0 03FF1000#0840112200000001
(1788543902.505317) can0 03FF1000#0840112200000001
(1788543902.610326) can0 03FF1000#0840112200000001
(1788543902.715335) can0 03FF1000#0840112200000001
(1788543902.820345) can0 03FF1000#0840112200000001
(1788543902.925357) can0 03FF1000#0840112200000001
(1788543903.030365) can0 03FF1000#0840112200000001
(1788543903.135373) can0 03FF1000#0840112200000001
(1788543903.240385) can0 03FF1000#0840112200000001
(1788543903.345392) can0 03FF1000#0840112200000001
(1788543903.450403) can0 03FF1000#0840112200000001
(1788543903.555413) can0 03FF1000#0840112200000001
(1788543903.660422) can0 03FF1000#0840112200000001
(1788543903.765431) can0 03FF1000#0840112200000001
(1788543903.870440) can0 03FF1000#0840112200000001
(1788543903.975450) can0 03FF1000#0840112200000001
(1788543904.080460) can0 03FF1000#0840112200000001
(1788543904.185469) can0 03FF1000#0840112200000001
(1788543904.290479) can0 03FF1000#0840112200000001
(1788543904.395488) can0 03FF1000#0840112200000001
(1788543904.500498) can0 03FF1000#0840112200000001
(1788543904.605507) can0 03FF1000#0840112200000001
(1788543904.710516) can0 03FF1000#0840112200000001
(1788543904.815527) can0 03FF1000#0840112200000001
(1788543904.920537) can0 03FF1000#0840112200000001
(1788543905.025545) can0 03FF1000#0840112200000001
(1788543905.130554) can0 03FF1000#0840112200000001
(1788543905.235565) can0 03FF1000#0840112200000001
(1788543905.340575) can0 03FF1000#0840112200000001
(1788543905.445585) can0 03FF1000#0840112200000001
(1788543905.550600) can0 03FF1000#0840112200000001
(1788543905.655605) can0 03FF1000#0840112200000001
(1788543905.760613) can0 03FF1000#0840112200000001
(1788543905.865620) can0 03FF1000#0840112200000001
(1788543905.970634) can0 03FF1000#0840112200000001
(1788543906.075640) can0 03FF1000#0840112200000001
(1788543906.180651) can0 03FF1000#0840112200000001
(1788543906.285659) can0 03FF1000#0840112200000001
(1788543906.390670) can0 03FF1000#0840112200000001
(1788543906.495678) can0 03FF1000#0840112200000001
(1788543906.600688) can0 03FF1000#0840112200000001
(1788543906.705697) can0 03FF1000#0840112200000001
(1788543906.810707) can0 03FF1000#0840112200000001
(1788543906.915715) can0 03FF1000#0840112200000001
(1788543907.020726) can0 03FF1000#0840112200000001
(1788543907.125735) can0 03FF1000#0840112200000001
(1788543907.230744) can0 03FF1000#0840112200000001
(1788543907.335754) can0 03FF1000#0840112200000001
(1788543907.440764) can0 03FF1000#0840112200000001
(1788543907.545774) can0 03FF1000#0840112200000001
(1788543907.650782) can0 03FF1000#0840112200000001
(1788543907.755792) can0 03FF1000#0840112200000001
(1788543907.860800) can0 03FF1000#0840112200000001
(1788543907.965810) can0 03FF1000#0840112200000001
(1788543908.070819) can0 03FF1000#0840112200000001
(1788543908.175829) can0 03FF1000#0840112200000001
(1788543908.280839) can0 03FF1000#0840112200000001
(1788543908.385847) can0 03FF1000#0840112200000001
(1788543908.490857) can0 03FF1000#0840112200000001
(1788543908.595866) can0 03FF1000#0840112200000001
(1788543908.700876) can0 03FF1000#0840112200000001
(1788543908.805885) can0 03FF1000#0840112200000001
(1788543908.910894) can0 03FF1000#0840112200000001
(1788543909.015904) can0 03FF1000#0840112200000001
(1788543909.120913) can0 03FF1000#0840112200000001
(1788543909.225923) can0 03FF1000#0840112200000001
(1788543909.330932) can0 03FF1000#0840112200000001
(1788543909.435942) can0 03FF1000#0840112200000001
(1788543909.540952) can0 03FF1000#0840112200000001
(1788543909.645960) can0 03FF1000#0840112200000001
(1788543909.750972) can0 03FF1000#0840112200000001
(1788543909.801975) can0 04FF3400#00000B3E00000000
(1788543909.855980) can0 03FF1000#0840112200000001
(1788543909.960989) can0 03FF1000#0840112200000001
(1788543910.065998) can0 03FF1000#0840112200000001
(1788543910.171010) can0 03FF1000#0840112200000001
(1788543910.276018) can0 03FF1000#0840112200000001
(1788543910.381026) can0 03FF1000#0840112200000001
(1788543910.486036) can0 03FF1000#0840112200000001
(1788543910.591045) can0 03FF1000#0840112200000001
(1788543910.696054) can0 03FF1000#0840112200000001
(1788543910.801064) can0 03FF1000#0840112200000001
(1788543910.906074) can0 03FF1000#0840112200000001
(1788543911.011083) can0 03FF1000#0840112200000001
(1788543911.116092) can0 03FF1000#0840112200000001
(1788543911.221103) can0 03FF1000#0840112200000001
(1788543911.326112) can0 03FF1000#0840112200000001
(1788543911.431121) can0 03FF1000#0840112200000001
(1788543911.536137) can0 03FF1000#0840112200000001
(1788543911.641143) can0 03FF1000#0840112200000001
(1788543911.746149) can0 03FF1000#0840112200000001
(1788543911.851159) can0 03FF1000#0840112200000001
(1788543911.956170) can0 03FF1000#0840112200000001
(1788543912.061179) can0 03FF1000#0840112200000001
(1788543912.166192) can0 03FF1000#0840112200000001
(1788543912.271199) can0 03FF1000#0840112200000001
(1788543912.376206) can0 03FF1000#0840112200000001
(1788543912.481216) can0 03FF1000#0840112200000001
(1788543912.586225) can0 03FF1000#0840112200000001
(1788543912.691234) can0 03FF1000#0840112200000001
(1788543912.796244) can0 03FF1000#0840112200000001
(1788543912.901253) can0 03FF1000#0840112200000001
(1788543913.006262) can0 03FF1000#0840112200000001
(1788543913.111271) can0 03FF1000#0840112200000001
(1788543913.216282) can0 03FF1000#0840112200000001
(1788543913.321291) can0 03FF1000#0840112200000001
(1788543913.426300) can0 03FF1000#0840112200000001
(1788543913.531311) can0 03FF1000#0840112200000001
(1788543913.636318) can0 03FF1000#0840112200000001
(1788543913.741328) can0 03FF1000#0840112200000001
(1788543913.846338) can0 03FF1000#0840112200000001
(1788543913.951347) can0 03FF1000#0840112200000001
(1788543914.056357) can0 03FF1000#0840112200000001
(1788543914.161366) can0 03FF1000#0840112200000001
(1788543914.266375) can0 03FF1000#0840112200000001
