1788970254.314583 
1788970254.315421 +RESP:GTFRI,EF8051,864864077015703,HumanForest,0K541203001919,humanforest: 28151,,,0,0000000000000000,0,0.0,0,49.5,-0.099664,51.499638,20260909160735,,0234,0015,013C,364A,27&99,1,41,0,52847,4153,99,0,0,1,,0.0&0.00&0.0&4819.3&0&0&0&000000510000000401040000&000000C3000000EB05000000&0&0&00000000000000000000&0&2&00000000000000,88,20260909161054,E8B3$
1788970261.862813 AT+GTRTO=*,F,,0,,,,,,E8B4$
1788970261.865759 
1788970261.865772 +ACK:GTRTO,EF8051,864864077015703,HumanForest,,UNLOCK,E8B4,20260909161102,E8B4$
1788970264.545017 
1788970264.545890 +RESP:GTULS,EF8051,864864077015703,HumanForest,0K541203001919,humanforest: 28151,,,0,0000000000000000,0,0.0,0,49.5,-0.099664,51.499638,20260909160735,,0234,0015,013C,364A,27&99,1,41,0,52834,4153,99,0,0,0,,0.0&0.00&49.0&4819.3&1&0&0&000000510000000401040000&000000C3000000EB05000000&0&0&025F15141414FFFFFFB3&0&2&00000000000000,88,20260909161104,E8B5$
1788970265.527954 
1788970265.527978 +RESP:GTFRI,EF8051,864864077015703,HumanForest,0K541203001919,humanforest: 28151,,,0,0000000000000000,0,0.0,0,49.5,-0.099664,51.499638,20260909160735,,0234,0015,013C,364A,27&99,1,41,0,52834,4153,99,0,0,0,,0.0&0.00&49.0&4819.3&1&0&0&000000510000000401040000&000000C3000000EB05000000&0&0&025F15141414FFFFFFBE&0&2&00000000000000,88,20260909161105,E8B6$
1788970270.198217 
1788970270.198398 +RESP:GTMLS,EF8051,864864077015703,HumanForest,0K541203001919,humanforest: 28151,,,30,0,52822,4153,99,0,2,4,,20260909161110,E8B7$
1788970273.533342 
1788970273.533370 +RESP:GTFRI,EF8051,864864077015703,HumanForest,0K541203001919,humanforest: 28151,,,0,0000000000000000,0,0.0,0,49.5,-0.099664,51.499638,20260909160735,,0234,0015,013C,364A,27&99,1,41,0,52822,4153,99,0,0,0,,17.4&0.01&49.0&4819.3&1&0&4&000000510000000401040000&000000C3000000EB05000000&0&0&025F15141414FFFFFF87&0&2&00000000000000,88,20260909161113,E8B8$
1788970276.087466 
1788970276.087492 +RESP:GTSTT,EF8051,864864077015703,HumanForest,0K541203001919,humanforest: 28151,,,0,0000000000000000,0,0.0,0,49.5,-0.099664,51.499638,20260909160735,,0234,0015,013C,364A,27&99,1,42,0,52822,4153,99,0,0,0,,22.9&0.02&49.0&4819.3&1&0&6&000000510000000401040000&000000C3000000EB05000000&0&0&025F15141414FFFFFF8C&0&2&00000000000000,88,20260909161116,E8B9$
1788970283.142795 
1788970283.142812 +RESP:GTFRI,EF8051,864864077015703,HumanForest,0K541203001919,humanforest: 28151,,,0,0000000000000000,0,0.0,0,49.5,-0.099664,51.499638,20260909160735,,0234,0015,013C,364A,27&99,1,42,0,52822,4153,99,0,0,0,,16.3&0.07&49.0&4819.3&1&0&13&000000510000000401040000&000000C3000000EB05000000&0&0&025F15141414FFFFFF92&0&2&00000000000000,88,20260909161123,E8BA$
1788970288.750058 
1788970288.750085 +RESP:GTFRI,EF8051,864864077015703,HumanForest,0K541203001919,humanforest: 28151,,,0,0000000000000000,0,0.0,0,49.5,-0.099664,51.499638,20260909160735,,0234,0015,013C,364A,27&99,1,42,0,52822,4153,99,0,0,0,,0.0&0.08&49.0&4819.3&1&0&16&000000510000000401040000&000000C3000000EB05000000&0&0&025F15141414FFFFFF92&0&2&00000000000000,88,20260909161129,E8BB$
1788970299.157668 
1788970299.158540 +RESP:GTFRI,EF8051,864864077015703,HumanForest,0K541203001919,humanforest: 28151,,,0,0000000000000000,0,0.0,0,49.5,-0.099664,51.499638,20260909160735,,0234,0015,013C,364A,27&99,1,42,0,52822,4153,99,0,0,0,,0.0&0.08&49.0&4819.3&1&0&16&000000510000000401040000&000000C3000000EB05000000&0&0&025F15141414FFFFFF92&0&2&00000000000000,88,20260909161139,E8BC$
1788970308.767044 
1788970308.767081 +RESP:GTFRI,EF8051,864864077015703,HumanForest,0K541203001919,humanforest: 28151,,,0,0000000000000000,0,0.0,0,49.5,-0.099664,51.499638,20260909160735,,0234,0015,013C,364A,27&99,1,42,0,52822,4153,99,0,0,0,,0.0&0.08&49.0&4819.3&1&0&16&000000510000000401040000&000000C3000000EB05000000&0&0&025F15141414FFFFFF92&0&2&00000000000000,88,20260909161149,E8BD$
1788970319.035486 AT+GTRTO=*,10,,0,,,,,,E8BE$
1788970319.038705 
1788970319.039487 +ACK:GTRTO,EF8051,864864077015703,HumanForest,,LOCK,E8BE,20260909161159,E8BE$
1788970319.050714 
1788970319.051487 +RESP:GTLOR,EF8051,864864077015703,HumanForest,0K541203001919,humanforest: 28151,,,0,0000000000000000,0,0.0,0,49.5,-0.099664,51.499638,20260909160735,,0234,0015,013C,364A,27&99,1,42,0,52822,4153,99,0,0,0,,0.0&0.08&49.0&4819.3&1&0&16&000000510000000401040000&000000C3000000EB05000000&0&0&025F15141514FFFFFF8C&0&2&00000000000000,88,20260909161159,E8BF$
1788970319.209686 
1788970319.210502 +RESP:GTFRI,EF8051,864864077015703,HumanForest,0K541203001919,humanforest: 28151,,,0,0000000000000000,0,0.0,0,49.5,-0.099664,51.499638,20260909160735,,0234,0015,013C,364A,27&99,1,42,0,52822,4153,99,0,0,0,,0.0&0.08&49.0&4819.3&1&0&16&000000510000000401040000&000000C3000000EB05000000&0&0&025F15141514FFFFFF8C&0&2&00000000000000,88,20260909161159,E8C0$
1788970319.457498 
1788970319.457512 +RESP:GTLOC,EF8051,864864077015703,HumanForest,0K541203001919,humanforest: 28151,,,0,0000000000000000,0,0.0,0,49.5,-0.099664,51.499638,20260909160735,,0234,0015,013C,364A,27&99,1,42,0,52822,4153,99,0,0,1,,0.0&0.08&49.0&4819.3&1&0&16&000000510000000401040000&000000C3000000EB05000000&0&0&025F15141514FFFFFF8C&0&2&00000000000000,88,20260909161159,E8C1$
1788970320.780576 
1788970320.780594 +RESP:GTFRI,EF8051,864864077015703,HumanForest,0K541203001919,humanforest: 28151,,,0,0000000000000000,0,0.0,0,49.5,-0.099664,51.499638,20260909160735,,0234,0015,013C,364A,27&99,1,42,0,52809,4153,99,0,0,1,,0.0&0.00&0.0&4819.3&0&0&0&000000510000000401040000&000000C3000000EB05000000&0&0&00000000000000000000&0&2&00000000000000,88,20260909161201,E8C2$
1788970323.622851 
1788970323.622919 +RESP:GTSTT,EF8051,864864077015703,HumanForest,0K541203001919,humanforest: 28151,,,0,0000000000000000,0,0.0,0,49.5,-0.099664,51.499638,20260909160735,,0234,0015,013C,364A,27&99,1,41,0,52822,4153,99,0,0,1,,0.0&0.00&0.0&4819.3&0&0&0&000000510000000401040000&000000C3000000EB05000000&0&0&00000000000000000000&0&2&00000000000000,88,20260909161203,E8C3$
1788970329.576621 
1788970329.576656 +RESP:GTMLS,EF8051,864864077015703,HumanForest,0K541203001919,humanforest: 28151,,,30,0,52822,4153,99,1,2,4,,20260909161209,E8C4$
1788970336.795521 AT+GTRTO=*,F,,0,,,,,,E8C5$
1788970336.798529 
1788970336.798721 +ACK:GTRTO,EF8051,864864077015703,HumanForest,,UNLOCK,E8C5,20260909161217,E8C5$
1788970339.477864 
1788970339.477891 +RESP:GTULS,EF8051,864864077015703,HumanForest,0K541203001919,humanforest: 28151,,,0,0000000000000000,0,0.0,0,49.5,-0.099664,51.499638,20260909160735,,0234,0015,013C,364A,27&99,1,41,0,52834,4153,99,0,0,0,,0.0&0.00&49.0&4819.3&1&0&0&000000510000000401040000&000000C3000000EB05000000&0&0&025F15141514FFFFFFB3&0&2&00000000000000,88,20260909161219,E8C6$
1788970340.800257 
1788970340.801054 +RESP:GTFRI,EF8051,864864077015703,HumanForest,0K541203001919,humanforest: 28151,,,0,0000000000000000,0,0.0,0,49.5,-0.099664,51.499638,20260909160735,,0234,0015,013C,364A,27&99,1,41,0,52822,4153,99,0,0,0,,0.0&0.00&49.0&4819.3&1&0&0&000000510000000401040000&000000C3000000EB05000000&0&0&025F15141514FFFFFFB9&0&2&00000000000000,88,20260909161221,E8C7$
1788970345.182577 
1788970345.182603 +RESP:GTMLS,EF8051,864864077015703,HumanForest,0K541203001919,humanforest: 28151,,,30,0,52759,4153,99,0,2,4,,20260909161225,E8C8$
1788970345.375586 
1788970345.375607 +RESP:GTSTT,EF8051,864864077015703,HumanForest,0K541203001919,humanforest: 28151,,,0,0000000000000000,0,0.0,0,49.5,-0.099664,51.499638,20260909160735,,0234,0015,013C,364A,27&99,1,42,0,52759,4153,99,0,0,0,,22.1&0.01&49.0&4819.3&1&0&2&000000510000000401040000&000000C3000000EB05000000&0&0&025F15141514FFFFFD63&0&2&00000000000000,88,20260909161225,E8C9$
1788970346.405739 
1788970346.405768 +RESP:GTFRI,EF8051,864864077015703,HumanForest,0K541203001919,humanforest: 28151,,,0,0000000000000000,0,0.0,0,49.5,-0.099664,51.499638,20260909160735,,0234,0015,013C,364A,27&99,1,42,0,52759,4153,99,0,0,0,,24.3&0.01&49.0&4819.3&1&0&3&000000510000000401040000&000000C3000000EB05000000&0&0&025F15141514FFFFFD90&0&2&00000000000000,88,20260909161226,E8CA$
1788970356.015943 
1788970356.015978 +RESP:GTFRI,EF8051,864864077015703,HumanForest,0K541203001919,humanforest: 28151,,,0,0000000000000000,0,0.0,0,49.5,-0.099664,51.499638,20260909160735,,0234,0015,013C,364A,27&99,1,42,0,52784,4153,99,0,0,0,,20.7&0.08&49.0&4819.4&1&0&12&000000510000000401040000&000000C3000000EB05000000&0&0&025F15141514FFFFFDD2&0&2&00000000000000,88,20260909161236,E8CB$
1788970365.625111 
1788970365.625142 +RESP:GTFRI,EF8051,864864077015703,HumanForest,0K541203001919,humanforest: 28151,,,0,0000000000000000,0,0.0,0,49.5,-0.099664,51.499638,20260909160735,,0234,0015,013C,364A,27&99,1,42,0,52822,4153,99,0,0,0,,0.0&0.10&49.0&4819.4&1&0&19&000000510000000401040000&000000C3000000EB05000000&0&0&025F15141514FFFFFF8C&0&2&00000000000000,88,20260909161245,E8CC$
1788970376.035612 
1788970376.036423 +RESP:GTFRI,EF8051,864864077015703,HumanForest,0K541203001919,humanforest: 28151,,,0,0000000000000000,0,0.0,0,49.5,-0.099664,51.499638,20260909160735,,0234,0015,013C,364A,27&99,1,42,0,52822,4153,99,0,0,0,,0.0&0.10&49.0&4819.4&1&0&19&000000510000000401040000&000000C3000000EB05000000&0&0&025F15141514FFFFFF92&0&2&00000000000000,88,20260909161256,E8CD$
1788970385.645563 
1788970385.645712 +RESP:GTFRI,EF8051,864864077015703,HumanForest,0K541203001919,humanforest: 28151,,,0,0000000000000000,0,0.0,0,49.5,-0.099664,51.499638,20260909160735,,0234,0015,013C,364A,30&99,1,42,0,52822,4153,99,0,0,0,,0.0&0.10&49.0&4819.4&1&0&19&000000510000000401040000&000000C3000000EB05000000&0&0&025F15141514FFFFFF92&0&2&00000000000000,88,20260909161306,E8CE$
1788970396.056791 
1788970396.056845 +RESP:GTFRI,EF8051,864864077015703,HumanForest,0K541203001919,humanforest: 28151,,,0,0000000000000000,0,0.0,0,49.5,-0.099664,51.499638,20260909160735,,0234,0015,013C,364A,30&99,1,42,0,52822,4153,99,0,0,0,,0.0&0.10&49.0&4819.4&1&0&19&000000510000000401040000&000000C3000000EB05000000&0&0&025F15141514FFFFFF97&0&2&00000000000000,88,20260909161316,E8CF$
1788970397.357954 AT+GTRTO=*,10,,0,,,,,,E8CF$
1788970397.361119 
1788970397.361930 +ACK:GTRTO,EF8051,864864077015703,HumanForest,,LOCK,E8CF,20260909161317,E8D0$
1788970397.372987 
1788970397.373909 +RESP:GTLOR,EF8051,864864077015703,HumanForest,0K541203001919,humanforest: 28151,,,0,0000000000000000,0,0.0,0,49.5,-0.099664,51.499638,20260909160735,,0234,0015,013C,364A,30&99,1,42,0,52822,4153,99,0,0,0,,0.0&0.10&49.0&4819.4&1&0&19&000000510000000401040000&000000C3000000EB05000000&0&0&025F15141514FFFFFF92&0&2&00000000000000,88,20260909161317,E8D1$
1788970398.090033 
1788970398.090085 +RESP:GTLOC,EF8051,864864077015703,HumanForest,0K541203001919,humanforest: 28151,,,0,0000000000000000,0,0.0,0,49.5,-0.099664,51.499638,20260909160735,,0234,0015,013C,364A,30&99,1,42,0,52809,4153,99,0,0,1,,0.0&0.10&49.0&4819.4&1&0&19&000000510000000401040000&000000C3000000EB05000000&0&0&025F15141514FFFFFF87&0&2&00000000000000,88,20260909161318,E8D2$
1788970399.261218 
1788970399.262137 +RESP:GTFRI,EF8051,864864077015703,HumanForest,0K541203001919,humanforest: 28151,,,0,0000000000000000,0,0.0,0,49.5,-0.099664,51.499638,20260909160735,,0234,0015,013C,364A,30&99,1,42,0,52809,4153,99,0,0,1,,0.0&0.00&0.0&4819.4&0&0&0&000000510000000401040000&000000C3000000EB05000000&0&0&00000000000000000000&0&2&00000000000000,88,20260909161319,E8D3$
1788970399.502184 
1788970399.502207 +RESP:GTSTT,EF8051,864864077015703,HumanForest,0K541203001919,humanforest: 28151,,,0,0000000000000000,0,0.0,0,49.5,-0.099664,51.499638,20260909160735,,0234,0015,013C,364A,30&99,1,41,0,52809,4153,99,0,0,1,,0.0&0.00&0.0&4819.4&0&0&0&000000510000000401040000&000000C3000000EB05000000&0&0&00000000000000000000&0&2&00000000000000,88,20260909161319,E8D4$
1788970408.207222 
1788970408.207304 +RESP:GTMLS,EF8051,864864077015703,HumanForest,0K541203001919,humanforest: 28151,,,30,0,52822,4153,99,1,2,4,,20260909161328,E8D5$
1788970422.562887 AT+GTRTO=*,F,,0,,,,,,E8D6$
1788970422.565850 
1788970422.565858 +ACK:GTRTO,EF8051,864864077015703,HumanForest,,UNLOCK,E8D6,20260909161342,E8D6$
1788970425.306328 
1788970425.307182 +RESP:GTULS,EF8051,864864077015703,HumanForest,0K541203001919,humanforest: 28151,,,0,0000000000000000,0,0.0,0,49.5,-0.099664,51.499638,20260909160735,,0234,0015,013C,364A,30&99,1,41,0,52822,4153,99,0,0,0,,0.0&0.00&49.0&4819.4&1&0&0&000000510000000401040000&000000C3000000EB05000000&0&0&025F15141514FFFFFFB3&0&2&00000000000000,88,20260909161345,E8D7$
1788970426.489325 
1788970426.489346 +RESP:GTFRI,EF8051,864864077015703,HumanForest,0K541203001919,humanforest: 28151,,,0,0000000000000000,0,0.0,0,49.5,-0.099664,51.499638,20260909160735,,0234,0015,013C,364A,30&99,1,41,0,52822,4153,99,0,0,0,,0.0&0.00&49.0&4819.4&1&0&0&000000510000000401040000&000000C3000000EB05000000&0&0&025F15141514FFFFFFC4&0&2&00000000000000,88,20260909161346,E8D8$
1788970431.010851 
1788970431.010879 +RESP:GTMLS,EF8051,864864077015703,HumanForest,0K541203001919,humanforest: 28151,,,30,0,52797,4153,99,0,2,4,,20260909161351,E8D9$
1788970436.099439 
1788970436.099463 +RESP:GTFRI,EF8051,864864077015703,HumanForest,0K541203001919,humanforest: 28151,,,0,0000000000000000,0,0.0,0,49.5,-0.099664,51.499638,20260909160735,,0234,0015,013C,364A,30&99,1,41,0,52809,4153,99,0,0,0,,7.8&0.00&49.0&4819.4&1&0&2&000000510000000401040000&000000C3000000EB05000000&0&0&025F15141514FFFFFF92&0&2&00000000000000,88,20260909161356,E8DA$
1788970438.500709 
1788970438.500733 +RESP:GTFRI,EF8051,864864077015703,HumanForest,0K541203001919,humanforest: 28151,,,0,0000000000000000,0,0.0,0,49.5,-0.099664,51.499638,20260909160735,,0234,0015,013C,364A,30&99,1,41,0,52797,4153,99,0,0,0,,19.5&0.01&49.0&4819.4&1&0&3&000000510000000401040000&000000C3000000EB05000000&0&0&025F15141514FFFFFF8C&0&2&00000000000000,88,20260909161358,E8DB$
1788970438.540698 
1788970438.540711 +RESP:GTSTT,EF8051,864864077015703,HumanForest,0K541203001919,humanforest: 28151,,,0,0000000000000000,0,0.0,0,49.5,-0.099664,51.499638,20260909160735,,0234,0015,013C,364A,30&99,1,42,0,52797,4153,99,0,0,0,,19.5&0.01&49.0&4819.4&1&0&3&000000510000000401040000&000000C3000000EB05000000&0&0&025F15141514FFFFFF8C&0&2&00000000000000,88,20260909161358,E8DC$
1788970448.109823 
1788970448.110005 +RESP:GTFRI,EF8051,864864077015703,HumanForest,0K541203001919,humanforest: 28151,,,0,0000000000000000,0,0.0,0,49.5,-0.099664,51.499638,20260909160735,,0234,0015,013C,364A,30&99,1,42,0,52822,4153,99,0,0,0,,1.5&0.05&49.0&4819.5&1&0&13&000000510000000401040000&000000C3000000EB05000000&0&0&025F15141514FFFFFF92&0&2&00000000000000,88,20260909161408,E8DE$
1788970451.314162 
1788970451.314233 +RESP:GTFRI,EF8051,864864077015703,HumanForest,0K541203001919,humanforest: 28151,,,0,0000000000000000,1,1.6,0,-62.5,-0.099574,51.499410,20260909161410,,0234,0015,013C,364A,30&99,1,42,0,52809,4153,99,0,0,0,,0.0&0.05&49.0&4819.5&1&0&13&000000510000000401040000&000000C3000000EB05000000&0&0&025F15141514FFFFFF8C&0&2&00000000000000,88,20260909161411,E8DF$
1788970459.051016 AT+GTRTO=*,10,,0,,,,,,E8E0$
1788970459.053998 
1788970459.054204 +ACK:GTRTO,EF8051,864864077015703,HumanForest,,LOCK,E8E0,20260909161419,E8E0$
1788970459.065998 
1788970459.066094 +RESP:GTLOR,EF8051,864864077015703,HumanForest,0K541203001919,humanforest: 28151,,,0,0000000000000000,0,0.3,0,-40.3,-0.099558,51.499450,20260909161413,,0234,0015,013C,364A,30&99,1,42,0,52809,4153,99,0,0,0,,0.0&0.05&49.0&4819.5&1&0&13&000000510000000401040000&000000C3000000EB05000000&0&0&025F15141514FFFFFF92&0&2&00000000000000,88,20260909161419,E8E1$
1788970459.702098 
1788970459.702123 +RESP:GTLOC,EF8051,864864077015703,HumanForest,0K541203001919,humanforest: 28151,,,0,0000000000000000,0,0.3,0,-40.3,-0.099558,51.499450,20260909161413,,0234,0015,013C,364A,30&99,1,42,0,52809,4153,99,0,0,1,,0.0&0.05&49.0&4819.5&1&0&13&000000510000000401040000&000000C3000000EB05000000&0&0&025F15141514FFFFFF8C&0&2&00000000000000,88,20260909161420,E8E2$
1788970460.926236 
1788970460.926261 +RESP:GTFRI,EF8051,864864077015703,HumanForest,0K541203001919,humanforest: 28151,,,0,0000000000000000,0,0.3,0,-40.3,-0.099558,51.499450,20260909161413,,0234,0015,013C,364A,30&99,1,42,0,52797,4153,99,0,0,1,,0.0&0.00&0.0&4819.5&0&0&0&000000510000000401040000&000000C3000000EB05000000&0&0&00000000000000000000&0&2&00000000000000,88,20260909161421,E8E3$
1788970469.850455 
1788970469.851251 +RESP:GTMLS,EF8051,864864077015703,HumanForest,0K541203001919,humanforest: 28151,,,30,0,52822,4153,99,1,2,4,,20260909161430,E8E4$
1788970475.846910 AT+GTRTO=*,F,,0,,,,,,E8E5$
1788970475.850083 
1788970475.850892 +ACK:GTRTO,EF8051,864864077015703,HumanForest,,UNLOCK,E8E5,20260909161436,E8E5$
1788970478.531184 
1788970478.531214 +RESP:GTULS,EF8051,864864077015703,HumanForest,0K541203001919,humanforest: 28151,,,0,0000000000000000,1,0.0,278,-12.8,-0.099594,51.499617,20260909161437,,0234,0015,013C,364A,30&99,1,42,0,52822,4153,99,0,0,0,,0.0&0.00&49.0&4819.5&1&0&0&000000510000000401040000&000000C3000000EB05000000&0&0&025F15141515FFFFFFB3&0&2&00000000000000,88,20260909161438,E8E6$
1788970479.343513 
1788970479.344292 +RESP:GTFRI,EF8051,864864077015703,HumanForest,0K541203001919,humanforest: 28151,,,0,0000000000000000,1,0.0,278,-12.8,-0.099594,51.499617,20260909161438,,0234,0015,013C,364A,30&99,1,42,0,52822,4153,99,0,0,0,,0.0&0.00&49.0&4819.5&0&0&0&000000510000000401040000&000000C3000000EB05000000&0&0&025F15141515FFFFFFB3&0&2&00000000000000,88,20260909161439,E8E7$
1788970484.245817 
1788970484.245852 +RESP:GTMLS,EF8051,864864077015703,HumanForest,0K541203001919,humanforest: 28151,,,30,0,52797,4153,99,0,2,4,,20260909161444,E8E8$
1788970484.578992 
1788970484.579825 +RESP:GTSTT,EF8051,864864077015703,HumanForest,0K541203001919,humanforest: 28151,,,0,0000000000000000,0,0.0,278,-12.8,-0.099594,51.499617,20260909161439,,0234,0015,013C,364A,30&99,1,41,0,52797,4153,99,0,0,0,,12.3&0.00&49.0&4819.5&1&0&1&000000510000000401040000&000000C3000000EB05000000&0&0&025F15141515FFFFFF92&0&2&00000000000000,88,20260909161444,E8E9$
1788970486.549212 
1788970486.550039 +RESP:GTFRI,EF8051,864864077015703,HumanForest,0K541203001919,humanforest: 28151,,,0,0000000000000000,0,0.0,278,-12.8,-0.099594,51.499617,20260909161439,,0234,0015,013C,364A,30&99,1,41,0,52822,4153,99,0,0,0,,21.6&0.01&49.0&4819.5&1&0&3&000000510000000401040000&000000C3000000EB05000000&0&0&025F15141515FFFFFF8C&0&2&00000000000000,88,20260909161446,E8EA$
1788970489.543503 
1788970489.544367 +RESP:GTSTT,EF8051,864864077015703,HumanForest,0K541203001919,humanforest: 28151,,,0,0000000000000000,0,0.0,278,-12.8,-0.099594,51.499617,20260909161439,,0234,0015,013C,364A,30&99,1,42,0,52797,4153,99,0,0,0,,21.7&0.03&49.0&4819.5&1&0&6&000000510000000401040000&000000C3000000EB05000000&0&0&025F15141515FFFFFF8C&0&2&00000000000000,88,20260909161449,E8EB$
1788970496.159094 
1788970496.159224 +RESP:GTFRI,EF8051,864864077015703,HumanForest,0K541203001919,humanforest: 28151,,,0,0000000000000000,2,3.7,327,22.7,-0.099628,51.499908,20260909161455,,0234,0015,013C,364A,30&99,1,42,0,52809,4153,99,0,0,0,,7.3&0.06&49.0&4819.5&1&0&12&000000510000000401040000&000000C3000000EB05000000&0&0&025F15141515FFFFFF92&0&2&00000000000000,88,20260909161456,E8EC$
1788970501.764754 
1788970501.764926 +RESP:GTFRI,EF8051,864864077015703,HumanForest,0K541203001919,humanforest: 28151,,,0,0000000000000000,0,3.7,327,22.7,-0.099628,51.499908,20260909161457,,0234,0015,013C,364A,30&99,1,42,0,52797,4153,99,0,0,0,,0.0&0.07&49.0&4819.5&1&0&15&000000510000000401040000&000000C3000000EB05000000&0&0&025F15141515FFFFFF92&0&2&00000000000000,88,20260909161502,E8ED$
1788970511.252982 AT+GTRTO=*,10,,0,,,,,,E8EE$
1788970511.256690 
1788970511.256702 +ACK:GTRTO,EF8051,864864077015703,HumanForest,,LOCK,E8EE,20260909161511,E8EE$
1788970511.268702 
1788970511.268723 +RESP:GTLOR,EF8051,864864077015703,HumanForest,0K541203001919,humanforest: 28151,,,0,0000000000000000,0,3.7,327,22.7,-0.099628,51.499908,20260909161457,,0234,0015,013C,364A,30&99,1,42,0,52809,4153,99,0,0,0,,0.0&0.07&49.0&4819.5&1&0&15&000000510000000401040000&000000C3000000EB05000000&0&0&025F15141515FFFFFF92&0&2&00000000000000,88,20260909161511,E8EF$
1788970511.476729 
1788970511.476753 +RESP:GTLOC,EF8051,864864077015703,HumanForest,0K541203001919,humanforest: 28151,,,0,0000000000000000,0,3.7,327,22.7,-0.099628,51.499908,20260909161457,,0234,0015,013C,364A,30&99,1,42,0,52809,4153,99,0,0,1,,0.0&0.07&49.0&4819.5&1&0&15&000000510000000401040000&000000C3000000EB05000000&0&0&025F15141515FFFFFF92&0&2&00000000000000,88,20260909161511,E8F0$
1788970512.978899 
1788970512.978927 +RESP:GTFRI,EF8051,864864077015703,HumanForest,0K541203001919,humanforest: 28151,,,0,0000000000000000,0,3.7,327,22.7,-0.099628,51.499908,20260909161457,,0234,0015,013C,364A,30&99,1,42,0,52809,4153,99,0,0,1,,0.0&0.00&0.0&4819.5&0&0&0&000000510000000401040000&000000C3000000EB05000000&0&0&00000000000000000000&0&2&00000000000000,88,20260909161513,E8F1$
1788970521.673828 
1788970521.673858 +RESP:GTMLS,EF8051,864864077015703,HumanForest,0K541203001919,humanforest: 28151,,,30,0,52822,4153,99,1,2,4,,20260909161521,E8F2$
1788970540.515803 
1788970540.515865 +RESP:GTSTT,EF8051,864864077015703,HumanForest,0K541203001919,humanforest: 28151,,,0,0000000000000000,2,0.0,354,7.8,-0.100019,51.499692,20260909161539,,0234,0015,013C,364A,30&99,1,41,0,52834,4153,99,0,0,1,,0.0&0.00&0.0&4819.5&0&0&0&000000510000000401040000&000000C3000000EB05000000&0&0&00000000000000000000&0&2&00000000000000,88,20260909161540,E8F3$
1788970632.977030 AT+GTRTO=*,13,,0,,,,,,E8F4$
1788970632.980006 
1788970632.980202 +ACK:GTRTO,EF8051,864864077015703,HumanForest,,MEULK,E8F4,20260909161713,E8F4$
1788970633.797092 
1788970633.797201 +RESP:GTMLS,EF8051,864864077015703,HumanForest,0K541203001919,humanforest: 28151,,,20,0,52847,4153,99,1,0,0,,20260909161714,E8F5$
1788970639.334632 
1788970639.334661 +RESP:GTEPF,EF8051,864864077015703,HumanForest,0K541203001919,humanforest: 28151,,,0,0000000000000000,1,0.0,354,7.8,-0.100019,51.499692,20260909161716,,0234,0015,013C,364A,30&99,1,41,1,0,4153,99,0,0,1,,0.0&0.00&0.0&4819.5&0&0&0&000000510000000401040000&000000C3000000EB05000000&0&0&00000000000000000000&0&2&00000000000000,0,20260909161719,E8F6$
1788970639.404620 [PUB]: +RESP:GTEPF
1788970640.305744 
1788970640.305779 +RESP:GTFRI,EF8051,864864077015703,HumanForest,0K541203001919,humanforest: 28151,,,0,0000000000000000,0,0.0,354,7.8,-0.100019,51.499692,20260909161716,,0234,0015,013C,364A,30&99,1,41,1,0,4153,99,0,0,1,,0.0&0.00&0.0&4819.5&0&0&0&000000510000000401040000&000000C3000000EB05000000&0&0&00000000000000000000&0&2&00000000000000,0,20260909161720,E8F7$
1788970665.552091 
1788970665.552106 +RESP:GTSTT,EF8051,864864077015703,HumanForest,0K541203001919,humanforest: 28151,,,0,0000000000000000,0,0.0,354,7.8,-0.100019,51.499692,20260909161716,,0234,0015,013C,364A,30&99,1,42,0,0,4152,99,0,0,1,,0.0&0.00&0.0&4819.5&0&0&0&000000510000000401040000&000000C3000000EB05000000&0&0&00000000000000000000&0&2&00000000000000,88,20260909161745,E8F8$
1788970665.629083 
1788970665.629243 +RESP:GTMLS,EF8051,864864077015703,HumanForest,0K541203001919,humanforest: 28151,,,10,0,0,4152,99,1,1,0,,20260909161745,E8F9$
1788970666.341160 
1788970666.341358 +RESP:GTQSN,EF8051,864864077015703,HumanForest,0K541203001919,humanforest: 28151,88,,001702150000019A,20260909161746,E8FA$
1788970667.943332 
1788970667.943359 +RESP:GTEPN,EF8051,864864077015703,HumanForest,0K541203001919,humanforest: 28151,,,0,0000000000000000,0,0.0,354,7.8,-0.100019,51.499692,20260909161716,,0234,0015,013C,364A,30&99,1,42,0,52822,4152,99,0,0,1,,0.0&0.00&49.0&4819.5&1&0&0&000000510000000401040000&000000C3000000EB05000000&0&0&025F15141515FFFFFFA8&1&2&00000000000000,88,20260909161748,E8FB$
1788970667.979344 [PUB]: +RESP:GTEPN
1788970669.134432 
1788970669.134488 +RESP:GTFRI,EF8051,864864077015703,HumanForest,0K541203001919,humanforest: 28151,,,0,0000000000000000,0,0.0,354,7.8,-0.100019,51.499692,20260909161716,,0234,0015,013C,364A,30&99,1,42,0,52822,4152,99,0,0,1,,0.0&0.00&49.0&4819.5&1&0&0&000000510000000401040000&000000C3000000EB05000000&0&0&025F15141515FFFFFFAE&1&2&00000000000000,88,20260909161749,E8FC$
1788970673.898896 
1788970673.899037 +RESP:GTBMI,EF8051,864864077015703,HumanForest,0K541203001919,humanforest: 28151,,13,4,18136,15901,0066000000000000,E00FE60FE10FE00F,DD0FE40FDF0FE00F,DE0FE00FE30FE30F,DB0F000000000000,1515140000000000,1516150000000000,0300037003B60000,0000CE68FFFFFFB9,005F46D800003E1D,0000000000000000,05000000,01040000,001702150000019A,,20260909161754,E8FD$
1788970694.790887 
1788970694.791061 +RESP:GTSTT,EF8051,864864077015703,HumanForest,0K541203001919,humanforest: 28151,,,0,0000000000000000,1,0.0,354,7.8,-0.100019,51.499692,20260909161813,,0234,0015,013C,364A,28&99,1,41,0,52847,4152,99,0,0,1,,0.0&0.00&0.0&4819.5&0&0&0&000000510000000401040000&000000C3000000EB05000000&0&0&00000000000000000000&1&2&00000000000000,88,20260909161815,E8FE$
1788970710.794290 AT+GTRTO=*,13,,0,,,,,,E8FF$
1788970710.797517 
1788970710.798278 +ACK:GTRTO,EF8051,864864077015703,HumanForest,,MEULK,E8FF,20260909161831,E8FF$
1788970712.777464 
1788970712.777535 +RESP:GTMLS,EF8051,864864077015703,HumanForest,0K541203001919,humanforest: 28151,,,20,0,52822,4152,99,1,0,0,,20260909161833,E900$
1788970717.074856 
1788970717.074878 +RESP:GTEPF,EF8051,864864077015703,HumanForest,0K541203001919,humanforest: 28151,,,0,0000000000000000,0,0.0,354,7.8,-0.100019,51.499692,20260909161833,,0234,0015,013C,364A,28&99,1,41,1,0,4152,99,0,0,1,,0.0&0.00&0.0&4819.5&0&0&0&000000510000000401040000&000000C3000000EB05000000&0&0&00000000000000000000&0&2&00000000000000,0,20260909161837,E901$
1788970717.112833 [PUB]: +RESP:GTEPF
1788970717.983942 
1788970717.983968 +RESP:GTFRI,EF8051,864864077015703,HumanForest,0K541203001919,humanforest: 28151,,,0,0000000000000000,0,0.0,354,7.8,-0.100019,51.499692,20260909161833,,0234,0015,013C,364A,28&99,1,41,1,0,4152,99,0,0,1,,0.0&0.00&0.0&4819.5&0&0&0&000000510000000401040000&000000C3000000EB05000000&0&0&00000000000000000000&0&2&00000000000000,0,20260909161838,E902$
1788970735.899657 
1788970735.900523 +RESP:GTMLS,EF8051,864864077015703,HumanForest,0K541203001919,humanforest: 28151,,,10,0,0,4149,98,1,1,0,,20260909161856,E903$
1788970736.483594 
1788970736.483621 +RESP:GTSTT,EF8051,864864077015703,HumanForest,0K541203001919,humanforest: 28151,,,0,0000000000000000,0,0.0,354,7.8,-0.100019,51.499692,20260909161833,,0234,0015,013C,364A,28&99,1,42,0,0,4149,98,0,0,1,,0.0&0.00&0.0&4819.5&0&0&0&000000510000000401040000&000000C3000000EB05000000&0&0&00000000000000000000&1&2&00000000000000,88,20260909161856,E904$
1788970736.640595 
1788970736.640719 +RESP:GTQSN,EF8051,864864077015703,HumanForest,0K541203001919,humanforest: 28151,88,,001702150000019A,20260909161856,E905$
1788970738.515774 
1788970738.515900 +RESP:GTEPN,EF8051,864864077015703,HumanForest,0K541203001919,humanforest: 28151,,,0,0000000000000000,0,0.0,354,7.8,-0.100019,51.499692,20260909161833,,0234,0015,013C,364A,28&99,1,42,0,52834,4149,98,0,0,1,,0.0&0.00&49.0&4819.5&1&0&0&000000510000000401040000&000000C3000000EB05000000&0&0&025F15141515FFFFFFA8&1&2&00000000000000,88,20260909161858,E906$
1788970738.592766 [PUB]: +RESP:GTEPN
1788970739.605069 
1788970739.605889 +RESP:GTFRI,EF8051,864864077015703,HumanForest,0K541203001919,humanforest: 28151,,,0,0000000000000000,0,0.0,354,7.8,-0.100019,51.499692,20260909161833,,0234,0015,013C,364A,28&99,1,42,0,52822,4149,98,0,0,1,,0.0&0.00&49.0&4819.5&1&0&0&000000510000000401040000&000000C3000000EB05000000&0&0&025F15141515FFFFFFA2&1&2&00000000000000,88,20260909161859,E907$
1788970744.229444 
1788970744.230256 +RESP:GTBMI,EF8051,864864077015703,HumanForest,0K541203001919,humanforest: 28151,,13,4,18136,15901,0066000000000000,E10FE60FE10FE00F,DE0FE40FDF0FE00F,DE0FE00FE30FE30F,DB0F000000000000,1515140000000000,1516150000000000,0300037003B60000,0000CE68FFFFFFB9,005F46D800003E1D,0000000000000000,05000000,01040000,001702150000019A,,20260909161904,E908$
1788970765.701170 AT+GTRTO=*,13,,0,,,,,,E90A$
1788970765.704175 
1788970765.704360 +ACK:GTRTO,EF8051,864864077015703,HumanForest,,MEULK,E90A,20260909161925,E90A$
1788970765.847159 
1788970765.847209 +RESP:GTSTT,EF8051,864864077015703,HumanForest,0K541203001919,humanforest: 28151,,,0,0000000000000000,3,0.0,354,7.8,-0.100019,51.499692,20260909161924,,0234,0015,013C,364A,28&99,1,41,0,52822,4149,98,0,0,1,,0.0&0.00&0.0&4819.5&0&0&0&000000510000000401040000&000000C3000000EB05000000&0&0&00000000000000000000&1&2&00000000000000,88,20260909161926,E90B$
1788970767.431315 
1788970767.431391 +RESP:GTMLS,EF8051,864864077015703,HumanForest,0K541203001919,humanforest: 28151,,,20,0,52822,4149,98,1,0,0,,20260909161927,E90C$
1788970771.718709 
1788970771.718735 +RESP:GTEPF,EF8051,864864077015703,HumanForest,0K541203001919,humanforest: 28151,,,0,0000000000000000,1,0.0,354,7.8,-0.100019,51.499692,20260909161928,,0234,0015,013C,364A,28&99,1,41,1,0,4149,98,0,0,1,,0.0&0.00&0.0&4819.5&0&0&0&000000510000000401040000&000000C3000000EB05000000&0&0&00000000000000000000&0&2&00000000000000,0,20260909161932,E90D$
1788970771.756679 [PUB]: +RESP:GTEPF
1788970773.238823 
1788970773.238900 +RESP:GTFRI,EF8051,864864077015703,HumanForest,0K541203001919,humanforest: 28151,,,0,0000000000000000,0,0.0,354,7.8,-0.100019,51.499692,20260909161928,,0234,0015,013C,364A,28&99,1,41,1,0,4149,98,0,0,1,,0.0&0.00&0.0&4819.5&0&0&0&000000510000000401040000&000000C3000000EB05000000&0&0&00000000000000000000&0&2&00000000000000,0,20260909161933,E90E$
1788970789.453301 
1788970789.453465 +RESP:GTMLS,EF8051,864864077015703,HumanForest,0K541203001919,humanforest: 28151,,,10,0,0,4149,98,1,1,0,,20260909161949,E90F$
1788970790.196286 
1788970790.196476 +RESP:GTQSN,EF8051,864864077015703,HumanForest,0K541203001919,humanforest: 28151,88,,001702150000019A,20260909161950,E910$
1788970791.687417 
1788970791.687482 +RESP:GTEPN,EF8051,864864077015703,HumanForest,0K541203001919,humanforest: 28151,,,0,0000000000000000,0,0.0,354,7.8,-0.100019,51.499692,20260909161928,,0234,0015,013C,364A,28&99,1,41,0,52834,4149,98,0,0,1,,0.0&0.00&49.0&4819.5&1&0&0&000000510000000401040000&000000C3000000EB05000000&0&0&025F15141515FFFFFFB3&1&2&00000000000000,88,20260909161951,E911$
1788970791.723652 [PUB]: +RESP:GTEPN
1788970793.258758 
1788970793.259573 +RESP:GTFRI,EF8051,864864077015703,HumanForest,0K541203001919,humanforest: 28151,,,0,0000000000000000,0,0.0,354,7.8,-0.100019,51.499692,20260909161928,,0234,0015,013C,364A,28&99,1,41,0,52809,4149,98,0,0,1,,0.0&0.00&49.0&4819.5&1&0&0&000000510000000401040000&000000C3000000EB05000000&0&0&025F15141515FFFFFFAE&1&2&00000000000000,88,20260909161953,E912$
1788970797.783024 
1788970797.783921 +RESP:GTBMI,EF8051,864864077015703,HumanForest,0K541203001919,humanforest: 28151,,13,4,18136,15900,0066000000000000,E00FE60FE10FE00F,DD0FE40FDF0FE00F,DF0FE00FE30FE30F,DB0F000000000000,1515140000000000,1516150000000000,0300037003B60000,0000CE67FFFFFFB3,005F46D800003E1C,0000000000000000,05000000,01040000,001702150000019A,,20260909161958,E913$
