(1788799028.455376) can0 03FF1000#0840112200000001
(1788799028.560975) can0 03FF1000#0840112200000001
(1788799028.665978) can0 03FF1000#0840112200000001
(1788799028.770982) can0 03FF1000#0840112200000001
(1788799028.875988) can0 03FF1000#0840112200000001
(1788799028.980993) can0 03FF1000#0840112200000001
(1788799029.086000) can0 03FF1000#0840112200000001
(1788799029.191005) can0 03FF1000#0840112200000001
(1788799029.296011) can0 03FF1000#0840112200000001
(1788799029.401017) can0 03FF1000#0840112200000001
(1788799029.415016) can0 04FF3400#000000E200000000
(1788799029.506021) can0 03FF1000#0840112200000001
(1788799029.611027) can0 03FF1000#0840112200000001
(1788799029.716033) can0 03FF1000#0840112200000001
(1788799029.821038) can0 03FF1000#0840112200000001
(1788799029.926043) can0 03FF1000#0840112200000001
(1788799030.031048) can0 03FF1000#0840112200000001
(1788799030.136058) can0 03FF1000#0840112200000001
(1788799030.241060) can0 03FF1000#0840112200000001
(1788799030.346065) can0 03FF1000#0840112200000001
(1788799030.451071) can0 03FF1000#0840112200000001
(1788799030.556084) can0 03FF1000#0840112200000001
(1788799030.661090) can0 03FF1000#0840112200000001
(1788799030.766088) can0 03FF1000#0840112200000001
(1788799030.871092) can0 03FF1000#0840112200000001
(1788799030.976098) can0 03FF1000#0840112200000001
(1788799031.081103) can0 03FF1000#0840112200000001
(1788799031.186110) can0 03FF1000#0840112200000001
(1788799031.291115) can0 03FF1000#0840112200000001
(1788799031.396120) can0 03FF1000#0840112200000001
(1788799031.501126) can0 03FF1000#0840112200000001
(1788799031.606131) can0 03FF1000#0840112200000001
(1788799031.711138) can0 03FF1000#0840112200000001
(1788799031.816144) can0 03FF1000#0840112200000001
(1788799031.921148) can0 03FF1000#0840112200000001
(1788799032.026154) can0 03FF1000#0840112200000001
(1788799032.131159) can0 03FF1000#0840112200000001
(1788799032.236166) can0 03FF1000#0840112200000001
(1788799032.341170) can0 03FF1000#0840112200000001
(1788799032.446176) can0 03FF1000#0840112200000001
(1788799032.551181) can0 03FF1000#0840112200000001
(1788799032.656187) can0 03FF1000#0840112200000001
(1788799032.761194) can0 03FF1000#0840112200000001
(1788799032.865452) can0 03FF1000#0840112200000001
(1788799032.970454) can0 03FF1000#0840112200000001
(1788799033.076209) can0 03FF1000#0840112200000001
(1788799033.181216) can0 03FF1000#0840112200000001
(1788799033.285475) can0 03FF1000#0840112200000001
(1788799033.390467) can0 03FF1000#0840112200000001
(1788799033.495477) can0 03FF1000#0840112200000001
(1788799033.601239) can0 03FF1000#0840112200000001
(1788799033.705488) can0 03FF1000#0840112200000001
(1788799033.810495) can0 03FF1000#0840112200000001
(1788799033.915491) can0 03FF1000#0840112200000001
(1788799034.021263) can0 03FF1000#0840112200000001
(1788799034.125511) can0 03FF1000#0840112200000001
(1788799034.230512) can0 03FF1000#0840112200000001
(1788799034.335513) can0 03FF1000#0840112200000001
(1788799034.440492) can0 03FF1000#0840112200000001
(1788799034.545544) can0 03FF1000#0840112200000001
(1788799034.650486) can0 03FF1000#0840112200000001
(1788799034.755522) can0 03FF1000#0840112200000001
(1788799034.860528) can0 03FF1000#0840112200000001
(1788799034.965509) can0 03FF1000#0840112200000001
(1788799035.070560) can0 03FF1000#0840112200000001
(1788799035.175508) can0 03FF1000#0840112200000001
(1788799035.280536) can0 03FF1000#0840112200000001
(1788799035.385533) can0 03FF1000#0840112200000001
(1788799035.490519) can0 03FF1000#0840112200000001
(1788799035.595508) can0 03FF1000#0840112200000001
(1788799035.700512) can0 03FF1000#0840112200000001
(1788799035.805543) can0 03FF1000#0840112200000001
(1788799035.910545) can0 03FF1000#0840112200000001
(1788799036.015529) can0 03FF1000#0840112200000001
(1788799036.120525) can0 03FF1000#0840112200000001
(1788799036.225532) can0 03FF1000#0840112200000001
(1788799036.330556) can0 03FF1000#0840112200000001
(1788799036.435562) can0 03FF1000#0840112200000001
(1788799036.540549) can0 03FF1000#0840112200000001
(1788799036.645542) can0 03FF1000#0840112200000001
(1788799036.750529) can0 03FF1000#0840112200000001
(1788799036.855574) can0 03FF1000#0840112200000001
(1788799036.960558) can0 03FF1000#0840112200000001
(1788799037.065551) can0 03FF1000#0840112200000001
(1788799037.170553) can0 03FF1000#0840112200000001
(1788799037.275562) can0 03FF1000#0840112200000001
(1788799037.380603) can0 03FF1000#0840112200000001
(1788799037.485585) can0 03FF1000#0840112200000001
(1788799037.590567) can0 03FF1000#0840112200000001
(1788799037.695561) can0 03FF1000#0840112200000001
(1788799037.800565) can0 03FF1000#0840112200000001
(1788799037.905616) can0 03FF1000#0840112200000001
(1788799038.010573) can0 03FF1000#0840112200000001
(1788799038.115570) can0 03FF1000#0840112200000001
(1788799038.220591) can0 03FF1000#0840112200000001
(1788799038.325572) can0 03FF1000#0840112200000001
(1788799038.430618) can0 03FF1000#0840112200000001
(1788799038.535595) can0 03FF1000#0840112200000001
(1788799038.640602) can0 03FF1000#0840112200000001
(1788799038.745582) can0 03FF1000#0840112200000001
(1788799038.850587) can0 03FF1000#0840112200000001
(1788799038.955603) can0 03FF1000#0840112200000001
(1788799039.060609) can0 03FF1000#0840112200000001
(1788799039.165607) can0 03FF1000#0840112200000001
(1788799039.270593) can0 03FF1000#0840112200000001
(1788799039.375593) can0 03FF1000#0840112200000001
(1788799039.415545) can0 04FF3400#000000E300000000
(1788799039.415611) can0 04FF3603#0300000000000000
(1788799039.480613) can0 03FF1000#0840112200000001
(1788799039.585627) can0 03FF1000#0840112200000001
(1788799039.690608) can0 03FF1000#0840112200000001
(1788799039.795601) can0 03FF1000#0840112200000001
(1788799039.900606) can0 03FF1000#0840112200000001
(1788799040.005635) can0 03FF1000#0840112200000001
(1788799040.110642) can0 03FF1000#0840112200000001
(1788799040.215626) can0 03FF1000#0840112200000001
(1788799040.320617) can0 03FF1000#0840112200000001
(1788799040.425623) can0 03FF1000#0840112200000001
(1788799040.530640) can0 03FF1000#0840112200000001
(1788799040.635646) can0 03FF1000#0840112200000001
(1788799040.740698) can0 03FF1000#0840112200000001
(1788799040.845646) can0 03FF1000#0840112200000001
(1788799040.950638) can0 03FF1000#0840112200000001
(1788799041.055667) can0 03FF1000#0840112200000001
(1788799041.160665) can0 03FF1000#0840112200000001
(1788799041.265701) can0 03FF1000#0840112200000001
(1788799041.370651) can0 03FF1000#0840112200000001
(1788799041.475655) can0 03FF1000#0840112200000001
(1788799041.580671) can0 03FF1000#0840112200000001
(1788799041.685682) can0 03FF1000#0840112200000001
(1788799041.790683) can0 03FF1000#0840112200000001
(1788799041.895677) can0 03FF1000#0840112200000001
(1788799042.000683) can0 03FF1000#0840112200000001
(1788799042.105689) can0 03FF1000#0840112200000001
(1788799042.210698) can0 03FF1000#0840112200000001
(1788799042.315699) can0 03FF1000#0840112200000001
(1788799042.420707) can0 03FF1000#0840112200000001
(1788799042.525711) can0 03FF1000#0840112200000001
(1788799042.630716) can0 03FF1000#0840112200000001
(1788799042.735725) can0 03FF1000#0840112200000001
(1788799042.840727) can0 03FF1000#0840112200000001
(1788799042.945733) can0 03FF1000#0840112200000001
(1788799043.050738) can0 03FF1000#0840112200000001
(1788799043.155746) can0 03FF1000#0840112200000001
(1788799043.260752) can0 03FF1000#0840112200000001
(1788799043.365757) can0 03FF1000#0840112200000001
(1788799043.470765) can0 03FF1000#0840112200000001
(1788799043.575766) can0 03FF1000#0840112200000001
(1788799043.680775) can0 03FF1000#0840112200000001
(1788799043.785778) can0 03FF1000#0840112200000001
(1788799043.890782) can0 03FF1000#0840112200000001
(1788799043.995788) can0 03FF1000#0840112200000001
(1788799044.100792) can0 03FF1000#0840112200000001
(1788799044.205802) can0 03FF1000#0840112200000001
(1788799044.310807) can0 03FF1000#0840112200000001
(1788799044.415811) can0 03FF1000#0840112200000001
(1788799044.520816) can0 03FF1000#0840112200000001
(1788799044.625822) can0 03FF1000#0840112200000001
(1788799044.730829) can0 03FF1000#0840112200000001
(1788799044.835836) can0 03FF1000#0840112200000001
(1788799044.940838) can0 03FF1000#0840112200000001
(1788799045.045843) can0 03FF1000#0840112200000001
(1788799045.150853) can0 03FF1000#0840112200000001
(1788799045.255857) can0 03FF1000#0840112200000001
(1788799045.360863) can0 03FF1000#0840112200000001
(1788799045.465867) can0 03FF1000#0840112200000001
(1788799045.570870) can0 03FF1000#0840112200000001
(1788799045.675878) can0 03FF1000#0840112200000001
(1788799045.780884) can0 03FF1000#0840112200000001
(1788799045.885889) can0 03FF1000#0840112200000001
(1788799045.990893) can0 03FF1000#0840112200000001
(1788799046.095898) can0 03FF1000#0840112200000001
(1788799046.200907) can0 03FF1000#0840112200000001
(1788799046.305911) can0 03FF1000#0840112200000001
(1788799046.410917) can0 03FF1000#0840112200000001
(1788799046.515920) can0 03FF1000#0840112200000001
(1788799046.620927) can0 03FF1000#0840112200000001
(1788799046.725934) can0 03FF1000#0840112200000001
(1788799046.830939) can0 03FF1000#0840112200000001
(1788799046.935946) can0 03FF1000#0840112200000001
(1788799047.040948) can0 03FF1000#0840112200000001
(1788799047.145957) can0 03FF1000#0840112200000001
(1788799047.250961) can0 03FF1000#0840112200000001
(1788799047.355967) can0 03FF1000#0840112200000001
(1788799047.460973) can0 03FF1000#0840112200000001
(1788799047.565976) can0 03FF1000#0840112200000001
(1788799047.670983) can0 03FF1000#0840112200000001
(1788799047.775987) can0 03FF1000#0840112200000001
(1788799047.880992) can0 03FF1000#0840112200000001
(1788799047.986000) can0 03FF1000#0840112200000001
(1788799048.091004) can0 03FF1000#0840112200000001
(1788799048.196013) can0 03FF1000#0840112200000001
(1788799048.301017) can0 03FF1000#0840112200000001
(1788799048.406021) can0 03FF1000#0840112200000001
(1788799048.511028) can0 03FF1000#0840112200000001
(1788799048.616031) can0 03FF1000#0840112200000001
(1788799048.721040) can0 03FF1000#0840112200000001
(1788799048.826045) can0 03FF1000#0840112200000001
(1788799048.931048) can0 03FF1000#0840112200000001
(1788799049.036055) can0 03FF1000#0840112200000001
(1788799049.141059) can0 03FF1000#0840112200000001
(1788799049.246067) can0 03FF1000#0840112200000001
(1788799049.351071) can0 03FF1000#0840112200000001
(1788799049.415076) can0 04FF3400#000000E400000000
(1788799049.456075) can0 03FF1000#0840112200000001
(1788799049.561084) can0 03FF1000#0840112200000001
(1788799049.666088) can0 03FF1000#0840112200000001
(1788799049.771092) can0 03FF1000#0840112200000001
(1788799049.876098) can0 03FF1000#0840112200000001
(1788799049.981103) can0 03FF1000#0840112200000001
(1788799050.086112) can0 03FF1000#0840112200000001
(1788799050.191118) can0 03FF1000#0840112200000001
(1788799050.296121) can0 03FF1000#0840112200000001
(1788799050.401132) can0 03FF1000#0840112200000001
(1788799050.506132) can0 03FF1000#0840112200000001
(1788799050.611139) can0 03FF1000#0840112200000001
(1788799050.716145) can0 03FF1000#0840112200000001
(1788799050.821148) can0 03FF1000#0840112200000001
(1788799050.926154) can0 03FF1000#0840112200000001
(1788799051.031160) can0 03FF1000#0840112200000001
(1788799051.136174) can0 03FF1000#0840112200000001
(1788799051.241173) can0 03FF1000#0840112200000001
(1788799051.346176) can0 03FF1000#0840112200000001
(1788799051.451183) can0 03FF1000#0840112200000001
(1788799051.556188) can0 03FF1000#0840112200000001
(1788799051.661197) can0 03FF1000#0840112200000001
(1788799051.766200) can0 03FF1000#0840112200000001
(1788799051.871204) can0 03FF1000#0840112200000001
(1788799051.976209) can0 03FF1000#0840112200000001
(1788799052.081214) can0 03FF1000#0840112200000001
(1788799052.186224) can0 03FF1000#0840112200000001
(1788799052.291227) can0 03FF1000#0840112200000001
(1788799052.396233) can0 03FF1000#0840112200000001
(1788799052.501237) can0 03FF1000#0840112200000001
(1788799052.606243) can0 03FF1000#0840112200000001
(1788799052.711252) can0 03FF1000#0840112200000001
(1788799052.816254) can0 03FF1000#0840112200000001
(1788799052.921260) can0 03FF1000#0840112200000001
(1788799053.026265) can0 03FF1000#0840112200000001
(1788799053.131269) can0 03FF1000#0840112200000001
(1788799053.236279) can0 03FF1000#0840112200000001
(1788799053.341281) can0 03FF1000#0840112200000001
(1788799053.446289) can0 03FF1000#0840112200000001
(1788799053.551293) can0 03FF1000#0840112200000001
(1788799053.656302) can0 03FF1000#0840112200000001
(1788799053.761312) can0 03FF1000#0840112200000001
(1788799053.866315) can0 03FF1000#0840112200000001
(1788799053.971320) can0 03FF1000#0840112200000001
(1788799054.076323) can0 03FF1000#0840112200000001
(1788799054.181331) can0 03FF1000#0840112200000001
(1788799054.286335) can0 03FF1000#0840112200000001
(1788799054.391339) can0 03FF1000#0840112200000001
(1788799054.496343) can0 03FF1000#0840112200000001
(1788799054.534564) can0 02294609#
(1788799054.535573) can0 05124609#010003CA03CA00
(1788799054.601348) can0 03FF1000#0840112200000001
(1788799054.706357) can0 03FF1000#0840112200000001
(1788799054.811362) can0 03FF1000#0840112200000001
(1788799054.916366) can0 03FF1000#0840112200000001
(1788799055.021371) can0 03FF1000#0840112200000001
(1788799055.126376) can0 03FF1000#0840112200000001
(1788799055.231384) can0 03FF1000#0840112200000001
(1788799055.336391) can0 03FF1000#0840112200000001
(1788799055.441394) can0 03FF1000#0840112200000001
(1788799055.546399) can0 03FF1000#0840112200000001
(1788799055.651408) can0 03FF1000#0840112200000001
(1788799055.756411) can0 03FF1000#0840112200000001
(1788799055.861417) can0 03FF1000#0840112200000001
(1788799055.966420) can0 03FF1000#0840112200000001
(1788799056.071425) can0 03FF1000#0840112200000001
(1788799056.176435) can0 03FF1000#0840112200000001
(1788799056.281436) can0 03FF1000#0840112200000001
(1788799056.386446) can0 03FF1000#0840112200000001
(1788799056.491449) can0 03FF1000#0840112200000001
(1788799056.596453) can0 03FF1000#0840112200000001
(1788799056.701463) can0 03FF1000#0840112200000001
(1788799056.806465) can0 03FF1000#0840112200000001
(1788799056.911473) can0 03FF1000#0840112200000001
(1788799057.016477) can0 03FF1000#0840112200000001
(1788799057.121481) can0 03FF1000#0840112200000001
(1788799057.226490) can0 03FF1000#0840112200000001
(1788799057.331493) can0 03FF1000#0840112200000001
(1788799057.436501) can0 03FF1000#0840112200000001
(1788799057.541504) can0 03FF1000#0840112200000001
(1788799057.646509) can0 03FF1000#0840112200000001
(1788799057.751517) can0 03FF1000#0840112200000001
(1788799057.856521) can0 03FF1000#0840112200000001
(1788799057.961529) can0 03FF1000#0840112200000001
(1788799058.066531) can0 03FF1000#0840112200000001
(1788799058.171542) can0 03FF1000#0840112200000001
(1788799058.276543) can0 03FF1000#0840112200000001
(1788799058.381549) can0 03FF1000#0840112200000001
(1788799058.486569) can0 03FF1000#0840112200000001
(1788799058.591560) can0 03FF1000#0840112200000001
(1788799058.696568) can0 03FF1000#0840112200000001
(1788799058.801572) can0 03FF1000#0840112200000001
(1788799058.906576) can0 03FF1000#0840112200000001
(1788799059.011584) can0 03FF1000#0840112200000001
(1788799059.116586) can0 03FF1000#0840112200000001
(1788799059.221593) can0 03FF1000#0840112200000001
(1788799059.326597) can0 03FF1000#0840112200000001
(1788799059.414627) can0 04FF3400#000000E500000000
(1788799059.431604) can0 03FF1000#0840112200000001
(1788799059.536610) can0 03FF1000#0840112200000001
(1788799059.641614) can0 03FF1000#0840112200000001
(1788799059.746621) can0 03FF1000#0840112200000001
(1788799059.851626) can0 03FF1000#0840112200000001
(1788799059.956633) can0 03FF1000#0840112200000001
(1788799060.061643) can0 03FF1000#0840112200000001
(1788799060.166646) can0 03FF1000#0840112200000001
(1788799060.271651) can0 03FF1000#0840112200000001
(1788799060.376655) can0 03FF1000#0840112200000001
(1788799060.481660) can0 03FF1000#0840112200000001
(1788799060.586669) can0 03FF1000#0840112200000001
(1788799060.691674) can0 03FF1000#0840112200000001
(1788799060.796679) can0 03FF1000#0840112200000001
(1788799060.901682) can0 03FF1000#0840112200000001
(1788799061.006689) can0 03FF1000#0840112200000001
(1788799061.111696) can0 03FF1000#0840112200000001
(1788799061.216702) can0 03FF1000#0840112200000001
(1788799061.321714) can0 03FF1000#0840112200000001
(1788799061.426714) can0 03FF1000#0840112200000001
(1788799061.531714) can0 03FF1000#0840112200000001
(1788799061.636721) can0 03FF1000#0840112200000001
(1788799061.741729) can0 03FF1000#0840112200000001
(1788799061.846732) can0 03FF1000#0840112200000001
(1788799061.951739) can0 03FF1000#0840112200000001
(1788799062.056742) can0 03FF1000#0840112200000001
(1788799062.161754) can0 03FF1000#0840112200000001
(1788799062.266755) can0 03FF1000#0840112200000001
(1788799062.371761) can0 03FF1000#0840112200000001
(1788799062.476765) can0 03FF1000#0840112200000001
(1788799062.581771) can0 03FF1000#0840112200000001
(1788799062.686779) can0 03FF1000#0840112200000001
(1788799062.791781) can0 03FF1000#0840112200000001
(1788799062.896786) can0 03FF1000#0840112200000001
(1788799063.001791) can0 03FF1000#0840112200000001
(1788799063.106797) can0 03FF1000#0840112200000001
(1788799063.211806) can0 03FF1000#0840112200000001
(1788799063.316808) can0 03FF1000#0840112200000001
(1788799063.421816) can0 03FF1000#0840112200000001
(1788799063.526820) can0 03FF1000#0840112200000001
(1788799063.631826) can0 03FF1000#0840112200000001
(1788799063.736836) can0 03FF1000#0840112200000001
(1788799063.841838) can0 03FF1000#0840112200000001
(1788799063.946844) can0 03FF1000#0840112200000001
(1788799064.051847) can0 03FF1000#0840112200000001
(1788799064.156853) can0 03FF1000#0840112200000001
(1788799064.261864) can0 03FF1000#0840112200000001
(1788799064.366866) can0 03FF1000#0840112200000001
(1788799064.471871) can0 03FF1000#0840112200000001
(1788799064.576128) can0 03FF1000#0840112200000001
(1788799064.681883) can0 03FF1000#0840112200000001
(1788799064.786144) can0 03FF1000#0840112200000001
(1788799064.891892) can0 03FF1000#0840112200000001
(1788799064.996146) can0 03FF1000#0840112200000001
(1788799065.101158) can0 03FF1000#0840112200000001
(1788799065.206142) can0 03FF1000#0840112200000001
(1788799065.311160) can0 03FF1000#0840112200000001
(1788799065.416922) can0 03FF1000#0840112200000001
(1788799065.521180) can0 03FF1000#0840112200000001
(1788799065.626150) can0 03FF1000#0840112200000001
(1788799065.731169) can0 03FF1000#0840112200000001
(1788799065.836179) can0 03FF1000#0840112200000001
(1788799065.941190) can0 03FF1000#0840112200000001
(1788799066.046952) can0 03FF1000#0840112200000001
(1788799066.151178) can0 03FF1000#0840112200000001
(1788799066.256169) can0 03FF1000#0840112200000001
(1788799066.361171) can0 03FF1000#0840112200000001
(1788799066.466196) can0 03FF1000#0840112200000001
(1788799066.571981) can0 03FF1000#0840112200000001
(1788799066.676184) can0 03FF1000#0840112200000001
(1788799066.781177) can0 03FF1000#0840112200000001
(1788799066.886199) can0 03FF1000#0840112200000001
(1788799066.991211) can0 03FF1000#0840112200000001
(1788799067.096227) can0 03FF1000#0840112200000001
(1788799067.201201) can0 03FF1000#0840112200000001
(1788799067.306205) can0 03FF1000#0840112200000001
(1788799067.411198) can0 03FF1000#0840112200000001
(1788799067.516226) can0 03FF1000#0840112200000001
(1788799067.621232) can0 03FF1000#0840112200000001
(1788799067.726217) can0 03FF1000#0840112200000001
(1788799067.831204) can0 03FF1000#0840112200000001
(1788799067.936205) can0 03FF1000#0840112200000001
(1788799068.041231) can0 03FF1000#0840112200000001
(1788799068.146237) can0 03FF1000#0840112200000001
(1788799068.251221) can0 03FF1000#0840112200000001
(1788799068.356214) can0 03FF1000#0840112200000001
(1788799068.461223) can0 03FF1000#0840112200000001
(1788799068.566248) can0 03FF1000#0840112200000001
(1788799068.671251) can0 03FF1000#0840112200000001
(1788799068.776248) can0 03FF1000#0840112200000001
(1788799068.881241) can0 03FF1000#0840112200000001
(1788799068.986246) can0 03FF1000#0840112200000001
(1788799069.091260) can0 03FF1000#0840112200000001
(1788799069.196264) can0 03FF1000#0840112200000001
(1788799069.301255) can0 03FF1000#0840112200000001
(1788799069.406293) can0 03FF1000#0840112200000001
(1788799069.415130) can0 04FF3400#000000E600000000
(1788799069.511240) can0 03FF1000#0840112200000001
(1788799069.616267) can0 03FF1000#0840112200000001
(1788799069.721252) can0 03FF1000#0840112200000001
(1788799069.826251) can0 03FF1000#0840112200000001
(1788799069.931321) can0 03FF1000#0840112200000001
(1788799070.036246) can0 03FF1000#0840112200000001
(1788799070.141261) can0 03FF1000#0840112200000001
(1788799070.246286) can0 03FF1000#0840112200000001
(1788799070.351284) can0 03FF1000#0840112200000001
(1788799070.456268) can0 03FF1000#0840112200000001
(1788799070.561261) can0 03FF1000#0840112200000001
(1788799070.666300) can0 03FF1000#0840112200000001
(1788799070.771294) can0 03FF1000#0840112200000001
(1788799070.876277) can0 03FF1000#0840112200000001
(1788799070.981281) can0 03FF1000#0840112200000001
(1788799071.086273) can0 03FF1000#0840112200000001
(1788799071.191295) can0 03FF1000#0840112200000001
(1788799071.296299) can0 03FF1000#0840112200000001
(1788799071.401305) can0 03FF1000#0840112200000001
(1788799071.506271) can0 03FF1000#0840112200000001
(1788799071.611294) can0 03FF1000#0840112200000001
(1788799071.716311) can0 03FF1000#0840112200000001
(1788799071.821316) can0 03FF1000#0840112200000001
(1788799071.926297) can0 03FF1000#0840112200000001
(1788799072.031303) can0 03FF1000#0840112200000001
(1788799072.136312) can0 03FF1000#0840112200000001
(1788799072.241351) can0 03FF1000#0840112200000001
(1788799072.346326) can0 03FF1000#0840112200000001
(1788799072.451328) can0 03FF1000#0840112200000001
(1788799072.556308) can0 03FF1000#0840112200000001
(1788799072.661315) can0 03FF1000#0840112200000001
(1788799072.766362) can0 03FF1000#0840112200000001
(1788799072.871348) can0 03FF1000#0840112200000001
(1788799072.976330) can0 03FF1000#0840112200000001
(1788799073.081323) can0 03FF1000#0840112200000001
(1788799073.186334) can0 03FF1000#0840112200000001
(1788799073.291371) can0 03FF1000#0840112200000001
(1788799073.396343) can0 03FF1000#0840112200000001
(1788799073.501345) can0 03FF1000#0840112200000001
(1788799073.606351) can0 03FF1000#0840112200000001
(1788799073.711362) can0 03FF1000#0840112200000001
(1788799073.816363) can0 03FF1000#0840112200000001
(1788799073.921370) can0 03FF1000#0840112200000001
(1788799074.026374) can0 03FF1000#0840112200000001
(1788799074.131379) can0 03FF1000#0840112200000001
(1788799074.236387) can0 03FF1000#0840112200000001
(1788799074.341392) can0 03FF1000#0840112200000001
(1788799074.446399) can0 03FF1000#0840112200000001
(1788799074.551402) can0 03FF1000#0840112200000001
(1788799074.656407) can0 03FF1000#0840112200000001
(1788799074.761415) can0 03FF1000#0840112200000001
(1788799074.866417) can0 03FF1000#0840112200000001
(1788799074.971423) can0 03FF1000#0840112200000001
(1788799075.076428) can0 03FF1000#0840112200000001
(1788799075.181440) can0 03FF1000#0840112200000001
(1788799075.286444) can0 03FF1000#0840112200000001
(1788799075.391447) can0 03FF1000#0840112200000001
(1788799075.496452) can0 03FF1000#0840112200000001
(1788799075.601457) can0 03FF1000#0840112200000001
(1788799075.706465) can0 03FF1000#0840112200000001
(1788799075.811472) can0 03FF1000#0840112200000001
(1788799075.916473) can0 03FF1000#0840112200000001
(1788799076.021478) can0 03FF1000#0840112200000001
(1788799076.126484) can0 03FF1000#0840112200000001
(1788799076.231493) can0 03FF1000#0840112200000001
(1788799076.336498) can0 03FF1000#0840112200000001
(1788799076.441504) can0 03FF1000#0840112200000001
(1788799076.546508) can0 03FF1000#0840112200000001
(1788799076.651513) can0 03FF1000#0840112200000001
(1788799076.756519) can0 03FF1000#0840112200000001
(1788799076.861525) can0 03FF1000#0840112200000001
(1788799076.966528) can0 03FF1000#0840112200000001
(1788799077.071533) can0 03FF1000#0840112200000001
(1788799077.176542) can0 03FF1000#0840112200000001
(1788799077.281548) can0 03FF1000#0840112200000001
(1788799077.386556) can0 03FF1000#0840112200000001
(1788799077.491558) can0 03FF1000#0840112200000001
(1788799077.596562) can0 03FF1000#0840112200000001
(1788799077.701570) can0 03FF1000#0840112200000001
(1788799077.806572) can0 03FF1000#0840112200000001
(1788799077.911578) can0 03FF1000#0840112200000001
(1788799078.016586) can0 03FF1000#0840112200000001
(1788799078.121590) can0 03FF1000#0840112200000001
(1788799078.226597) can0 03FF1000#0840112200000001
(1788799078.331600) can0 03FF1000#0840112200000001
(1788799078.436611) can0 03FF1000#0840112200000001
(1788799078.541612) can0 03FF1000#0840112200000001
(1788799078.646617) can0 03FF1000#0840112200000001
(1788799078.751626) can0 03FF1000#0840112200000001
(1788799078.856630) can0 03FF1000#0840112200000001
(1788799078.961636) can0 03FF1000#0840112200000001
(1788799079.066638) can0 03FF1000#0840112200000001
(1788799079.171645) can0 03FF1000#0840112200000001
(1788799079.276654) can0 03FF1000#0840112200000001
(1788799079.381655) can0 03FF1000#0840112200000001
(1788799079.414658) can0 04FF3400#000000E700000000
(1788799079.486662) can0 03FF1000#0840112200000001
(1788799079.591666) can0 03FF1000#0840112200000001
(1788799079.696676) can0 03FF1000#0840112200000001
(1788799079.801678) can0 03FF1000#0840112200000001
(1788799079.906682) can0 03FF1000#0840112200000001
(1788799080.011690) can0 03FF1000#0840112200000001
(1788799080.116696) can0 03FF1000#0840112200000001
(1788799080.221703) can0 03FF1000#0840112200000001
(1788799080.326705) can0 03FF1000#0840112200000001
(1788799080.431712) can0 03FF1000#0840112200000001
(1788799080.536719) can0 03FF1000#0840112200000001
(1788799080.641724) can0 03FF1000#0840112200000001
(1788799080.746730) can0 03FF1000#0840112200000001
(1788799080.851733) can0 03FF1000#0840112200000001
(1788799080.956738) can0 03FF1000#0840112200000001
(1788799081.061749) can0 03FF1000#0840112200000001
(1788799081.166756) can0 03FF1000#0840112200000001
(1788799081.271759) can0 03FF1000#0840112200000001
(1788799081.376761) can0 03FF1000#0840112200000001
(1788799081.481766) can0 03FF1000#0840112200000001
(1788799081.586778) can0 03FF1000#0840112200000001
(1788799081.691781) can0 03FF1000#0840112200000001
(1788799081.796784) can0 03FF1000#0840112200000001
(1788799081.901788) can0 03FF1000#0840112200000001
(1788799082.006794) can0 03FF1000#0840112200000001
(1788799082.111804) can0 03FF1000#0840112200000001
(1788799082.216808) can0 03FF1000#0840112200000001
(1788799082.321810) can0 03FF1000#0840112200000001
(1788799082.426817) can0 03FF1000#0840112200000001
(1788799082.531821) can0 03FF1000#0840112200000001
(1788799082.636831) can0 03FF1000#0840112200000001
(1788799082.741837) can0 03FF1000#0840112200000001
(1788799082.846838) can0 03FF1000#0840112200000001
(1788799082.951843) can0 03FF1000#0840112200000001
(1788799083.056849) can0 03FF1000#0840112200000001
(1788799083.161860) can0 03FF1000#0840112200000001
(1788799083.266864) can0 03FF1000#0840112200000001
(1788799083.371866) can0 03FF1000#0840112200000001
(1788799083.476871) can0 03FF1000#0840112200000001
(1788799083.581877) can0 03FF1000#0840112200000001
(1788799083.686889) can0 03FF1000#0840112200000001
(1788799083.791888) can0 03FF1000#0840112200000001
(1788799083.896894) can0 03FF1000#0840112200000001
(1788799084.001899) can0 03FF1000#0840112200000001
(1788799084.106908) can0 03FF1000#0840112200000001
(1788799084.211916) can0 03FF1000#0840112200000001
(1788799084.316917) can0 03FF1000#0840112200000001
(1788799084.421924) can0 03FF1000#0840112200000001
(1788799084.526928) can0 03FF1000#0840112200000001
(1788799084.631936) can0 03FF1000#0840112200000001
(1788799084.736944) can0 03FF1000#0840112200000001
(1788799084.841943) can0 03FF1000#0840112200000001
(1788799084.946949) can0 03FF1000#0840112200000001
(1788799085.051954) can0 03FF1000#0840112200000001
(1788799085.156963) can0 03FF1000#0840112200000001
(1788799085.261972) can0 03FF1000#0840112200000001
(1788799085.366972) can0 03FF1000#0840112200000001
(1788799085.471976) can0 03FF1000#0840112200000001
(1788799085.576984) can0 03FF1000#0840112200000001
(1788799085.681991) can0 03FF1000#0840112200000001
(1788799085.786999) can0 03FF1000#0840112200000001
(1788799085.892002) can0 03FF1000#0840112200000001
(1788799085.997006) can0 03FF1000#0840112200000001
(1788799086.102013) can0 03FF1000#0840112200000001
(1788799086.207019) can0 03FF1000#0840112200000001
(1788799086.312026) can0 03FF1000#0840112200000001
(1788799086.417035) can0 03FF1000#0840112200000001
(1788799086.522033) can0 03FF1000#0840112200000001
(1788799086.627042) can0 03FF1000#0840112200000001
(1788799086.732045) can0 03FF1000#0840112200000001
(1788799086.837057) can0 03FF1000#0840112200000001
(1788799086.942055) can0 03FF1000#0840112200000001
(1788799087.047060) can0 03FF1000#0840112200000001
(1788799087.152069) can0 03FF1000#0840112200000001
(1788799087.257077) can0 03FF1000#0840112200000001
(1788799087.362082) can0 03FF1000#0840112200000001
(1788799087.467083) can0 03FF1000#0840112200000001
(1788799087.572087) can0 03FF1000#0840112200000001
(1788799087.677097) can0 03FF1000#0840112200000001
(1788799087.782103) can0 03FF1000#0840112200000001
(1788799087.887109) can0 03FF1000#0840112200000001
(1788799087.992110) can0 03FF1000#0840112200000001
(1788799088.097120) can0 03FF1000#0840112200000001
(1788799088.202125) can0 03FF1000#0840112200000001
(1788799088.307126) can0 03FF1000#0840112200000001
(1788799088.412138) can0 03FF1000#0840112200000001
(1788799088.517138) can0 03FF1000#0840112200000001
(1788799088.622147) can0 03FF1000#0840112200000001
(1788799088.727152) can0 03FF1000#0840112200000001
(1788799088.832156) can0 03FF1000#0840112200000001
(1788799088.937166) can0 03FF1000#0840112200000001
(1788799089.042166) can0 03FF1000#0840112200000001
(1788799089.147174) can0 03FF1000#0840112200000001
(1788799089.252180) can0 03FF1000#0840112200000001
(1788799089.357182) can0 03FF1000#0840112200000001
(1788799089.414375) can0 04FF3400#000000E800000000
(1788799089.462188) can0 03FF1000#0840112200000001
(1788799089.567193) can0 03FF1000#0840112200000001
(1788799089.672202) can0 03FF1000#0840112200000001
(1788799089.777208) can0 03FF1000#0840112200000001
(1788799089.882211) can0 03FF1000#0840112200000001
(1788799089.987220) can0 03FF1000#0840112200000001
(1788799090.092221) can0 03FF1000#0840112200000001
(1788799090.197229) can0 03FF1000#0840112200000001
(1788799090.302238) can0 03FF1000#0840112200000001
(1788799090.407241) can0 03FF1000#0840112200000001
(1788799090.512247) can0 03FF1000#0840112200000001
(1788799090.617251) can0 03FF1000#0840112200000001
(1788799090.722257) can0 03FF1000#0840112200000001
(1788799090.827260) can0 03FF1000#0840112200000001
(1788799090.932266) can0 03FF1000#0840112200000001
(1788799091.037275) can0 03FF1000#0840112200000001
(1788799091.142280) can0 03FF1000#0840112200000001
(1788799091.247286) can0 03FF1000#0840112200000001
(1788799091.352288) can0 03FF1000#0840112200000001
(1788799091.457292) can0 03FF1000#0840112200000001
(1788799091.562304) can0 03FF1000#0840112200000001
(1788799091.667307) can0 03FF1000#0840112200000001
(1788799091.772314) can0 03FF1000#0840112200000001
(1788799091.877316) can0 03FF1000#0840112200000001
(1788799091.982322) can0 03FF1000#0840112200000001
(1788799092.087331) can0 03FF1000#0840112200000001
(1788799092.192336) can0 03FF1000#0840112200000001
(1788799092.297337) can0 03FF1000#0840112200000001
(1788799092.402345) can0 03FF1000#0840112200000001
(1788799092.507349) can0 03FF1000#0840112200000001
(1788799092.612360) can0 03FF1000#0840112200000001
(1788799092.717363) can0 03FF1000#0840112200000001
(1788799092.822364) can0 03FF1000#0840112200000001
(1788799092.927372) can0 03FF1000#0840112200000001
(1788799093.032377) can0 03FF1000#0840112200000001
(1788799093.137388) can0 03FF1000#0840112200000001
(1788799093.242392) can0 03FF1000#0840112200000001
(1788799093.347394) can0 03FF1000#0840112200000001
(1788799093.452399) can0 03FF1000#0840112200000001
(1788799093.557404) can0 03FF1000#0840112200000001
(1788799093.662417) can0 03FF1000#0840112200000001
(1788799093.767420) can0 03FF1000#0840112200000001
(1788799093.872422) can0 03FF1000#0840112200000001
(1788799093.977427) can0 03FF1000#0840112200000001
(1788799094.082433) can0 03FF1000#0840112200000001
(1788799094.187443) can0 03FF1000#0840112200000001
(1788799094.292446) can0 03FF1000#0840112200000001
(1788799094.397452) can0 03FF1000#0840112200000001
(1788799094.502454) can0 03FF1000#0840112200000001
(1788799094.607462) can0 03FF1000#0840112200000001
(1788799094.712471) can0 03FF1000#0840112200000001
(1788799094.817471) can0 03FF1000#0840112200000001
(1788799094.922477) can0 03FF1000#0840112200000001
(1788799095.027481) can0 03FF1000#0840112200000001
(1788799095.132490) can0 03FF1000#0840112200000001
(1788799095.237498) can0 03FF1000#0840112200000001
(1788799095.342499) can0 03FF1000#0840112200000001
(1788799095.447506) can0 03FF1000#0840112200000001
(1788799095.552509) can0 03FF1000#0840112200000001
(1788799095.657518) can0 03FF1000#0840112200000001
(1788799095.762527) can0 03FF1000#0840112200000001
(1788799095.867530) can0 03FF1000#0840112200000001
(1788799095.972532) can0 03FF1000#0840112200000001
(1788799096.077538) can0 03FF1000#0840112200000001
(1788799096.182547) can0 03FF1000#0840112200000001
(1788799096.287553) can0 03FF1000#0840112200000001
(1788799096.392554) can0 03FF1000#0840112200000001
(1788799096.496814) can0 03FF1000#0840112200000001
(1788799096.602567) can0 03FF1000#0840112200000001
(1788799096.707574) can0 03FF1000#0840112200000001
(1788799096.812582) can0 03FF1000#0840112200000001
(1788799096.916836) can0 03FF1000#0840112200000001
(1788799097.021842) can0 03FF1000#0840112200000001
(1788799097.127596) can0 03FF1000#0840112200000001
(1788799097.232602) can0 03FF1000#0840112200000001
(1788799097.336863) can0 03FF1000#0840112200000001
(1788799097.441844) can0 03FF1000#0840112200000001
(1788799097.547615) can0 03FF1000#0840112200000001
(1788799097.651861) can0 03FF1000#0840112200000001
(1788799097.756872) can0 03FF1000#0840112200000001
(1788799097.861867) can0 03FF1000#0840112200000001
(1788799097.966846) can0 03FF1000#0840112200000001
(1788799098.071896) can0 03FF1000#0840112200000001
(1788799098.176882) can0 03FF1000#0840112200000001
(1788799098.281889) can0 03FF1000#0840112200000001
(1788799098.386873) can0 03FF1000#0840112200000001
(1788799098.491860) can0 03FF1000#0840112200000001
(1788799098.596914) can0 03FF1000#0840112200000001
(1788799098.701899) can0 03FF1000#0840112200000001
(1788799098.806880) can0 03FF1000#0840112200000001
(1788799098.911895) can0 03FF1000#0840112200000001
(1788799099.016881) can0 03FF1000#0840112200000001
(1788799099.121888) can0 03FF1000#0840112200000001
(1788799099.226870) can0 03FF1000#0840112200000001
(1788799099.331908) can0 03FF1000#0840112200000001
(1788799099.414719) can0 04FF3400#000000E900000000
(1788799099.414849) can0 04FF3603#0300000000000000
(1788799099.436891) can0 03FF1000#0840112200000001
(1788799099.541891) can0 03FF1000#0840112200000001
(1788799099.646877) can0 03FF1000#0840112200000001
(1788799099.751885) can0 03FF1000#0840112200000001
(1788799099.856900) can0 03FF1000#0840112200000001
(1788799099.961906) can0 03FF1000#0840112200000001
(1788799100.066888) can0 03FF1000#0840112200000001
(1788799100.171893) can0 03FF1000#0840112200000001
(1788799100.276900) can0 03FF1000#0840112200000001
(1788799100.381930) can0 03FF1000#0840112200000001
(1788799100.486926) can0 03FF1000#0840112200000001
(1788799100.591904) can0 03FF1000#0840112200000001
(1788799100.696910) can0 03FF1000#0840112200000001
(1788799100.801935) can0 03FF1000#0840112200000001
(1788799100.907001) can0 03FF1000#0840112200000001
(1788799101.011930) can0 03FF1000#0840112200000001
(1788799101.116921) can0 03FF1000#0840112200000001
(1788799101.221911) can0 03FF1000#0840112200000001
(1788799101.326954) can0 03FF1000#0840112200000001
(1788799101.431984) can0 03FF1000#0840112200000001
(1788799101.536958) can0 03FF1000#0840112200000001
(1788799101.641936) can0 03FF1000#0840112200000001
(1788799101.746932) can0 03FF1000#0840112200000001
(1788799101.851960) can0 03FF1000#0840112200000001
(1788799101.956976) can0 03FF1000#0840112200000001
(1788799102.061957) can0 03FF1000#0840112200000001
(1788799102.166953) can0 03FF1000#0840112200000001
(1788799102.271937) can0 03FF1000#0840112200000001
(1788799102.376978) can0 03FF1000#0840112200000001
(1788799102.481966) can0 03FF1000#0840112200000001
(1788799102.586967) can0 03FF1000#0840112200000001
(1788799102.691969) can0 03FF1000#0840112200000001
(1788799102.796953) can0 03FF1000#0840112200000001
(1788799102.901956) can0 03FF1000#0840112200000001
(1788799103.006984) can0 03FF1000#0840112200000001
(1788799103.111983) can0 03FF1000#0840112200000001
(1788799103.216977) can0 03FF1000#0840112200000001
(1788799103.321964) can0 03FF1000#0840112200000001
(1788799103.426985) can0 03FF1000#0840112200000001
(1788799103.531978) can0 03FF1000#0840112200000001
(1788799103.636999) can0 03FF1000#0840112200000001
(1788799103.741975) can0 03FF1000#0840112200000001
(1788799103.846984) can0 03FF1000#0840112200000001
(1788799103.951977) can0 03FF1000#0840112200000001
(1788799104.057006) can0 03FF1000#0840112200000001
(1788799104.162015) can0 03FF1000#0840112200000001
(1788799104.267031) can0 03FF1000#0840112200000001
(1788799104.371990) can0 03FF1000#0840112200000001
(1788799104.476983) can0 03FF1000#0840112200000001
(1788799104.582017) can0 03FF1000#0840112200000001
(1788799104.687019) can0 03FF1000#0840112200000001
(1788799104.792058) can0 03FF1000#0840112200000001
(1788799104.897005) can0 03FF1000#0840112200000001
(1788799105.002013) can0 03FF1000#0840112200000001
(1788799105.107031) can0 03FF1000#0840112200000001
(1788799105.212026) can0 03FF1000#0840112200000001
(1788799105.317029) can0 03FF1000#0840112200000001
(1788799105.422035) can0 03FF1000#0840112200000001
(1788799105.527039) can0 03FF1000#0840112200000001
(1788799105.632045) can0 03FF1000#0840112200000001
(1788799105.737054) can0 03FF1000#0840112200000001
(1788799105.842056) can0 03FF1000#0840112200000001
(1788799105.947061) can0 03FF1000#0840112200000001
(1788799106.052067) can0 03FF1000#0840112200000001
(1788799106.157073) can0 03FF1000#0840112200000001
(1788799106.262080) can0 03FF1000#0840112200000001
(1788799106.367086) can0 03FF1000#0840112200000001
(1788799106.472090) can0 03FF1000#0840112200000001
(1788799106.577095) can0 03FF1000#0840112200000001
(1788799106.682100) can0 03FF1000#0840112200000001
(1788799106.787107) can0 03FF1000#0840112200000001
(1788799106.892111) can0 03FF1000#0840112200000001
(1788799106.997116) can0 03FF1000#0840112200000001
(1788799107.102122) can0 03FF1000#0840112200000001
(1788799107.207128) can0 03FF1000#0840112200000001
(1788799107.312135) can0 03FF1000#0840112200000001
(1788799107.417139) can0 03FF1000#0840112200000001
(1788799107.522146) can0 03FF1000#0840112200000001
(1788799107.627152) can0 03FF1000#0840112200000001
(1788799107.732157) can0 03FF1000#0840112200000001
(1788799107.837163) can0 03FF1000#0840112200000001
(1788799107.942166) can0 03FF1000#0840112200000001
(1788799108.047173) can0 03FF1000#0840112200000001
(1788799108.152178) can0 03FF1000#0840112200000001
(1788799108.257185) can0 03FF1000#0840112200000001
(1788799108.362191) can0 03FF1000#0840112200000001
(1788799108.467195) can0 03FF1000#0840112200000001
(1788799108.572201) can0 03FF1000#0840112200000001
(1788799108.677206) can0 03FF1000#0840112200000001
(1788799108.782212) can0 03FF1000#0840112200000001
(1788799108.887218) can0 03FF1000#0840112200000001
(1788799108.992224) can0 03FF1000#0840112200000001
(1788799109.097227) can0 03FF1000#0840112200000001
(1788799109.202233) can0 03FF1000#0840112200000001
(1788799109.307240) can0 03FF1000#0840112200000001
(1788799109.412248) can0 03FF1000#0840112200000001
(1788799109.414244) can0 04FF3400#000000EA00000000
(1788799109.517249) can0 03FF1000#0840112200000001
(1788799109.622256) can0 03FF1000#0840112200000001
(1788799109.727262) can0 03FF1000#0840112200000001
(1788799109.832267) can0 03FF1000#0840112200000001
(1788799109.937275) can0 03FF1000#0840112200000001
(1788799110.042279) can0 03FF1000#0840112200000001
(1788799110.147282) can0 03FF1000#0840112200000001
(1788799110.252289) can0 03FF1000#0840112200000001
(1788799110.357294) can0 03FF1000#0840112200000001
(1788799110.462310) can0 03FF1000#0840112200000001
(1788799110.567306) can0 03FF1000#0840112200000001
(1788799110.672311) can0 03FF1000#0840112200000001
(1788799110.777316) can0 03FF1000#0840112200000001
(1788799110.882322) can0 03FF1000#0840112200000001
(1788799110.987330) can0 03FF1000#0840112200000001
(1788799111.092337) can0 03FF1000#0840112200000001
(1788799111.197341) can0 03FF1000#0840112200000001
(1788799111.302345) can0 03FF1000#0840112200000001
(1788799111.407350) can0 03FF1000#0840112200000001
(1788799111.512355) can0 03FF1000#0840112200000001
(1788799111.617361) can0 03FF1000#0840112200000001
(1788799111.722366) can0 03FF1000#0840112200000001
(1788799111.827373) can0 03FF1000#0840112200000001
(1788799111.932377) can0 03FF1000#0840112200000001
(1788799112.037384) can0 03FF1000#0840112200000001
(1788799112.142389) can0 03FF1000#0840112200000001
(1788799112.247395) can0 03FF1000#0840112200000001
(1788799112.352400) can0 03FF1000#0840112200000001
(1788799112.457405) can0 03FF1000#0840112200000001
(1788799112.562412) can0 03FF1000#0840112200000001
(1788799112.667416) can0 03FF1000#0840112200000001
(1788799112.772422) can0 03FF1000#0840112200000001
(1788799112.877428) can0 03FF1000#0840112200000001
(1788799112.982432) can0 03FF1000#0840112200000001
(1788799113.087439) can0 03FF1000#0840112200000001
(1788799113.192443) can0 03FF1000#0840112200000001
(1788799113.297450) can0 03FF1000#0840112200000001
(1788799113.402456) can0 03FF1000#0840112200000001
(1788799113.507461) can0 03FF1000#0840112200000001
(1788799113.612468) can0 03FF1000#0840112200000001
(1788799113.717471) can0 03FF1000#0840112200000001
(1788799113.822477) can0 03FF1000#0840112200000001
(1788799113.927483) can0 03FF1000#0840112200000001
(1788799114.032489) can0 03FF1000#0840112200000001
(1788799114.137495) can0 03FF1000#0840112200000001
(1788799114.242499) can0 03FF1000#0840112200000001
(1788799114.347505) can0 03FF1000#0840112200000001
(1788799114.452511) can0 03FF1000#0840112200000001
(1788799114.557517) can0 03FF1000#0840112200000001
(1788799114.662523) can0 03FF1000#0840112200000001
(1788799114.767528) can0 03FF1000#0840112200000001
(1788799114.872533) can0 03FF1000#0840112200000001
(1788799114.977538) can0 03FF1000#0840112200000001
(1788799115.082543) can0 03FF1000#0840112200000001
(1788799115.187551) can0 03FF1000#0840112200000001
(1788799115.292556) can0 03FF1000#0840112200000001
(1788799115.397561) can0 03FF1000#0840112200000001
(1788799115.502566) can0 03FF1000#0840112200000001
(1788799115.607571) can0 03FF1000#0840112200000001
(1788799115.712579) can0 03FF1000#0840112200000001
(1788799115.817583) can0 03FF1000#0840112200000001
(1788799115.922588) can0 03FF1000#0840112200000001
(1788799116.027594) can0 03FF1000#0840112200000001
(1788799116.132600) can0 03FF1000#0840112200000001
(1788799116.237608) can0 03FF1000#0840112200000001
(1788799116.342611) can0 03FF1000#0840112200000001
(1788799116.447616) can0 03FF1000#0840112200000001
(1788799116.552621) can0 03FF1000#0840112200000001
(1788799116.657627) can0 03FF1000#0840112200000001
(1788799116.762636) can0 03FF1000#0840112200000001
(1788799116.867638) can0 03FF1000#0840112200000001
(1788799116.972643) can0 03FF1000#0840112200000001
(1788799117.077648) can0 03FF1000#0840112200000001
(1788799117.182656) can0 03FF1000#0840112200000001
(1788799117.287663) can0 03FF1000#0840112200000001
(1788799117.392666) can0 03FF1000#0840112200000001
(1788799117.497671) can0 03FF1000#0840112200000001
(1788799117.602676) can0 03FF1000#0840112200000001
(1788799117.707681) can0 03FF1000#0840112200000001
(1788799117.812690) can0 03FF1000#0840112200000001
(1788799117.917693) can0 03FF1000#0840112200000001
(1788799118.022699) can0 03FF1000#0840112200000001
(1788799118.127703) can0 03FF1000#0840112200000001
(1788799118.232709) can0 03FF1000#0840112200000001
(1788799118.337717) can0 03FF1000#0840112200000001
(1788799118.442722) can0 03FF1000#0840112200000001
(1788799118.547727) can0 03FF1000#0840112200000001
(1788799118.652731) can0 03FF1000#0840112200000001
(1788799118.757742) can0 03FF1000#0840112200000001
(1788799118.862745) can0 03FF1000#0840112200000001
(1788799118.967748) can0 03FF1000#0840112200000001
(1788799119.072764) can0 03FF1000#0840112200000001
(1788799119.177759) can0 03FF1000#0840112200000001
(1788799119.282765) can0 03FF1000#0840112200000001
(1788799119.387773) can0 03FF1000#0840112200000001
(1788799119.414767) can0 04FF3400#000000EB00000000
(1788799119.492775) can0 03FF1000#0840112200000001
(1788799119.597779) can0 03FF1000#0840112200000001
(1788799119.702784) can0 03FF1000#0840112200000001
(1788799119.807793) can0 03FF1000#0840112200000001
(1788799119.912799) can0 03FF1000#0840112200000001
(1788799120.017801) can0 03FF1000#0840112200000001
(1788799120.122806) can0 03FF1000#0840112200000001
(1788799120.227816) can0 03FF1000#0840112200000001
(1788799120.332820) can0 03FF1000#0840112200000001
(1788799120.437829) can0 03FF1000#0840112200000001
(1788799120.542831) can0 03FF1000#0840112200000001
(1788799120.647833) can0 03FF1000#0840112200000001
(1788799120.752841) can0 03FF1000#0840112200000001
(1788799120.857846) can0 03FF1000#0840112200000001
(1788799120.962854) can0 03FF1000#0840112200000001
(1788799121.067857) can0 03FF1000#0840112200000001
(1788799121.172863) can0 03FF1000#0840112200000001
(1788799121.277871) can0 03FF1000#0840112200000001
(1788799121.382875) can0 03FF1000#0840112200000001
(1788799121.487883) can0 03FF1000#0840112200000001
(1788799121.592884) can0 03FF1000#0840112200000001
(1788799121.697889) can0 03FF1000#0840112200000001
(1788799121.802898) can0 03FF1000#0840112200000001
(1788799121.907901) can0 03FF1000#0840112200000001
(1788799122.012910) can0 03FF1000#0840112200000001
(1788799122.117911) can0 03FF1000#0840112200000001
(1788799122.222917) can0 03FF1000#0840112200000001
(1788799122.327924) can0 03FF1000#0840112200000001
(1788799122.432932) can0 03FF1000#0840112200000001
(1788799122.537939) can0 03FF1000#0840112200000001
(1788799122.642941) can0 03FF1000#0840112200000001
(1788799122.747945) can0 03FF1000#0840112200000001
(1788799122.852950) can0 03FF1000#0840112200000001
(1788799122.957957) can0 03FF1000#0840112200000001
(1788799123.062966) can0 03FF1000#0840112200000001
(1788799123.167971) can0 03FF1000#0840112200000001
(1788799123.272977) can0 03FF1000#0840112200000001
(1788799123.377980) can0 03FF1000#0840112200000001
(1788799123.482984) can0 03FF1000#0840112200000001
(1788799123.587994) can0 03FF1000#0840112200000001
(1788799123.692994) can0 03FF1000#0840112200000001
(1788799123.798004) can0 03FF1000#0840112200000001
(1788799123.903006) can0 03FF1000#0840112200000001
(1788799124.008012) can0 03FF1000#0840112200000001
(1788799124.113021) can0 03FF1000#0840112200000001
(1788799124.218024) can0 03FF1000#0840112200000001
(1788799124.323030) can0 03FF1000#0840112200000001
(1788799124.428037) can0 03FF1000#0840112200000001
(1788799124.533040) can0 03FF1000#0840112200000001
(1788799124.638049) can0 03FF1000#0840112200000001
(1788799124.743053) can0 03FF1000#0840112200000001
(1788799124.848056) can0 03FF1000#0840112200000001
(1788799124.953061) can0 03FF1000#0840112200000001
(1788799125.058068) can0 03FF1000#0840112200000001
(1788799125.163076) can0 03FF1000#0840112200000001
(1788799125.268080) can0 03FF1000#0840112200000001
(1788799125.373085) can0 03FF1000#0840112200000001
(1788799125.478091) can0 03FF1000#0840112200000001
(1788799125.583094) can0 03FF1000#0840112200000001
(1788799125.688103) can0 03FF1000#0840112200000001
(1788799125.793108) can0 03FF1000#0840112200000001
(1788799125.898113) can0 03FF1000#0840112200000001
(1788799126.003116) can0 03FF1000#0840112200000001
(1788799126.108122) can0 03FF1000#0840112200000001
(1788799126.213131) can0 03FF1000#0840112200000001
(1788799126.318134) can0 03FF1000#0840112200000001
(1788799126.423143) can0 03FF1000#0840112200000001
(1788799126.528147) can0 03FF1000#0840112200000001
(1788799126.633151) can0 03FF1000#0840112200000001
(1788799126.738159) can0 03FF1000#0840112200000001
(1788799126.843162) can0 03FF1000#0840112200000001
(1788799126.948166) can0 03FF1000#0840112200000001
(1788799127.053170) can0 03FF1000#0840112200000001
(1788799127.158177) can0 03FF1000#0840112200000001
(1788799127.263187) can0 03FF1000#0840112200000001
(1788799127.368189) can0 03FF1000#0840112200000001
(1788799127.473196) can0 03FF1000#0840112200000001
(1788799127.578200) can0 03FF1000#0840112200000001
(1788799127.683206) can0 03FF1000#0840112200000001
(1788799127.788216) can0 03FF1000#0840112200000001
(1788799127.893216) can0 03FF1000#0840112200000001
(1788799127.998221) can0 03FF1000#0840112200000001
(1788799128.103226) can0 03FF1000#0840112200000001
(1788799128.208233) can0 03FF1000#0840112200000001
(1788799128.312497) can0 03FF1000#0840112200000001
(1788799128.418247) can0 03FF1000#0840112200000001
(1788799128.523250) can0 03FF1000#0840112200000001
(1788799128.627503) can0 03FF1000#0840112200000001
(1788799128.732515) can0 03FF1000#0840112200000001
(1788799128.838270) can0 03FF1000#0840112200000001
(1788799128.943272) can0 03FF1000#0840112200000001
(1788799129.047520) can0 03FF1000#0840112200000001
(1788799129.152527) can0 03FF1000#0840112200000001
(1788799129.257510) can0 03FF1000#0840112200000001
(1788799129.362517) can0 03FF1000#0840112200000001
(1788799129.414298) can0 04FF3400#000000EC00000000
(1788799129.467542) can0 03FF1000#0840112200000001
(1788799129.573306) can0 03FF1000#0840112200000001
(1788799129.677542) can0 03FF1000#0840112200000001
(1788799129.782532) can0 03FF1000#0840112200000001
(1788799129.887533) can0 03FF1000#0840112200000001
(1788799129.992546) can0 03FF1000#0840112200000001
(1788799130.098331) can0 03FF1000#0840112200000001
(1788799130.202546) can0 03FF1000#0840112200000001
(1788799130.307541) can0 03FF1000#0840112200000001
(1788799130.412538) can0 03FF1000#0840112200000001
(1788799130.517574) can0 03FF1000#0840112200000001
(1788799130.622575) can0 03FF1000#0840112200000001
(1788799130.727554) can0 03FF1000#0840112200000001
(1788799130.832558) can0 03FF1000#0840112200000001
(1788799130.937589) can0 03FF1000#0840112200000001
(1788799131.042562) can0 03FF1000#0840112200000001
(1788799131.147583) can0 03FF1000#0840112200000001
(1788799131.252570) can0 03FF1000#0840112200000001
(1788799131.357573) can0 03FF1000#0840112200000001
(1788799131.462569) can0 03FF1000#0840112200000001
(1788799131.567594) can0 03FF1000#0840112200000001
(1788799131.672587) can0 03FF1000#0840112200000001
(1788799131.777574) can0 03FF1000#0840112200000001
(1788799131.882584) can0 03FF1000#0840112200000001
(1788799131.987586) can0 03FF1000#0840112200000001
(1788799132.092598) can0 03FF1000#0840112200000001
(1788799132.197604) can0 03FF1000#0840112200000001
(1788799132.302585) can0 03FF1000#0840112200000001
(1788799132.407641) can0 03FF1000#0840112200000001
(1788799132.512602) can0 03FF1000#0840112200000001
(1788799132.617626) can0 03FF1000#0840112200000001
(1788799132.722608) can0 03FF1000#0840112200000001
(1788799132.827593) can0 03FF1000#0840112200000001
(1788799132.932643) can0 03FF1000#0840112200000001
(1788799133.037607) can0 03FF1000#0840112200000001
(1788799133.142616) can0 03FF1000#0840112200000001
(1788799133.247628) can0 03FF1000#0840112200000001
(1788799133.352609) can0 03FF1000#0840112200000001
(1788799133.457660) can0 03FF1000#0840112200000001
(1788799133.562619) can0 03FF1000#0840112200000001
(1788799133.667625) can0 03FF1000#0840112200000001
(1788799133.772632) can0 03FF1000#0840112200000001
(1788799133.877624) can0 03FF1000#0840112200000001
(1788799133.982617) can0 03FF1000#0840112200000001
(1788799134.087639) can0 03FF1000#0840112200000001
(1788799134.192642) can0 03FF1000#0840112200000001
(1788799134.297647) can0 03FF1000#0840112200000001
(1788799134.402639) can0 03FF1000#0840112200000001
(1788799134.507624) can0 03FF1000#0840112200000001
(1788799134.612631) can0 03FF1000#0840112200000001
(1788799134.717656) can0 03FF1000#0840112200000001
(1788799134.822660) can0 03FF1000#0840112200000001
(1788799134.927644) can0 03FF1000#0840112200000001
(1788799135.032639) can0 03FF1000#0840112200000001
(1788799135.137640) can0 03FF1000#0840112200000001
(1788799135.242677) can0 03FF1000#0840112200000001
(1788799135.347671) can0 03FF1000#0840112200000001
(1788799135.452651) can0 03FF1000#0840112200000001
(1788799135.557643) can0 03FF1000#0840112200000001
(1788799135.662658) can0 03FF1000#0840112200000001
(1788799135.767715) can0 03FF1000#0840112200000001
(1788799135.872685) can0 03FF1000#0840112200000001
(1788799135.977666) can0 03FF1000#0840112200000001
(1788799136.082665) can0 03FF1000#0840112200000001
(1788799136.187669) can0 03FF1000#0840112200000001
(1788799136.292718) can0 03FF1000#0840112200000001
(1788799136.397691) can0 03FF1000#0840112200000001
(1788799136.502694) can0 03FF1000#0840112200000001
(1788799136.607686) can0 03FF1000#0840112200000001
(1788799136.712683) can0 03FF1000#0840112200000001
(1788799136.817721) can0 03FF1000#0840112200000001
(1788799136.922699) can0 03FF1000#0840112200000001
(1788799137.027696) can0 03FF1000#0840112200000001
(1788799137.132702) can0 03FF1000#0840112200000001
(1788799137.237711) can0 03FF1000#0840112200000001
(1788799137.342724) can0 03FF1000#0840112200000001
(1788799137.447722) can0 03FF1000#0840112200000001
(1788799137.552726) can0 03FF1000#0840112200000001
(1788799137.657731) can0 03FF1000#0840112200000001
(1788799137.762740) can0 03FF1000#0840112200000001
(1788799137.867742) can0 03FF1000#0840112200000001
(1788799137.972747) can0 03FF1000#0840112200000001
(1788799138.077751) can0 03FF1000#0840112200000001
(1788799138.182760) can0 03FF1000#0840112200000001
(1788799138.287769) can0 03FF1000#0840112200000001
(1788799138.392772) can0 03FF1000#0840112200000001
(1788799138.497778) can0 03FF1000#0840112200000001
(1788799138.602781) can0 03FF1000#0840112200000001
(1788799138.707785) can0 03FF1000#0840112200000001
(1788799138.812797) can0 03FF1000#0840112200000001
(1788799138.917798) can0 03FF1000#0840112200000001
(1788799139.022802) can0 03FF1000#0840112200000001
(1788799139.127808) can0 03FF1000#0840112200000001
(1788799139.232813) can0 03FF1000#0840112200000001
(1788799139.337824) can0 03FF1000#0840112200000001
(1788799139.413902) can0 04FF3400#000000ED00000000
(1788799139.442823) can0 03FF1000#0840112200000001
(1788799139.547830) can0 03FF1000#0840112200000001
(1788799139.652835) can0 03FF1000#0840112200000001
(1788799139.757843) can0 03FF1000#0840112200000001
(1788799139.862851) can0 03FF1000#0840112200000001
(1788799139.967853) can0 03FF1000#0840112200000001
(1788799140.072857) can0 03FF1000#0840112200000001
(1788799140.177861) can0 03FF1000#0840112200000001
(1788799140.282871) can0 03FF1000#0840112200000001
(1788799140.387879) can0 03FF1000#0840112200000001
(1788799140.492881) can0 03FF1000#0840112200000001
(1788799140.597885) can0 03FF1000#0840112200000001
(1788799140.702891) can0 03FF1000#0840112200000001
(1788799140.807898) can0 03FF1000#0840112200000001
(1788799140.912906) can0 03FF1000#0840112200000001
(1788799141.017908) can0 03FF1000#0840112200000001
(1788799141.122918) can0 03FF1000#0840112200000001
(1788799141.227917) can0 03FF1000#0840112200000001
(1788799141.332926) can0 03FF1000#0840112200000001
(1788799141.437934) can0 03FF1000#0840112200000001
(1788799141.542936) can0 03FF1000#0840112200000001
(1788799141.647941) can0 03FF1000#0840112200000001
(1788799141.752948) can0 03FF1000#0840112200000001
(1788799141.857953) can0 03FF1000#0840112200000001
(1788799141.962962) can0 03FF1000#0840112200000001
(1788799142.067964) can0 03FF1000#0840112200000001
(1788799142.172967) can0 03FF1000#0840112200000001
(1788799142.277975) can0 03FF1000#0840112200000001
(1788799142.382980) can0 03FF1000#0840112200000001
(1788799142.487989) can0 03FF1000#0840112200000001
(1788799142.592989) can0 03FF1000#0840112200000001
(1788799142.697995) can0 03FF1000#0840112200000001
(1788799142.803005) can0 03FF1000#0840112200000001
(1788799142.908006) can0 03FF1000#0840112200000001
(1788799143.013016) can0 03FF1000#0840112200000001
(1788799143.118021) can0 03FF1000#0840112200000001
(1788799143.223023) can0 03FF1000#0840112200000001
(1788799143.328031) can0 03FF1000#0840112200000001
(1788799143.433039) can0 03FF1000#0840112200000001
(1788799143.538044) can0 03FF1000#0840112200000001
(1788799143.643047) can0 03FF1000#0840112200000001
(1788799143.748052) can0 03FF1000#0840112200000001
(1788799143.853058) can0 03FF1000#0840112200000001
(1788799143.958062) can0 03FF1000#0840112200000001
(1788799144.063072) can0 03FF1000#0840112200000001
(1788799144.168074) can0 03FF1000#0840112200000001
(1788799144.273080) can0 03FF1000#0840112200000001
(1788799144.378085) can0 03FF1000#0840112200000001
(1788799144.483090) can0 03FF1000#0840112200000001
(1788799144.588099) can0 03FF1000#0840112200000001
(1788799144.693101) can0 03FF1000#0840112200000001
(1788799144.798108) can0 03FF1000#0840112200000001
(1788799144.903112) can0 03FF1000#0840112200000001
(1788799145.008117) can0 03FF1000#0840112200000001
(1788799145.113126) can0 03FF1000#0840112200000001
(1788799145.218128) can0 03FF1000#0840112200000001
(1788799145.323136) can0 03FF1000#0840112200000001
(1788799145.428142) can0 03FF1000#0840112200000001
(1788799145.533146) can0 03FF1000#0840112200000001
(1788799145.638155) can0 03FF1000#0840112200000001
(1788799145.743155) can0 03FF1000#0840112200000001
(1788799145.848165) can0 03FF1000#0840112200000001
(1788799145.953168) can0 03FF1000#0840112200000001
(1788799146.058173) can0 03FF1000#0840112200000001
(1788799146.163182) can0 03FF1000#0840112200000001
(1788799146.268186) can0 03FF1000#0840112200000001
(1788799146.373192) can0 03FF1000#0840112200000001
(1788799146.478200) can0 03FF1000#0840112200000001
(1788799146.583200) can0 03FF1000#0840112200000001
(1788799146.688211) can0 03FF1000#0840112200000001
(1788799146.793212) can0 03FF1000#0840112200000001
(1788799146.898217) can0 03FF1000#0840112200000001
(1788799147.003222) can0 03FF1000#0840112200000001
(1788799147.108233) can0 03FF1000#0840112200000001
(1788799147.213239) can0 03FF1000#0840112200000001
(1788799147.318241) can0 03FF1000#0840112200000001
(1788799147.423247) can0 03FF1000#0840112200000001
(1788799147.528251) can0 03FF1000#0840112200000001
(1788799147.633255) can0 03FF1000#0840112200000001
(1788799147.738265) can0 03FF1000#0840112200000001
(1788799147.843269) can0 03FF1000#0840112200000001
(1788799147.948272) can0 03FF1000#0840112200000001
(1788799148.053278) can0 03FF1000#0840112200000001
(1788799148.158282) can0 03FF1000#0840112200000001
(1788799148.263293) can0 03FF1000#0840112200000001
(1788799148.368294) can0 03FF1000#0840112200000001
(1788799148.473300) can0 03FF1000#0840112200000001
(1788799148.578305) can0 03FF1000#0840112200000001
(1788799148.683311) can0 03FF1000#0840112200000001
(1788799148.788321) can0 03FF1000#0840112200000001
(1788799148.893320) can0 03FF1000#0840112200000001
(1788799148.998326) can0 03FF1000#0840112200000001
(1788799149.103331) can0 03FF1000#0840112200000001
(1788799149.208339) can0 03FF1000#0840112200000001
(1788799149.313349) can0 03FF1000#0840112200000001
(1788799149.414350) can0 04FF3400#000000EE00000000
(1788799149.418347) can0 03FF1000#0840112200000001
(1788799149.523356) can0 03FF1000#0840112200000001
(1788799149.628360) can0 03FF1000#0840112200000001
(1788799149.733365) can0 03FF1000#0840112200000001
(1788799149.838374) can0 03FF1000#0840112200000001
(1788799149.943377) can0 03FF1000#0840112200000001
(1788799150.048382) can0 03FF1000#0840112200000001
(1788799150.153388) can0 03FF1000#0840112200000001
(1788799150.258399) can0 03FF1000#0840112200000001
(1788799150.363404) can0 03FF1000#0840112200000001
(1788799150.468407) can0 03FF1000#0840112200000001
(1788799150.573411) can0 03FF1000#0840112200000001
(1788799150.678415) can0 03FF1000#0840112200000001
(1788799150.783423) can0 03FF1000#0840112200000001
(1788799150.888432) can0 03FF1000#0840112200000001
(1788799150.993432) can0 03FF1000#0840112200000001
(1788799151.098436) can0 03FF1000#0840112200000001
(1788799151.203443) can0 03FF1000#0840112200000001
(1788799151.308451) can0 03FF1000#0840112200000001
(1788799151.413460) can0 03FF1000#0840112200000001
(1788799151.518462) can0 03FF1000#0840112200000001
(1788799151.623465) can0 03FF1000#0840112200000001
(1788799151.728471) can0 03FF1000#0840112200000001
(1788799151.833478) can0 03FF1000#0840112200000001
(1788799151.938486) can0 03FF1000#0840112200000001
(1788799152.043487) can0 03FF1000#0840112200000001
(1788799152.148491) can0 03FF1000#0840112200000001
(1788799152.253497) can0 03FF1000#0840112200000001
(1788799152.358505) can0 03FF1000#0840112200000001
(1788799152.463514) can0 03FF1000#0840112200000001
(1788799152.568517) can0 03FF1000#0840112200000001
(1788799152.673521) can0 03FF1000#0840112200000001
(1788799152.778527) can0 03FF1000#0840112200000001
(1788799152.883531) can0 03FF1000#0840112200000001
(1788799152.988541) can0 03FF1000#0840112200000001
(1788799153.093545) can0 03FF1000#0840112200000001
(1788799153.198552) can0 03FF1000#0840112200000001
(1788799153.303556) can0 03FF1000#0840112200000001
(1788799153.408561) can0 03FF1000#0840112200000001
(1788799153.513568) can0 03FF1000#0840112200000001
(1788799153.618571) can0 03FF1000#0840112200000001
(1788799153.723576) can0 03FF1000#0840112200000001
(1788799153.828584) can0 03FF1000#0840112200000001
(1788799153.933588) can0 03FF1000#0840112200000001
(1788799154.038597) can0 03FF1000#0840112200000001
(1788799154.143598) can0 03FF1000#0840112200000001
(1788799154.248603) can0 03FF1000#0840112200000001
(1788799154.353610) can0 03FF1000#0840112200000001
(1788799154.458616) can0 03FF1000#0840112200000001
