1788796523.345665 
1788796523.346530 +RESP:GTFRI,EF8051,865969076362128,HumanForest,0K550924005695,37088,,,0,0000000000000000,1,0.0,0,12.4,-0.099579,51.499718,20260907155522,,0234,0015,301F,001C730A,31&99,2,41,0,53571,4070,91,0,0,1,,0.0&0.00&0.0&0.1&0&0&0&0000004A0000000401030000&000000C3000000EB05000000&0&0&00000000000000000000&0&2&00000000000000,98,20260907155523,A6D9$
1788796581.392595 AT+GTRTO=*,13,,0,,,,,,A6DA$
1788796581.395608 
1788796581.395801 +ACK:GTRTO,EF8051,865969076362128,HumanForest,,MEULK,A6DA,20260907155621,A6DA$
1788796587.369936 
1788796587.369969 +RESP:GTEPF,EF8051,865969076362128,HumanForest,0K550924005695,37088,,,0,0000000000000000,1,0.0,0,12.4,-0.099579,51.499718,20260907155523,,0234,0015,301F,001C730A,31&99,2,41,1,0,4070,91,0,0,1,,0.0&0.00&0.0&0.1&0&0&0&0000004A0000000401030000&000000C3000000EB05000000&0&0&00000000000000000000&0&2&00000000000000,0,20260907155627,A6DB$
1788796587.406882 [PUB]: +RESP:GTEPF
1788796588.209953 
1788796588.210013 +RESP:GTFRI,EF8051,865969076362128,HumanForest,0K550924005695,37088,,,0,0000000000000000,1,0.0,0,12.4,-0.099579,51.499718,20260907155523,,0234,0015,301F,001C730A,31&99,2,41,1,0,4070,91,0,0,1,,0.0&0.00&0.0&0.1&0&0&0&0000004A0000000401030000&000000C3000000EB05000000&0&0&00000000000000000000&0&2&00000000000000,0,20260907155628,A6DC$
1788796594.314278 
1788796594.314298 +RESP:GTMLS,EF8051,865969076362128,HumanForest,0K550924005695,37088,,,21,1,0,4070,91,1,0,0,,20260907155634,A6DD$
1788796602.471715 
1788796602.471740 +RESP:GTQSN,EF8051,865969076362128,HumanForest,0K550924005695,37088,98,,00150C0900000C62,20260907155642,A6DE$
1788796602.623711 
1788796602.623730 +RESP:GTCFU,EF8051,865969076362128,HumanForest,0K550924005695,37088,,,0,0210000000000000,0,0.0,0,12.4,-0.099579,51.499718,20260907155638,,0234,0015,301F,001C730A,31&99,2,41,0,0,4070,91,2,0,1,,0.0&0.00&55.0&0.1&0&0&0&0000004A0000000401030000&000000C3000000EB05000000&0&0&02611D1C000000000000&0&2&00000000000000,98,20260907155642,A6DF$
1788796604.355882 
1788796604.356050 +RESP:GTEPN,EF8051,865969076362128,HumanForest,0K550924005695,37088,,,0,0210000000000000,0,0.0,0,12.4,-0.099579,51.499718,20260907155638,,0234,0015,301F,001C730A,31&99,2,41,0,53546,4070,91,2,0,1,,0.0&0.00&55.0&0.1&1&0&0&0000004A0000000401030000&000000C3000000EB05000000&0&0&02611D1C1E1EFFFFFFBF&0&2&00000000000000,98,20260907155644,A6E0$
1788796604.391801 [PUB]: +RESP:GTEPN
1788796605.826903 
1788796605.826933 +RESP:GTFRI,EF8051,865969076362128,HumanForest,0K550924005695,37088,,,0,0210000000000000,0,0.0,0,12.4,-0.099579,51.499718,20260907155638,,0234,0015,301F,001C730A,31&99,2,41,0,53546,4070,91,2,0,1,,0.0&0.00&55.0&0.1&1&0&0&0000004A0000000401030000&000000C3000000EB05000000&0&0&02611D1C1E1EFFFFFFC4&0&2&00000000000000,98,20260907155646,A6E1$
1788796610.121136 
1788796610.121164 +RESP:GTBMI,EF8051,865969076362128,HumanForest,0K550924005695,37088,,13,3,13964,13615,0073000000000000,0B10111011101010,1110101013101310,1110121015101610,1110000000000000,1E1E1D0000000000,1E1D1D0000000000,030003D403CA0000,0000D0E3FFFFFFC4,0061368C0000352F,0210000000000000,05000000,01030000,00150C0900000C62,,20260907155650,A6E2$
1788796623.424910 
1788796623.425081 +RESP:GTSTT,EF8051,865969076362128,HumanForest,0K550924005695,37088,,,0,0000000000000000,1,0.0,0,12.4,-0.099579,51.499718,20260907155702,,0234,0015,301F,001C730A,31&99,2,42,0,53596,4070,91,0,0,1,,0.0&0.00&0.0&0.1&0&0&0&0000004A0000000401030000&000000C3000000EB05000000&0&0&00000000000000000000&0&2&00000000000000,98,20260907155703,A6E3$
1788796623.573835 
1788796623.573994 +RESP:GTCFU,EF8051,865969076362128,HumanForest,0K550924005695,37088,,,0,0010000000000000,1,0.0,0,12.4,-0.099579,51.499718,20260907155702,,0234,0015,301F,001C730A,31&99,2,42,0,53596,4070,91,0,0,1,,0.0&0.00&0.0&0.1&0&0&0&0000004A0000000401030000&000000C3000000EB05000000&0&0&00000000000000000000&0&2&00000000000000,98,20260907155703,A6E4$
1788796648.598206 AT+GTRTO=*,13,,0,,,,,,A6E5$
1788796648.601165 
1788796648.601311 +ACK:GTRTO,EF8051,865969076362128,HumanForest,,MEULK,A6E5,20260907155728,A6E5$
1788796655.425664 
1788796655.426539 +RESP:GTEPF,EF8051,865969076362128,HumanForest,0K550924005695,37088,,,0,0000000000000000,1,0.0,0,12.4,-0.099579,51.499718,20260907155711,,0234,0015,301F,001C730A,31&99,2,42,1,0,4070,91,0,0,1,,0.0&0.00&0.0&0.1&0&0&0&0000004A0000000401030000&000000C3000000EB05000000&0&0&00000000000000000000&0&2&00000000000000,0,20260907155735,A6E6$
1788796655.463535 [PUB]: +RESP:GTEPF
1788796656.277615 
1788796656.277645 +RESP:GTFRI,EF8051,865969076362128,HumanForest,0K550924005695,37088,,,0,0000000000000000,1,0.0,0,12.4,-0.099579,51.499718,20260907155711,,0234,0015,301F,001C730A,31&99,2,42,1,0,4070,91,0,0,1,,0.0&0.00&0.0&0.1&0&0&0&0000004A0000000401030000&000000C3000000EB05000000&0&0&00000000000000000000&0&2&00000000000000,0,20260907155736,A6E7$
1788796661.379881 
1788796661.379909 +RESP:GTMLS,EF8051,865969076362128,HumanForest,0K550924005695,37088,,,21,1,0,4070,91,1,0,0,,20260907155741,A6E8$
1788796667.309204 
1788796667.309236 +RESP:GTSTT,EF8051,865969076362128,HumanForest,0K550924005695,37088,,,0,0000000000000000,2,0.0,0,12.4,-0.099579,51.499718,20260907155746,,0234,0015,301F,001C730A,31&99,2,41,1,0,4070,91,0,0,1,,0.0&0.00&0.0&0.1&0&0&0&0000004A0000000401030000&000000C3000000EB05000000&0&0&00000000000000000000&0&2&00000000000000,0,20260907155747,A6E9$
1788796673.831543 
1788796673.831573 +RESP:GTQSN,EF8051,865969076362128,HumanForest,0K550924005695,37088,97,,00150C0900000C62,20260907155754,A6EA$
1788796673.923536 
1788796673.923558 +RESP:GTCFU,EF8051,865969076362128,HumanForest,0K550924005695,37088,,,0,0210000000000000,0,0.0,0,12.4,-0.099579,51.499718,20260907155746,,0234,0015,301F,001C730A,31&99,2,41,0,0,4070,91,2,0,1,,0.0&0.00&55.0&0.1&0&0&0&0000004A0000000401030000&000000C3000000EB05000000&0&0&02611D1C000000000000&0&2&00000000000000,97,20260907155754,A6EB$
1788796675.444841 
1788796675.445604 +RESP:GTEPN,EF8051,865969076362128,HumanForest,0K550924005695,37088,,,0,0210000000000000,0,0.0,0,12.4,-0.099579,51.499718,20260907155746,,0234,0015,301F,001C730A,31&99,2,41,0,53546,4070,91,2,0,1,,0.0&0.00&55.0&0.1&1&0&0&0000004A0000000401030000&000000C3000000EB05000000&0&0&02611D1C1E1EFFFFFFC4&0&2&00000000000000,97,20260907155755,A6EC$
1788796675.480614 [PUB]: +RESP:GTEPN
1788796676.295679 
1788796676.295710 +RESP:GTFRI,EF8051,865969076362128,HumanForest,0K550924005695,37088,,,0,0210000000000000,0,0.0,0,12.4,-0.099579,51.499718,20260907155746,,0234,0015,301F,001C730A,31&99,2,41,0,53546,4070,91,2,0,1,,0.0&0.00&55.0&0.1&1&0&0&0000004A0000000401030000&000000C3000000EB05000000&0&0&02611D1C1E1EFFFFFFCA&0&2&00000000000000,97,20260907155756,A6ED$
1788796681.440950 
1788796681.440976 +RESP:GTBMI,EF8051,865969076362128,HumanForest,0K550924005695,37088,,13,3,13964,13614,0073000000000000,0B10111011101010,1110101013101410,1110121015101510,1110000000000000,1E1E1D0000000000,1E1D1D0000000000,030003CA03CA0000,0000D0E2FFFFFFCA,0061368C0000352E,0210000000000000,05000000,01030000,00150C0900000C62,,20260907155801,A6EE$
1788796697.235810 AT+GTRTO=*,13,,0,,,,,,A6EF$
1788796697.238770 
1788796697.238782 +ACK:GTRTO,EF8051,865969076362128,HumanForest,,MEULK,A6EF,20260907155817,A6EF$
1788796703.603132 
1788796703.603193 +RESP:GTEPF,EF8051,865969076362128,HumanForest,0K550924005695,37088,,,0,0000000000000000,1,0.0,0,12.4,-0.099579,51.499718,20260907155822,,0234,0015,301F,001C730A,31&99,2,41,1,0,4070,91,0,0,1,,0.0&0.00&0.0&0.1&0&0&0&0000004A0000000401030000&000000C3000000EB05000000&0&0&00000000000000000000&0&2&00000000000000,0,20260907155823,A6F0$
1788796703.641112 [PUB]: +RESP:GTEPF
1788796705.124458 
1788796705.125241 +RESP:GTFRI,EF8051,865969076362128,HumanForest,0K550924005695,37088,,,0,0000000000000000,0,0.0,0,12.4,-0.099579,51.499718,20260907155822,,0234,0015,301F,001C730A,31&99,2,41,1,0,4070,91,0,0,1,,0.0&0.00&0.0&0.1&0&0&0&0000004A0000000401030000&000000C3000000EB05000000&0&0&00000000000000000000&0&2&00000000000000,0,20260907155825,A6F1$
1788796710.027503 
1788796710.027537 +RESP:GTMLS,EF8051,865969076362128,HumanForest,0K550924005695,37088,,,21,1,0,4070,91,1,0,0,,20260907155830,A6F2$
1788796720.757280 
1788796720.758071 +RESP:GTQSN,EF8051,865969076362128,HumanForest,0K550924005695,37088,97,,00150C0900000C62,20260907155840,A6F3$
1788796720.879122 
1788796720.880036 +RESP:GTCFU,EF8051,865969076362128,HumanForest,0K550924005695,37088,,,0,0210000000000000,0,0.0,0,12.4,-0.099579,51.499718,20260907155833,,0234,0015,301F,001C730A,31&99,2,41,0,0,4070,91,2,0,1,,0.0&0.00&55.0&0.1&0&0&0&0000004A0000000401030000&000000C3000000EB05000000&0&0&02611D1C000000000000&0&2&00000000000000,97,20260907155841,A6F4$
1788796722.532158 
1788796722.532188 +RESP:GTEPN,EF8051,865969076362128,HumanForest,0K550924005695,37088,,,0,0210000000000000,0,0.0,0,12.4,-0.099579,51.499718,20260907155833,,0234,0015,301F,001C730A,31&99,2,41,0,53546,4070,91,2,0,1,,0.0&0.00&55.0&0.1&1&0&0&0000004A0000000401030000&000000C3000000EB05000000&0&0&02611D1C1E1EFFFFFFC4&0&2&00000000000000,97,20260907155842,A6F5$
1788796722.567123 [PUB]: +RESP:GTEPN
1788796723.542228 
1788796723.542281 +RESP:GTFRI,EF8051,865969076362128,HumanForest,0K550924005695,37088,,,0,0210000000000000,0,0.0,0,12.4,-0.099579,51.499718,20260907155833,,0234,0015,301F,001C730A,31&99,2,41,0,53546,4070,91,2,0,1,,0.0&0.00&55.0&0.1&1&0&0&0000004A0000000401030000&000000C3000000EB05000000&0&0&02611D1C1E1EFFFFFFC4&0&2&00000000000000,97,20260907155843,A6F6$
1788796728.376585 
1788796728.377435 +RESP:GTBMI,EF8051,865969076362128,HumanForest,0K550924005695,37088,,13,3,13964,13614,0073000000000000,0B10111011101010,1110101013101410,1110121014101510,1010000000000000,1E1E1D0000000000,1E1D1D0000000000,030003CA03CA0000,0000D0E1FFFFFFCA,0061368C0000352E,0210000000000000,05000000,01030000,00150C0900000C62,,20260907155848,A6F7$
1788796747.185502 AT+GTRTO=*,13,,0,,,,,,A6F8$
1788796747.188434 
1788796747.188446 +ACK:GTRTO,EF8051,865969076362128,HumanForest,,MEULK,A6F8,20260907155907,A6F8$
1788796753.522831 
1788796753.522860 +RESP:GTEPF,EF8051,865969076362128,HumanForest,0K550924005695,37088,,,0,0000000000000000,0,0.0,0,12.4,-0.099579,51.499718,20260907155909,,0234,0015,301F,001C730A,31&99,2,41,1,0,4070,91,0,0,1,,0.0&0.00&0.0&0.1&0&0&0&0000004A0000000401030000&000000C3000000EB05000000&0&0&00000000000000000000&0&2&00000000000000,0,20260907155913,A6F9$
1788796753.560784 [PUB]: +RESP:GTEPF
1788796754.773894 
1788796754.773922 +RESP:GTFRI,EF8051,865969076362128,HumanForest,0K550924005695,37088,,,0,0000000000000000,0,0.0,0,12.4,-0.099579,51.499718,20260907155909,,0234,0015,301F,001C730A,31&99,2,41,1,0,4070,91,0,0,1,,0.0&0.00&0.0&0.1&0&0&0&0000004A0000000401030000&000000C3000000EB05000000&0&0&00000000000000000000&0&2&00000000000000,0,20260907155915,A6FA$
1788796759.776153 
1788796759.776206 +RESP:GTMLS,EF8051,865969076362128,HumanForest,0K550924005695,37088,,,20,1,0,4070,91,1,0,0,,20260907155919,A6FB$
1788796760.837215 
1788796760.837240 +RESP:GTQSN,EF8051,865969076362128,HumanForest,0K550924005695,37088,97,,00150C0900000C62,20260907155921,A6FC$
1788796760.918321 
1788796760.919176 +RESP:GTCFU,EF8051,865969076362128,HumanForest,0K550924005695,37088,,,0,0210000000000000,0,0.0,0,12.4,-0.099579,51.499718,20260907155909,,0234,0015,301F,001C730A,31&99,2,41,0,0,4070,91,2,0,1,,0.0&0.00&55.0&0.1&0&0&0&0000004A0000000401030000&000000C3000000EB05000000&0&0&02611D1C000000000000&0&2&00000000000000,97,20260907155921,A6FD$
1788796762.712296 
1788796762.712328 +RESP:GTEPN,EF8051,865969076362128,HumanForest,0K550924005695,37088,,,0,0210000000000000,0,0.0,0,12.4,-0.099579,51.499718,20260907155909,,0234,0015,301F,001C730A,31&99,2,41,0,53546,4070,91,2,0,1,,0.0&0.00&55.0&0.1&1&0&0&0000004A0000000401030000&000000C3000000EB05000000&0&0&02611D1C1E1EFFFFFFC4&0&2&00000000000000,97,20260907155922,A6FE$
1788796762.747266 [PUB]: +RESP:GTEPN
1788796763.581335 
1788796763.581425 +RESP:GTFRI,EF8051,865969076362128,HumanForest,0K550924005695,37088,,,0,0210000000000000,0,0.0,0,12.4,-0.099579,51.499718,20260907155909,,0234,0015,301F,001C730A,31&99,2,41,0,53546,4070,91,2,0,1,,0.0&0.00&55.0&0.1&1&0&0&0000004A0000000401030000&000000C3000000EB05000000&0&0&02611D1C1E1EFFFFFFCA&0&2&00000000000000,97,20260907155923,A6FF$
1788796768.465611 
1788796768.465784 +RESP:GTBMI,EF8051,865969076362128,HumanForest,0K550924005695,37088,,13,3,13964,13613,0073000000000000,0B10111011101010,1110101013101410,1110121015101510,1110000000000000,1E1E1D0000000000,1E1D1D0000000000,030003CA03CA0000,0000D0E3FFFFFFCA,0061368C0000352D,0210000000000000,05000000,01030000,00150C0900000C62,,20260907155928,A700$
1788796792.587892 AT+GTRTO=*,F,,0,,,,,,A701$
1788796792.591100 
1788796792.591888 +ACK:GTRTO,EF8051,865969076362128,HumanForest,,UNLOCK,A701,20260907155952,A701$
1788796792.839893 
1788796792.839915 +RESP:GTCFU,EF8051,865969076362128,HumanForest,0K550924005695,37088,,,0,0210000000000000,0,0.0,0,12.4,-0.099579,51.499718,20260907155949,,0234,0015,301F,001C730A,31&99,2,41,0,53583,4070,91,2,0,1,,0.0&0.00&55.0&0.1&0&0&0&0000004A0000000401030000&000000C3000000EB05000000&0&0&02611D1C1E1EFFFFFFCA&0&2&00000000000000,97,20260907155953,A702$
1788796795.172029 
1788796795.172101 +RESP:GTULS,EF8051,865969076362128,HumanForest,0K550924005695,37088,,,0,0210000000000000,0,0.0,0,12.4,-0.099579,51.499718,20260907155949,,0234,0015,301F,001C730A,31&99,2,41,0,53583,4070,91,2,0,0,,0.0&0.00&55.0&0.1&1&0&0&0000004A0000000401030000&000000C3000000EB05000000&0&0&02611D1C1E1EFFFFFFCA&0&2&00000000000000,97,20260907155955,A703$
1788796796.414240 
1788796796.415067 +RESP:GTFRI,EF8051,865969076362128,HumanForest,0K550924005695,37088,,,0,0210000000000000,0,0.0,0,12.4,-0.099579,51.499718,20260907155949,,0234,0015,301F,001C730A,31&99,2,41,0,53533,4070,91,2,0,0,,0.0&0.00&55.0&0.1&1&0&0&0000004A0000000401030000&000000C3000000EB05000000&0&0&02611D1C1E1EFFFFFFB4&0&2&00000000000000,97,20260907155956,A704$
1788796806.022622 
1788796806.022764 +RESP:GTFRI,EF8051,865969076362128,HumanForest,0K550924005695,37088,,,0,0210000000000000,0,0.0,0,12.4,-0.099579,51.499718,20260907155949,,0234,0015,301F,001C730A,31&99,2,41,0,53533,4070,91,2,0,0,,0.0&0.00&55.0&0.1&1&0&0&0000004A0000000401030000&000000C3000000EB05000000&0&0&02611D1C1E1EFFFFFFA3&0&2&00000000000000,97,20260907160006,A705$
1788796816.433162 
1788796816.433190 +RESP:GTFRI,EF8051,865969076362128,HumanForest,0K550924005695,37088,,,0,0210000000000000,1,0.0,0,12.4,-0.099579,51.499718,20260907160016,,0234,0015,301F,001C730A,31&99,2,41,0,53546,4070,91,2,0,0,,0.0&0.00&55.0&0.1&1&0&0&0000004A0000000401030000&000000C3000000EB05000000&0&0&02611E1D1E1EFFFFFFA3&0&2&00000000000000,97,20260907160016,A706$
1788796817.884375 AT+GTRTO=*,10,,0,,,,,,A707$
1788796817.888212 
1788796817.888225 +ACK:GTRTO,EF8051,865969076362128,HumanForest,,LOCK,A707,20260907160018,A707$
1788796817.900230 
1788796817.900249 +RESP:GTLOR,EF8051,865969076362128,HumanForest,0K550924005695,37088,,,0,0210000000000000,1,0.0,0,12.4,-0.099579,51.499718,20260907160017,,0234,0015,301F,001C730A,31&99,2,41,0,53533,4070,91,2,0,0,,0.0&0.00&55.0&0.1&1&0&0&0000004A0000000401030000&000000C3000000EB05000000&0&0&02611E1D1E1EFFFFFFA3&0&2&00000000000000,97,20260907160018,A708$
1788796818.124381 
1788796818.125232 +RESP:GTLOC,EF8051,865969076362128,HumanForest,0K550924005695,37088,,,0,0210000000000000,1,0.0,0,12.4,-0.099579,51.499718,20260907160017,,0234,0015,301F,001C730A,31&99,2,41,0,53533,4070,91,2,0,1,,0.0&0.00&55.0&0.1&1&0&0&0000004A0000000401030000&000000C3000000EB05000000&0&0&02611E1D1E1EFFFFFFA3&0&2&00000000000000,97,20260907160018,A709$
1788796819.639349 
1788796819.639380 +RESP:GTFRI,EF8051,865969076362128,HumanForest,0K550924005695,37088,,,0,0000000000000000,1,0.0,0,12.4,-0.099579,51.499718,20260907160019,,0234,0015,301F,001C730A,31&99,2,41,0,53533,4070,91,0,0,1,,0.0&0.00&0.0&0.1&0&0&0&0000004A0000000401030000&000000C3000000EB05000000&0&0&00000000000000000000&0&2&00000000000000,97,20260907160019,A70A$
