1788960263.960391 
1788960263.960429 +RESP:GTFRI,EF8051,864864077015703,HumanForest,0K541203001919,humanforest: 28151,,,0,0000000000000000,0,0.0,0,49.5,-0.099664,51.499638,20260909132108,,0234,0015,013C,364A,27&99,1,41,0,52847,4153,99,0,0,1,,0.0&0.00&0.0&4819.3&0&0&0&000000510000000401040000&000000C3000000EB05000000&0&0&00000000000000000000&0&2&00000000000000,88,20260909132424,E834$
1788960325.913840 AT+GTRTO=*,F,,0,,,,,,E835$
1788960325.916789 
1788960325.916803 +ACK:GTRTO,EF8051,864864077015703,HumanForest,,UNLOCK,E835,20260909132526,E835$
1788960328.617750 
1788960328.617774 +RESP:GTULS,EF8051,864864077015703,HumanForest,0K541203001919,humanforest: 28151,,,0,0000000000000000,1,0.0,0,49.5,-0.099664,51.499638,20260909132501,,0234,0015,013C,364A,27&99,1,41,0,52847,4153,99,0,0,0,,0.0&0.00&49.0&4819.3&1&0&0&000000510000000401040000&000000C3000000EB05000000&0&0&025F15141514FFFFFFB3&0&2&00000000000000,88,20260909132528,E836$
1788960329.619739 
1788960329.619768 +RESP:GTFRI,EF8051,864864077015703,HumanForest,0K541203001919,humanforest: 28151,,,0,0000000000000000,1,0.0,0,49.5,-0.099664,51.499638,20260909132501,,0234,0015,013C,364A,27&99,1,41,0,52847,4153,99,0,0,0,,0.0&0.00&49.0&4819.3&1&0&0&000000510000000401040000&000000C3000000EB05000000&0&0&025F15141514FFFFFFC4&0&2&00000000000000,88,20260909132529,E837$
1788960334.270643 
1788960334.270812 +RESP:GTMLS,EF8051,864864077015703,HumanForest,0K541203001919,humanforest: 28151,,,30,0,52822,4153,99,0,2,4,,20260909132534,E838$
1788960339.226743 
1788960339.227576 +RESP:GTFRI,EF8051,864864077015703,HumanForest,0K541203001919,humanforest: 28151,,,0,0000000000000000,0,0.0,0,49.5,-0.099664,51.499638,20260909132501,,0234,0015,013C,364A,27&99,1,41,0,52822,4153,99,0,0,0,,0.0&0.00&49.0&4819.3&1&0&0&000000510000000401040000&000000C3000000EB05000000&0&0&025F15141514FFFFFF8C&0&2&00000000000000,88,20260909132539,E839$
1788960348.835392 
1788960348.835513 +RESP:GTFRI,EF8051,864864077015703,HumanForest,0K541203001919,humanforest: 28151,,,0,0000000000000000,0,0.0,0,49.5,-0.099664,51.499638,20260909132501,,0234,0015,013C,364A,27&99,1,41,0,52822,4153,99,0,0,0,,0.0&0.00&49.0&4819.3&1&0&0&000000510000000401040000&000000C3000000EB05000000&0&0&025F15141514FFFFFF92&0&2&00000000000000,88,20260909132549,E83A$
1788960359.260268 
1788960359.260297 +RESP:GTFRI,EF8051,864864077015703,HumanForest,0K541203001919,humanforest: 28151,,,0,0000000000000000,0,0.0,0,49.5,-0.099664,51.499638,20260909132501,,0234,0015,013C,364A,27&99,1,41,0,52822,4153,99,0,0,0,,0.0&0.00&49.0&4819.3&1&0&0&000000510000000401040000&000000C3000000EB05000000&0&0&025F15141514FFFFFF97&0&2&00000000000000,88,20260909132559,E83B$
1788960367.753081 AT+GTRTO=*,10,,0,,,,,,E83C$
1788960367.756304 
1788960367.757078 +ACK:GTRTO,EF8051,864864077015703,HumanForest,,LOCK,E83C,20260909132607,E83C$
1788960367.768141 
1788960367.769061 +RESP:GTLOR,EF8051,864864077015703,HumanForest,0K541203001919,humanforest: 28151,,,0,0000000000000000,0,0.0,0,49.5,-0.099664,51.499638,20260909132501,,0234,0015,013C,364A,27&99,1,41,0,52822,4153,99,0,0,0,,0.0&0.00&49.0&4819.3&1&0&0&000000510000000401040000&000000C3000000EB05000000&0&0&025F15141514FFFFFF92&0&2&00000000000000,88,20260909132607,E83D$
1788960368.233067 
1788960368.233089 +RESP:GTLOC,EF8051,864864077015703,HumanForest,0K541203001919,humanforest: 28151,,,0,0000000000000000,0,0.0,0,49.5,-0.099664,51.499638,20260909132501,,0234,0015,013C,364A,27&99,1,41,0,52822,4153,99,0,0,1,,0.0&0.00&49.0&4819.3&1&0&0&000000510000000401040000&000000C3000000EB05000000&0&0&025F15141514FFFFFF92&0&2&00000000000000,88,20260909132608,E83E$
1788960369.656045 
1788960369.656173 +RESP:GTFRI,EF8051,864864077015703,HumanForest,0K541203001919,humanforest: 28151,,,0,0000000000000000,0,0.0,0,49.5,-0.099664,51.499638,20260909132501,,0234,0015,013C,364A,27&99,1,41,0,52822,4153,99,0,0,1,,0.0&0.00&0.0&4819.3&0&0&0&000000510000000401040000&000000C3000000EB05000000&0&0&00000000000000000000&0&2&00000000000000,88,20260909132609,E83F$
1788960378.350172 
1788960378.350961 +RESP:GTMLS,EF8051,864864077015703,HumanForest,0K541203001919,humanforest: 28151,,,30,0,52847,4153,99,1,2,4,,20260909132618,E840$
1788960402.142663 AT+GTRTO=*,F,,0,,,,,,E841$
1788960402.145871 
1788960402.146651 +ACK:GTRTO,EF8051,864864077015703,HumanForest,,UNLOCK,E841,20260909132642,E841$
1788960404.725634 
1788960404.725702 +RESP:GTULS,EF8051,864864077015703,HumanForest,0K541203001919,humanforest: 28151,,,0,0000000000000000,1,0.0,0,49.5,-0.099664,51.499638,20260909132642,,0234,0015,013C,364A,27&99,1,41,0,52834,4153,99,0,0,0,,0.0&0.00&49.0&4819.3&1&0&0&000000510000000401040000&000000C3000000EB05000000&0&0&025F15141514FFFFFFB9&0&2&00000000000000,88,20260909132644,E842$
1788960405.687620 
1788960405.687667 +RESP:GTFRI,EF8051,864864077015703,HumanForest,0K541203001919,humanforest: 28151,,,0,0000000000000000,1,0.0,0,49.5,-0.099664,51.499638,20260909132642,,0234,0015,013C,364A,27&99,1,41,0,52834,4153,99,0,0,0,,0.0&0.00&49.0&4819.3&1&0&0&000000510000000401040000&000000C3000000EB05000000&0&0&025F15141514FFFFFFB9&0&2&00000000000000,88,20260909132645,E843$
1788960410.419588 
1788960410.419618 +RESP:GTMLS,EF8051,864864077015703,HumanForest,0K541203001919,humanforest: 28151,,,30,0,52822,4153,99,0,2,4,,20260909132650,E844$
1788960415.295565 
1788960415.295616 +RESP:GTFRI,EF8051,864864077015703,HumanForest,0K541203001919,humanforest: 28151,,,0,0000000000000000,0,0.0,0,49.5,-0.099664,51.499638,20260909132642,,0234,0015,013C,364A,27&99,1,41,0,52822,4153,99,0,0,0,,0.0&0.00&49.0&4819.3&1&0&0&000000510000000401040000&000000C3000000EB05000000&0&0&025F15141514FFFFFF8C&0&2&00000000000000,88,20260909132655,E845$
1788960424.904476 
1788960424.904525 +RESP:GTFRI,EF8051,864864077015703,HumanForest,0K541203001919,humanforest: 28151,,,0,0000000000000000,0,0.0,0,49.5,-0.099664,51.499638,20260909132642,,0234,0015,013C,364A,27&99,1,41,0,52822,4153,99,0,0,0,,0.0&0.00&49.0&4819.3&1&0&0&000000510000000401040000&000000C3000000EB05000000&0&0&025F15141514FFFFFF92&0&2&00000000000000,88,20260909132705,E846$
1788960435.313406 
1788960435.313479 +RESP:GTFRI,EF8051,864864077015703,HumanForest,0K541203001919,humanforest: 28151,,,0,0000000000000000,0,0.0,0,49.5,-0.099664,51.499638,20260909132713,,0234,0015,013C,364A,27&99,1,41,0,52822,4153,99,0,0,0,,0.0&0.00&49.0&4819.3&1&0&0&000000510000000401040000&000000C3000000EB05000000&0&0&025F15141514FFFFFF97&0&2&00000000000000,88,20260909132715,E847$
1788960436.562440 AT+GTRTO=*,10,,0,,,,,,E847$
1788960436.566374 
1788960436.566386 +ACK:GTRTO,EF8051,864864077015703,HumanForest,,LOCK,E847,20260909132716,E848$
1788960436.578439 
1788960436.578459 +RESP:GTLOR,EF8051,864864077015703,HumanForest,0K541203001919,humanforest: 28151,,,0,0000000000000000,0,0.0,0,49.5,-0.099664,51.499638,20260909132713,,0234,0015,013C,364A,27&99,1,41,0,52822,4153,99,0,0,0,,0.0&0.00&49.0&4819.3&1&0&0&000000510000000401040000&000000C3000000EB05000000&0&0&025F15141514FFFFFF8C&0&2&00000000000000,88,20260909132716,E849$
1788960436.784523 
1788960436.785366 +RESP:GTLOC,EF8051,864864077015703,HumanForest,0K541203001919,humanforest: 28151,,,0,0000000000000000,0,0.0,0,49.5,-0.099664,51.499638,20260909132713,,0234,0015,013C,364A,27&99,1,41,0,52822,4153,99,0,0,1,,0.0&0.00&49.0&4819.3&1&0&0&000000510000000401040000&000000C3000000EB05000000&0&0&025F15141514FFFFFF8C&0&2&00000000000000,88,20260909132716,E84A$
1788960437.718384 
1788960437.718530 +RESP:GTFRI,EF8051,864864077015703,HumanForest,0K541203001919,humanforest: 28151,,,0,0000000000000000,0,0.0,0,49.5,-0.099664,51.499638,20260909132713,,0234,0015,013C,364A,27&99,1,41,0,52822,4153,99,0,0,1,,0.0&0.00&49.0&4819.3&1&0&0&000000510000000401040000&000000C3000000EB05000000&0&0&025F15141514FFFFFF8C&0&2&00000000000000,88,20260909132717,E84B$
1788960446.922329 
1788960446.922394 +RESP:GTMLS,EF8051,864864077015703,HumanForest,0K541203001919,humanforest: 28151,,,30,0,52847,4153,99,1,2,4,,20260909132727,E84C$
1788960483.956237 AT+GTRTO=*,F,,0,,,,,,E84D$
1788960483.959276 
1788960483.959466 +ACK:GTRTO,EF8051,864864077015703,HumanForest,,UNLOCK,E84D,20260909132804,E84D$
1788960487.111235 
1788960487.111258 +RESP:GTULS,EF8051,864864077015703,HumanForest,0K541203001919,humanforest: 28151,,,0,0000000000000000,0,0.0,0,49.5,-0.099664,51.499638,20260909132746,,0234,0015,013C,364A,30&99,1,41,0,52822,4153,99,0,0,0,,0.0&0.00&49.0&4819.3&0&0&0&000000510000000401040000&000000C3000000EB05000000&0&0&025F15141514FFFFFFB3&0&2&00000000000000,88,20260909132807,E84E$
1788960488.165223 
1788960488.165245 +RESP:GTFRI,EF8051,864864077015703,HumanForest,0K541203001919,humanforest: 28151,,,0,0000000000000000,0,0.0,0,49.5,-0.099664,51.499638,20260909132746,,0234,0015,013C,364A,30&99,1,41,0,52822,4153,99,0,0,0,,0.0&0.00&49.0&4819.3&1&0&0&000000510000000401040000&000000C3000000EB05000000&0&0&025F15141514FFFFFFC4&0&2&00000000000000,88,20260909132808,E84F$
1788960492.764232 
1788960492.764261 +RESP:GTMLS,EF8051,864864077015703,HumanForest,0K541203001919,humanforest: 28151,,,30,0,52822,4153,99,0,2,4,,20260909132812,E850$
1788960498.571236 
1788960498.571264 +RESP:GTFRI,EF8051,864864077015703,HumanForest,0K541203001919,humanforest: 28151,,,0,0000000000000000,0,0.0,0,49.5,-0.099664,51.499638,20260909132746,,0234,0015,013C,364A,30&99,1,41,0,52822,4153,99,0,0,0,,0.0&0.00&49.0&4819.3&1&0&0&000000510000000401040000&000000C3000000EB05000000&0&0&025F15141515FFFFFF92&0&2&00000000000000,88,20260909132818,E851$
1788960508.183255 
1788960508.183281 +RESP:GTFRI,EF8051,864864077015703,HumanForest,0K541203001919,humanforest: 28151,,,0,0000000000000000,0,0.0,0,49.5,-0.099664,51.499638,20260909132746,,0234,0015,013C,364A,30&99,1,41,0,52822,4153,99,0,0,0,,0.0&0.00&49.0&4819.3&1&0&0&000000510000000401040000&000000C3000000EB05000000&0&0&025F15141515FFFFFF92&0&2&00000000000000,88,20260909132828,E852$
1788960517.789273 
1788960517.789348 +RESP:GTFRI,EF8051,864864077015703,HumanForest,0K541203001919,humanforest: 28151,,,0,0000000000000000,0,0.0,0,49.5,-0.099664,51.499638,20260909132746,,0234,0015,013C,364A,30&99,1,41,0,52822,4153,99,0,0,0,,0.0&0.00&49.0&4819.3&1&0&0&000000510000000401040000&000000C3000000EB05000000&0&0&025F15141514FFFFFF8C&0&2&00000000000000,88,20260909132837,E853$
1788960528.198303 
1788960528.198330 +RESP:GTFRI,EF8051,864864077015703,HumanForest,0K541203001919,humanforest: 28151,,,0,0000000000000000,0,0.0,0,49.5,-0.099664,51.499638,20260909132746,,0234,0015,013C,364A,30&99,1,41,0,52822,4153,99,0,0,0,,0.0&0.00&49.0&4819.3&1&0&0&000000510000000401040000&000000C3000000EB05000000&0&0&025F15141515FFFFFF92&0&2&00000000000000,88,20260909132848,E854$
1788960537.807336 
1788960537.807356 +RESP:GTFRI,EF8051,864864077015703,HumanForest,0K541203001919,humanforest: 28151,,,0,0000000000000000,1,0.0,0,49.5,-0.099664,51.499638,20260909132857,,0234,0015,013C,364A,30&99,1,41,0,52822,4153,99,0,0,0,,0.0&0.00&49.0&4819.3&1&0&0&000000510000000401040000&000000C3000000EB05000000&0&0&025F15141515FFFFFF92&0&2&00000000000000,88,20260909132858,E855$
1788960548.216413 
1788960548.216511 +RESP:GTFRI,EF8051,864864077015703,HumanForest,0K541203001919,humanforest: 28151,,,0,0000000000000000,1,0.0,0,49.5,-0.099664,51.499638,20260909132907,,0234,0015,013C,364A,30&99,1,41,0,52822,4153,99,0,0,0,,0.0&0.00&49.0&4819.3&1&0&0&000000510000000401040000&000000C3000000EB05000000&0&0&025F15141515FFFFFF97&0&2&00000000000000,88,20260909132908,E857$
1788960557.825489 
1788960557.825525 +RESP:GTFRI,EF8051,864864077015703,HumanForest,0K541203001919,humanforest: 28151,,,0,0000000000000000,1,0.0,0,49.5,-0.099664,51.499638,20260909132917,,0234,0015,013C,364A,30&99,1,41,0,52822,4153,99,0,0,0,,0.0&0.00&49.0&4819.3&1&0&0&000000510000000401040000&000000C3000000EB05000000&0&0&025F15141515FFFFFF92&0&2&00000000000000,88,20260909132917,E858$
1788960568.235535 
1788960568.235609 +RESP:GTFRI,EF8051,864864077015703,HumanForest,0K541203001919,humanforest: 28151,,,0,0000000000000000,0,0.0,0,49.5,-0.099664,51.499638,20260909132922,,0234,0015,013C,364A,30&99,1,41,0,52822,4153,99,0,0,0,,0.0&0.00&49.0&4819.3&1&0&0&000000510000000401040000&000000C3000000EB05000000&0&0&025F15141515FFFFFF97&0&2&00000000000000,88,20260909132928,E859$
1788960577.843600 
1788960577.843768 +RESP:GTFRI,EF8051,864864077015703,HumanForest,0K541203001919,humanforest: 28151,,,0,0000000000000000,0,0.0,0,49.5,-0.099664,51.499638,20260909132934,,0234,0015,013C,364A,30&99,1,41,0,52822,4153,99,0,0,0,,0.0&0.00&49.0&4819.3&1&0&0&000000510000000401040000&000000C3000000EB05000000&0&0&025F15141515FFFFFF97&0&2&00000000000000,88,20260909132937,E85A$
1788960588.253711 
1788960588.253747 +RESP:GTFRI,EF8051,864864077015703,HumanForest,0K541203001919,humanforest: 28151,,,0,0000000000000000,0,0.0,0,49.5,-0.099664,51.499638,20260909132939,,0234,0015,013C,364A,30&99,1,41,0,52822,4153,99,0,0,0,,0.0&0.00&49.0&4819.3&1&0&0&000000510000000401040000&000000C3000000EB05000000&0&0&025F15141515FFFFFF92&0&2&00000000000000,88,20260909132948,E85B$
1788960595.879757 AT+GTRTO=*,10,,0,,,,,,E85C$
1788960595.882748 
1788960595.882941 +ACK:GTRTO,EF8051,864864077015703,HumanForest,,LOCK,E85C,20260909132956,E85C$
1788960595.894733 
1788960595.894787 +RESP:GTLOR,EF8051,864864077015703,HumanForest,0K541203001919,humanforest: 28151,,,0,0000000000000000,1,0.0,0,49.5,-0.099664,51.499638,20260909132955,,0234,0015,013C,364A,30&99,1,41,0,52822,4153,99,0,0,0,,0.0&0.00&49.0&4819.3&1&0&0&000000510000000401040000&000000C3000000EB05000000&0&0&025F15141515FFFFFF97&0&2&00000000000000,88,20260909132956,E85D$
1788960596.310750 
1788960596.310819 +RESP:GTLOC,EF8051,864864077015703,HumanForest,0K541203001919,humanforest: 28151,,,0,0000000000000000,1,0.0,0,49.5,-0.099664,51.499638,20260909132955,,0234,0015,013C,364A,30&99,1,41,0,52822,4153,99,0,0,1,,0.0&0.00&49.0&4819.3&1&0&0&000000510000000401040000&000000C3000000EB05000000&0&0&025F15141515FFFFFF8C&0&2&00000000000000,88,20260909132956,E85E$
1788960597.862775 
1788960597.862797 +RESP:GTFRI,EF8051,864864077015703,HumanForest,0K541203001919,humanforest: 28151,,,0,0000000000000000,1,0.0,0,49.5,-0.099664,51.499638,20260909132957,,0234,0015,013C,364A,30&99,1,41,0,52822,4153,99,0,0,1,,0.0&0.00&0.0&4819.3&0&0&0&000000510000000401040000&000000C3000000EB05000000&0&0&00000000000000000000&0&2&00000000000000,88,20260909132958,E85F$
1788960606.430892 
1788960606.430926 +RESP:GTMLS,EF8051,864864077015703,HumanForest,0K541203001919,humanforest: 28151,,,30,0,52822,4153,99,1,2,4,,20260909133006,E860$
1788960622.374072 AT+GTRTO=*,F,,0,,,,,,E861$
1788960622.377095 
1788960622.377286 +ACK:GTRTO,EF8051,864864077015703,HumanForest,,UNLOCK,E861,20260909133022,E861$
1788960624.987129 
1788960624.987303 +RESP:GTULS,EF8051,864864077015703,HumanForest,0K541203001919,humanforest: 28151,,,0,0000000000000000,1,0.0,0,49.5,-0.099664,51.499638,20260909133023,,0234,0015,013C,364A,30&99,1,41,0,52822,4153,99,0,0,0,,0.0&0.00&49.0&4819.3&1&0&0&000000510000000401040000&000000C3000000EB05000000&0&0&025F15141515FFFFFFAE&0&2&00000000000000,88,20260909133025,E862$
1788960625.891099 
1788960625.891129 +RESP:GTFRI,EF8051,864864077015703,HumanForest,0K541203001919,humanforest: 28151,,,0,0000000000000000,1,0.0,0,49.5,-0.099664,51.499638,20260909133025,,0234,0015,013C,364A,30&99,1,41,0,52822,4153,99,0,0,0,,0.0&0.00&49.0&4819.3&1&0&0&000000510000000401040000&000000C3000000EB05000000&0&0&025F15141515FFFFFFC4&0&2&00000000000000,88,20260909133026,E863$
1788960630.661168 
1788960630.661221 +RESP:GTMLS,EF8051,864864077015703,HumanForest,0K541203001919,humanforest: 28151,,,30,0,52822,4153,99,0,2,4,,20260909133030,E864$
1788960636.298259 
1788960636.298295 +RESP:GTFRI,EF8051,864864077015703,HumanForest,0K541203001919,humanforest: 28151,,,0,0000000000000000,1,0.0,0,49.5,-0.099664,51.499638,20260909133035,,0234,0015,013C,364A,30&99,1,41,0,52822,4153,99,0,0,0,,0.0&0.00&49.0&4819.3&1&0&0&000000510000000401040000&000000C3000000EB05000000&0&0&025F15141515FFFFFF97&0&2&00000000000000,88,20260909133036,E865$
1788960645.908361 
1788960645.908386 +RESP:GTFRI,EF8051,864864077015703,HumanForest,0K541203001919,humanforest: 28151,,,0,0000000000000000,1,0.0,0,49.5,-0.099664,51.499638,20260909133045,,0234,0015,013C,364A,30&99,1,41,0,52822,4153,99,0,0,0,,0.0&0.00&49.0&4819.3&1&0&0&000000510000000401040000&000000C3000000EB05000000&0&0&025F15141515FFFFFF97&0&2&00000000000000,88,20260909133046,E866$
1788960652.312660 AT+GTRTO=*,10,,0,,,,,,E867$
1788960652.316430 
1788960652.316442 +ACK:GTRTO,EF8051,864864077015703,HumanForest,,LOCK,E867,20260909133052,E867$
1788960652.328429 
1788960652.328441 +RESP:GTLOR,EF8051,864864077015703,HumanForest,0K541203001919,humanforest: 28151,,,0,0000000000000000,1,0.0,0,49.5,-0.099664,51.499638,20260909133052,,0234,0015,013C,364A,30&99,1,41,0,52822,4153,99,0,0,0,,0.0&0.00&49.0&4819.3&1&0&0&000000510000000401040000&000000C3000000EB05000000&0&0&025F15141515FFFFFF92&0&2&00000000000000,88,20260909133052,E868$
1788960652.646447 
1788960652.646641 +RESP:GTLOC,EF8051,864864077015703,HumanForest,0K541203001919,humanforest: 28151,,,0,0000000000000000,1,0.0,0,49.5,-0.099664,51.499638,20260909133052,,0234,0015,013C,364A,30&99,1,41,0,52822,4153,99,0,0,1,,0.0&0.00&49.0&4819.3&1&0&0&000000510000000401040000&000000C3000000EB05000000&0&0&025F15141515FFFFFF92&0&2&00000000000000,88,20260909133052,E869$
1788960653.914504 
1788960653.914694 +RESP:GTFRI,EF8051,864864077015703,HumanForest,0K541203001919,humanforest: 28151,,,0,0000000000000000,1,0.0,0,49.5,-0.099664,51.499638,20260909133053,,0234,0015,013C,364A,30&99,1,41,0,52822,4153,99,0,0,1,,0.0&0.00&0.0&4819.3&0&0&0&000000510000000401040000&000000C3000000EB05000000&0&0&00000000000000000000&0&2&00000000000000,88,20260909133054,E86A$
1788960662.951613 
1788960662.951642 +RESP:GTMLS,EF8051,864864077015703,HumanForest,0K541203001919,humanforest: 28151,,,30,0,52834,4153,99,1,2,4,,20260909133103,E86B$
