1788801022.356725 AT+GTRTO=*,10,,0,,,,,,A73E$
1788801022.359938 
1788801022.360718 +ACK:GTRTO,EF8051,865969076362128,HumanForest,,LOCK,A73E,20260907171020,A73E$
1788801022.371945 
1788801022.372708 +RESP:GTLOR,EF8051,865969076362128,HumanForest,0K550924005695,37088,,,0,0000000000000000,1,0.0,0,16.1,-0.099556,51.499747,20260907170939,,0234,0015,301F,001C730A,31&99,2,41,0,53521,4070,91,0,0,1,,0.0&0.00&0.0&0.1&0&0&0&0000004A0000000401030000&000000C3000000EB05000000&0&0&00000000000000000000&0&2&00000000000000,97,20260907171020,A73F$
1788801022.409698 
1788801022.409710 +RESP:GTLOC,EF8051,865969076362128,HumanForest,0K550924005695,37088,,,0,0000000000000000,1,0.0,0,16.1,-0.099556,51.499747,20260907170939,,0234,0015,301F,001C730A,31&99,2,41,0,53521,4070,91,0,0,1,,0.0&0.00&0.0&0.1&0&0&0&0000004A0000000401030000&000000C3000000EB05000000&0&0&00000000000000000000&0&2&00000000000000,97,20260907171020,A740$
1788801030.694153 AT+GTRTO=*,F,,0,,,,,,A741$
1788801030.698144 
1788801030.698157 +ACK:GTRTO,EF8051,865969076362128,HumanForest,,UNLOCK,A741,20260907171028,A741$
1788801030.859154 
1788801030.859174 +RESP:GTCFU,EF8051,865969076362128,HumanForest,0K550924005695,37088,,,0,0210000000000000,1,0.0,0,16.1,-0.099556,51.499747,20260907170939,,0234,0015,301F,001C730A,31&99,2,41,0,53496,4070,91,2,0,1,,0.0&0.00&55.0&0.1&0&0&0&0000004A0000000401030000&000000C3000000EB05000000&0&0&026100001E1EFFFFFFCF&0&2&00000000000000,97,20260907171028,A742$
1788801032.768300 
1788801032.768476 +RESP:GTULS,EF8051,865969076362128,HumanForest,0K550924005695,37088,,,0,0210000000000000,1,0.0,0,16.1,-0.099556,51.499747,20260907170939,,0234,0015,301F,001C730A,31&99,2,41,0,53496,4070,91,2,0,0,,0.0&0.00&55.0&0.1&0&0&0&0000004A0000000401030000&000000C3000000EB05000000&0&0&026100001E1EFFFFFFC4&0&2&00000000000000,97,20260907171030,A743$
1788801033.722324 
1788801033.722433 +RESP:GTFRI,EF8051,865969076362128,HumanForest,0K550924005695,37088,,,0,0210000000000000,1,0.0,0,16.1,-0.099556,51.499747,20260907170939,,0234,0015,301F,001C730A,31&99,2,41,0,53496,4070,91,2,0,0,,0.0&0.00&55.0&0.1&1&0&0&0000004A0000000401030000&000000C3000000EB05000000&0&0&026100001E1EFFFFFFCA&0&2&00000000000000,97,20260907171031,A744$
1788801043.552855 
1788801043.552992 +RESP:GTFRI,EF8051,865969076362128,HumanForest,0K550924005695,37088,,,0,0210000000000000,0,0.0,0,16.1,-0.099556,51.499747,20260907170939,,0234,0015,301F,001C730A,31&99,2,41,0,53483,4070,91,2,0,0,,0.0&0.00&55.0&0.1&1&0&0&0000004A0000000401030000&000000C3000000EB05000000&0&0&026100001E1EFFFFFFA9&0&2&00000000000000,97,20260907171041,A745$
1788801044.309901 AT+GTRTO=*,10,,0,,,,,,A746$
1788801044.312960 
1788801044.313872 +ACK:GTRTO,EF8051,865969076362128,HumanForest,,LOCK,A746,20260907171042,A746$
1788801044.324862 
1788801044.325069 +RESP:GTLOR,EF8051,865969076362128,HumanForest,0K550924005695,37088,,,0,0210000000000000,1,0.0,0,16.1,-0.099556,51.499747,20260907171043,,0234,0015,301F,001C730A,31&99,2,41,0,53483,4070,91,2,0,0,,0.0&0.00&55.0&0.1&1&0&0&0000004A0000000401030000&000000C3000000EB05000000&0&0&026100001E1EFFFFFF9E&0&2&00000000000000,97,20260907171042,A747$
1788801044.522987 
1788801044.523881 +RESP:GTLOC,EF8051,865969076362128,HumanForest,0K550924005695,37088,,,0,0210000000000000,1,0.0,0,16.1,-0.099556,51.499747,20260907171043,,0234,0015,301F,001C730A,31&99,2,41,0,53483,4070,91,2,0,1,,0.0&0.00&55.0&0.1&1&0&0&0000004A0000000401030000&000000C3000000EB05000000&0&0&026100001E1EFFFFFF9E&0&2&00000000000000,97,20260907171042,A748$
1788801045.732973 
1788801045.733182 +RESP:GTFRI,EF8051,865969076362128,HumanForest,0K550924005695,37088,,,0,0000000000000000,1,0.0,0,16.1,-0.099556,51.499747,20260907171045,,0234,0015,301F,001C730A,31&99,2,41,0,53483,4070,91,0,0,1,,0.0&0.00&0.0&0.1&0&0&0&0000004A0000000401030000&000000C3000000EB05000000&0&0&00000000000000000000&0&2&00000000000000,97,20260907171043,A749$
1788801052.787340 AT+GTRTO=*,F,,0,,,,,,A74A$
1788801052.790318 
1788801052.790331 +ACK:GTRTO,EF8051,865969076362128,HumanForest,,UNLOCK,A74A,20260907171050,A74A$
1788801052.978342 
1788801052.978397 +RESP:GTCFU,EF8051,865969076362128,HumanForest,0K550924005695,37088,,,0,0210000000000000,1,0.0,0,16.1,-0.099556,51.499747,20260907171052,,0234,0015,301F,001C730A,31&99,2,41,0,53496,4070,91,2,0,1,,0.0&0.00&55.0&0.1&0&0&0&0000004A0000000401030000&000000C3000000EB05000000&0&0&026100001E1EFFFFFF9E&0&2&00000000000000,97,20260907171050,A74B$
1788801054.970464 
1788801054.970495 +RESP:GTULS,EF8051,865969076362128,HumanForest,0K550924005695,37088,,,0,0210000000000000,1,0.0,0,16.1,-0.099556,51.499747,20260907171053,,0234,0015,301F,001C730A,31&99,2,41,0,53483,4070,91,2,0,0,,0.0&0.00&55.0&0.1&1&0&0&0000004A0000000401030000&000000C3000000EB05000000&0&0&026100001E1EFFFFFFBF&0&2&00000000000000,97,20260907171052,A74C$
1788801056.144513 
1788801056.144534 +RESP:GTFRI,EF8051,865969076362128,HumanForest,0K550924005695,37088,,,0,0210000000000000,1,0.0,0,16.1,-0.099556,51.499747,20260907171055,,0234,0015,301F,001C730A,31&99,2,41,0,53483,4070,91,2,0,0,,0.0&0.00&55.0&0.1&1&0&0&0000004A0000000401030000&000000C3000000EB05000000&0&0&026100001E1EFFFFFFCA&0&2&00000000000000,97,20260907171054,A74D$
1788801062.687869 AT+GTRTO=*,10,,0,,,,,,A74E$
1788801062.691053 
1788801062.691872 +ACK:GTRTO,EF8051,865969076362128,HumanForest,,LOCK,A74E,20260907171100,A74E$
1788801062.740016 
1788801062.740854 +RESP:GTLOR,EF8051,865969076362128,HumanForest,0K550924005695,37088,,,0,0210000000000000,1,0.0,0,16.1,-0.099556,51.499747,20260907171102,,0234,0015,301F,001C730A,31&99,2,41,0,53471,4070,91,2,0,0,,0.0&0.00&55.0&0.1&1&0&0&0000004A0000000401030000&000000C3000000EB05000000&0&0&026100001E1EFFFFFFA3&0&2&00000000000000,97,20260907171100,A74F$
1788801063.350904 
1788801063.350932 +RESP:GTLOC,EF8051,865969076362128,HumanForest,0K550924005695,37088,,,0,0210000000000000,1,0.0,0,16.1,-0.099556,51.499747,20260907171102,,0234,0015,301F,001C730A,31&99,2,41,0,53496,4070,91,2,0,1,,0.0&0.00&55.0&0.1&1&0&0&0000004A0000000401030000&000000C3000000EB05000000&0&0&026100001E1EFFFFFFA3&0&2&00000000000000,97,20260907171101,A750$
1788801064.950995 
1788801064.951025 +RESP:GTFRI,EF8051,865969076362128,HumanForest,0K550924005695,37088,,,0,0000000000000000,1,0.0,0,16.1,-0.099556,51.499747,20260907171104,,0234,0015,301F,001C730A,31&99,2,41,0,53496,4070,91,0,0,1,,0.0&0.00&0.0&0.1&0&0&0&0000004A0000000401030000&000000C3000000EB05000000&0&0&00000000000000000000&0&2&00000000000000,97,20260907171102,A751$
1788801070.696307 AT+GTRTO=*,F,,0,,,,,,A752$
1788801070.699274 
1788801070.699286 +ACK:GTRTO,EF8051,865969076362128,HumanForest,,UNLOCK,A752,20260907171108,A752$
1788801070.858301 
1788801070.858446 +RESP:GTCFU,EF8051,865969076362128,HumanForest,0K550924005695,37088,,,0,0210000000000000,1,0.0,0,16.1,-0.099556,51.499747,20260907171110,,0234,0015,301F,001C730A,31&99,2,41,0,53496,4070,91,2,0,1,,0.0&0.00&55.0&0.1&0&0&0&0000004A0000000401030000&000000C3000000EB05000000&0&0&026100001E1EFFFFFFA3&0&2&00000000000000,97,20260907171108,A753$
1788801073.288438 
1788801073.288465 +RESP:GTULS,EF8051,865969076362128,HumanForest,0K550924005695,37088,,,0,0210000000000000,1,0.0,0,16.1,-0.099556,51.499747,20260907171112,,0234,0015,301F,001C730A,31&99,2,41,0,53496,4070,91,2,0,0,,0.0&0.00&55.0&0.1&1&0&0&0000004A0000000401030000&000000C3000000EB05000000&0&0&026100001E1EFFFFFFCA&0&2&00000000000000,97,20260907171111,A754$
1788801074.560759 
1788801074.561522 +RESP:GTFRI,EF8051,865969076362128,HumanForest,0K550924005695,37088,,,0,0210000000000000,1,0.0,0,16.1,-0.099556,51.499747,20260907171113,,0234,0015,301F,001C730A,31&99,2,41,0,53483,4070,91,2,0,0,,0.0&0.00&55.0&0.1&1&0&0&0000004A0000000401030000&000000C3000000EB05000000&0&0&026100001E1EFFFFFFCA&0&2&00000000000000,97,20260907171112,A755$
1788801081.256000 AT+GTRTO=*,10,,0,,,,,,A756$
1788801081.259843 
1788801081.259856 +ACK:GTRTO,EF8051,865969076362128,HumanForest,,LOCK,A756,20260907171119,A756$
1788801081.271901 
1788801081.271913 +RESP:GTLOR,EF8051,865969076362128,HumanForest,0K550924005695,37088,,,0,0210000000000000,1,0.0,0,16.1,-0.099556,51.499747,20260907171120,,0234,0015,301F,001C730A,31&99,2,41,0,53471,4070,91,2,0,0,,0.0&0.00&55.0&0.1&1&0&0&0000004A0000000401030000&000000C3000000EB05000000&0&0&026100001E1EFFFFFFA3&0&2&00000000000000,97,20260907171119,A757$
1788801081.686884 
1788801081.686910 +RESP:GTLOC,EF8051,865969076362128,HumanForest,0K550924005695,37088,,,0,0210000000000000,1,0.0,0,16.1,-0.099556,51.499747,20260907171121,,0234,0015,301F,001C730A,31&99,2,41,0,53471,4070,91,2,0,1,,0.0&0.00&55.0&0.1&1&0&0&0000004A0000000401030000&000000C3000000EB05000000&0&0&026100001E1EFFFFFF9E&0&2&00000000000000,97,20260907171119,A758$
1788801082.567938 
1788801082.568002 +RESP:GTFRI,EF8051,865969076362128,HumanForest,0K550924005695,37088,,,0,0210000000000000,1,0.0,0,16.1,-0.099556,51.499747,20260907171121,,0234,0015,301F,001C730A,31&99,2,41,0,53471,4070,91,2,0,1,,0.0&0.00&55.0&0.1&1&0&0&0000004A0000000401030000&000000C3000000EB05000000&0&0&026100001E1EFFFFFF9E&0&2&00000000000000,97,20260907171120,A759$
