1788787689.239754 AT+GTRTO=*,F,,0,,,,,,A677$
1788787689.242728 
1788787689.242781 +ACK:GTRTO,EF8051,865969076362128,HumanForest,,UNLOCK,A677,20260907132809,A677$
1788787689.412767 
1788787689.412791 +RESP:GTCFU,EF8051,865969076362128,HumanForest,0K550924005695,37088,,,0,0210000000000000,1,0.0,0,12.4,-0.099579,51.499718,20260907132808,,0234,0015,301F,001C730A,31&99,2,41,0,53683,4070,91,2,0,1,,0.0&0.00&56.0&0.1&0&0&0&0000004A0000000401030000&000000C3000000EB05000000&0&0&02611C1C1C1DFFFFFFA9&0&2&00000000000000,98,20260907132809,A678$
1788787691.321888 
1788787691.321917 +RESP:GTULS,EF8051,865969076362128,HumanForest,0K550924005695,37088,,,0,0210000000000000,1,0.0,0,12.4,-0.099579,51.499718,20260907132810,,0234,0015,301F,001C730A,31&99,2,41,0,53683,4070,91,2,0,0,,0.0&0.00&55.0&0.1&1&0&0&0000004A0000000401030000&000000C3000000EB05000000&0&0&02611C1C1D1DFFFFFFCA&0&2&00000000000000,98,20260907132811,A679$
1788787692.315926 
1788787692.315958 +RESP:GTFRI,EF8051,865969076362128,HumanForest,0K550924005695,37088,,,0,0210000000000000,1,0.0,0,12.4,-0.099579,51.499718,20260907132811,,0234,0015,301F,001C730A,31&99,2,41,0,53683,4070,91,2,0,0,,0.0&0.00&55.0&0.1&1&0&0&0000004A0000000401030000&000000C3000000EB05000000&0&0&02611C1C1D1DFFFFFFCA&0&2&00000000000000,98,20260907132812,A67A$
1788787697.086200 
1788787697.086235 +RESP:GTMLS,EF8051,865969076362128,HumanForest,0K550924005695,37088,,,30,0,53671,4070,91,0,2,4,,20260907132817,A67B$
1788787701.922450 
1788787701.922486 +RESP:GTFRI,EF8051,865969076362128,HumanForest,0K550924005695,37088,,,0,0210000000000000,2,0.0,0,12.4,-0.099579,51.499718,20260907132821,,0234,0015,301F,001C730A,31&99,2,41,0,53671,4070,91,2,0,0,,0.0&0.00&55.0&0.1&1&0&0&0000004A0000000401030000&000000C3000000EB05000000&0&0&02611C1C1D1DFFFFFFA3&0&2&00000000000000,98,20260907132822,A67C$
1788787702.623476 AT+GTRTO=*,F,,0,,,,,,A67C$
1788787702.626448 
1788787702.626507 +ACK:GTRTO,EF8051,865969076362128,HumanForest,,UNLOCK,A67C,20260907132822,A67D$
1788787702.778476 
1788787702.778532 +RESP:GTULS,EF8051,865969076362128,HumanForest,0K550924005695,37088,,,0,0210000000000000,2,0.0,0,12.4,-0.099579,51.499718,20260907132822,,0234,0015,301F,001C730A,31&99,2,41,0,53671,4070,91,2,0,0,,0.0&0.00&55.0&0.1&1&0&0&0000004A0000000401030000&000000C3000000EB05000000&0&0&02611C1C1D1DFFFFFFA9&0&2&00000000000000,98,20260907132823,A67E$
1788787704.324573 
1788787704.324604 +RESP:GTFRI,EF8051,865969076362128,HumanForest,0K550924005695,37088,,,0,0210000000000000,3,0.0,0,12.4,-0.099579,51.499718,20260907132823,,0234,0015,301F,001C730A,31&99,2,41,0,53671,4070,91,2,0,0,,0.0&0.00&55.0&0.1&1&0&0&0000004A0000000401030000&000000C3000000EB05000000&0&0&02611C1C1D1DFFFFFF98&0&2&00000000000000,98,20260907132824,A67F$
1788787708.486823 
1788787708.487006 +RESP:GTMLS,EF8051,865969076362128,HumanForest,0K550924005695,37088,,,30,0,53671,4070,91,0,2,4,,20260907132828,A680$
1788787711.311037 AT+GTRTO=*,F,,0,,,,,,A681$
1788787711.314923 
1788787711.314935 +ACK:GTRTO,EF8051,865969076362128,HumanForest,,UNLOCK,A681,20260907132831,A681$
1788787711.453194 
1788787711.453960 +RESP:GTULS,EF8051,865969076362128,HumanForest,0K550924005695,37088,,,0,0210000000000000,1,0.0,0,12.4,-0.099579,51.499718,20260907132831,,0234,0015,301F,001C730A,31&99,2,41,0,53671,4070,91,2,0,0,,0.0&0.00&55.0&0.1&1&0&0&0000004A0000000401030000&000000C3000000EB05000000&0&0&02611D1C1D1DFFFFFFA9&0&2&00000000000000,98,20260907132831,A682$
1788787712.335014 
1788787712.335047 +RESP:GTFRI,EF8051,865969076362128,HumanForest,0K550924005695,37088,,,0,0210000000000000,1,0.0,0,12.4,-0.099579,51.499718,20260907132832,,0234,0015,301F,001C730A,31&99,2,41,0,53658,4070,91,2,0,0,,0.0&0.00&55.0&0.1&1&0&0&0000004A0000000401030000&000000C3000000EB05000000&0&0&02611D1C1D1DFFFFFF9E&0&2&00000000000000,98,20260907132832,A683$
1788787717.165399 
1788787717.166294 +RESP:GTMLS,EF8051,865969076362128,HumanForest,0K550924005695,37088,,,30,0,53671,4070,91,0,2,4,,20260907132837,A684$
1788787721.941595 
1788787721.942473 +RESP:GTFRI,EF8051,865969076362128,HumanForest,0K550924005695,37088,,,0,0210000000000000,1,0.0,0,12.4,-0.099579,51.499718,20260907132841,,0234,0015,301F,001C730A,31&99,2,41,0,53671,4070,91,2,0,0,,0.0&0.00&55.0&0.1&1&0&0&0000004A0000000401030000&000000C3000000EB05000000&0&0&02611D1C1D1DFFFFFFA3&0&2&00000000000000,98,20260907132842,A685$
1788787722.631531 AT+GTRTO=*,F,,0,,,,,,A685$
1788787722.634499 
1788787722.634511 +ACK:GTRTO,EF8051,865969076362128,HumanForest,,UNLOCK,A685,20260907132842,A686$
1788787722.784778 
1788787722.785541 +RESP:GTULS,EF8051,865969076362128,HumanForest,0K550924005695,37088,,,0,0210000000000000,1,0.0,0,12.4,-0.099579,51.499718,20260907132842,,0234,0015,301F,001C730A,31&99,2,41,0,53671,4070,91,2,0,0,,0.0&0.00&55.0&0.1&1&0&0&0000004A0000000401030000&000000C3000000EB05000000&0&0&02611D1C1D1DFFFFFFA3&0&2&00000000000000,98,20260907132843,A687$
1788787724.344612 
1788787724.344641 +RESP:GTFRI,EF8051,865969076362128,HumanForest,0K550924005695,37088,,,0,0210000000000000,1,0.0,0,12.4,-0.099579,51.499718,20260907132843,,0234,0015,301F,001C730A,31&99,2,41,0,53671,4070,91,2,0,0,,0.0&0.00&55.0&0.1&1&0&0&0000004A0000000401030000&000000C3000000EB05000000&0&0&02611D1C1D1DFFFFFF9E&0&2&00000000000000,98,20260907132844,A688$
1788787728.486799 
1788787728.486824 +RESP:GTMLS,EF8051,865969076362128,HumanForest,0K550924005695,37088,,,30,0,53671,4070,91,0,2,4,,20260907132848,A689$
1788787732.781000 AT+GTRTO=*,F,,0,,,,,,A68A$
1788787732.784065 
1788787732.784256 +ACK:GTRTO,EF8051,865969076362128,HumanForest,,UNLOCK,A68A,20260907132853,A68A$
1788787732.925093 
1788787732.925993 +RESP:GTULS,EF8051,865969076362128,HumanForest,0K550924005695,37088,,,0,0210000000000000,2,0.0,0,12.4,-0.099579,51.499718,20260907132852,,0234,0015,301F,001C730A,31&99,2,41,0,53671,4070,91,2,0,0,,0.0&0.00&55.0&0.1&1&0&0&0000004A0000000401030000&000000C3000000EB05000000&0&0&02611D1C1D1DFFFFFFAE&0&2&00000000000000,98,20260907132853,A68B$
1788787733.956131 
1788787733.956162 +RESP:GTFRI,EF8051,865969076362128,HumanForest,0K550924005695,37088,,,0,0210000000000000,2,0.0,0,12.4,-0.099579,51.499718,20260907132853,,0234,0015,301F,001C730A,31&99,2,41,0,53671,4070,91,2,0,0,,0.0&0.00&55.0&0.1&1&0&0&0000004A0000000401030000&000000C3000000EB05000000&0&0&02611D1C1D1DFFFFFF9E&0&2&00000000000000,98,20260907132854,A68C$
1788787738.616287 
1788787738.616385 +RESP:GTMLS,EF8051,865969076362128,HumanForest,0K550924005695,37088,,,30,0,53671,4070,91,0,2,4,,20260907132858,A68D$
1788787744.363561 
1788787744.363647 +RESP:GTFRI,EF8051,865969076362128,HumanForest,0K550924005695,37088,,,0,0210000000000000,1,0.0,0,12.4,-0.099579,51.499718,20260907132903,,0234,0015,301F,001C730A,31&99,2,41,0,53671,4070,91,2,0,0,,0.0&0.00&55.0&0.1&1&0&0&0000004A0000000401030000&000000C3000000EB05000000&0&0&02611D1C1D1DFFFFFFA9&0&2&00000000000000,98,20260907132904,A68E$
1788787753.973023 
1788787753.973058 +RESP:GTFRI,EF8051,865969076362128,HumanForest,0K550924005695,37088,,,0,0210000000000000,1,0.0,0,12.4,-0.099579,51.499718,20260907132913,,0234,0015,301F,001C730A,31&99,2,41,0,53671,4070,91,2,0,0,,0.0&0.00&55.0&0.1&1&0&0&0000004A0000000401030000&000000C3000000EB05000000&0&0&02611D1C1D1DFFFFFFA9&0&2&00000000000000,98,20260907132914,A68F$
1788787755.462087 AT+GTRTO=*,10,,0,,,,,,A690$
1788787755.466063 
1788787755.466076 +ACK:GTRTO,EF8051,865969076362128,HumanForest,,LOCK,A690,20260907132915,A690$
1788787755.477312 
1788787755.478083 +RESP:GTLOR,EF8051,865969076362128,HumanForest,0K550924005695,37088,,,0,0210000000000000,1,0.0,0,12.4,-0.099579,51.499718,20260907132915,,0234,0015,301F,001C730A,31&99,2,41,0,53646,4070,91,2,0,0,,0.0&0.00&55.0&0.1&1&0&0&0000004A0000000401030000&000000C3000000EB05000000&0&0&02611D1C1D1DFFFFFF98&0&2&00000000000000,98,20260907132915,A691$
1788787755.745091 
1788787755.745112 +RESP:GTLOC,EF8051,865969076362128,HumanForest,0K550924005695,37088,,,0,0210000000000000,1,0.0,0,12.4,-0.099579,51.499718,20260907132915,,0234,0015,301F,001C730A,31&99,2,41,0,53646,4070,91,2,0,1,,0.0&0.00&55.0&0.1&1&0&0&0000004A0000000401030000&000000C3000000EB05000000&0&0&02611D1C1D1DFFFFFF98&0&2&00000000000000,98,20260907132916,A692$
1788787757.179179 
1788787757.179210 +RESP:GTFRI,EF8051,865969076362128,HumanForest,0K550924005695,37088,,,0,0000000000000000,1,0.0,0,12.4,-0.099579,51.499718,20260907132916,,0234,0015,301F,001C730A,31&99,2,41,0,53671,4070,91,0,0,1,,0.0&0.00&0.0&0.1&0&0&0&0000004A0000000401030000&000000C3000000EB05000000&0&0&00000000000000000000&0&2&00000000000000,98,20260907132917,A693$
1788787765.883601 
1788787765.883636 +RESP:GTMLS,EF8051,865969076362128,HumanForest,0K550924005695,37088,,,30,0,53671,4070,91,1,2,4,,20260907132926,A694$
1788787766.573633 AT+GTRTO=*,F,,0,,,,,,A694$
1788787766.576589 
1788787766.576601 +ACK:GTRTO,EF8051,865969076362128,HumanForest,,UNLOCK,A694,20260907132926,A695$
1788787766.815615 
1788787766.815633 +RESP:GTCFU,EF8051,865969076362128,HumanForest,0K550924005695,37088,,,0,0210000000000000,1,0.0,0,12.4,-0.099579,51.499718,20260907132925,,0234,0015,301F,001C730A,31&99,2,41,0,53671,4070,91,2,0,1,,0.0&0.00&55.0&0.1&0&0&0&0000004A0000000401030000&000000C3000000EB05000000&0&0&02611D1C1D1DFFFFFF98&0&2&00000000000000,98,20260907132927,A696$
1788787769.137749 
1788787769.137779 +RESP:GTULS,EF8051,865969076362128,HumanForest,0K550924005695,37088,,,0,0210000000000000,1,0.0,0,12.4,-0.099579,51.499718,20260907132928,,0234,0015,301F,001C730A,31&99,2,41,0,53671,4070,91,2,0,0,,0.0&0.00&55.0&0.1&1&0&0&0000004A0000000401030000&000000C3000000EB05000000&0&0&02611D1C1D1DFFFFFFC4&0&2&00000000000000,98,20260907132929,A697$
1788787769.989786 
1788787769.989817 +RESP:GTFRI,EF8051,865969076362128,HumanForest,0K550924005695,37088,,,0,0210000000000000,1,0.0,0,12.4,-0.099579,51.499718,20260907132928,,0234,0015,301F,001C730A,31&99,2,41,0,53671,4070,91,2,0,0,,0.0&0.00&55.0&0.1&0&0&0&0000004A0000000401030000&000000C3000000EB05000000&0&0&02611D1C1D1DFFFFFFCA&0&2&00000000000000,98,20260907132930,A698$
1788787774.912019 
1788787774.912052 +RESP:GTMLS,EF8051,865969076362128,HumanForest,0K550924005695,37088,,,30,0,53671,4070,91,0,2,4,,20260907132935,A699$
1788787780.398512 
1788787780.399301 +RESP:GTFRI,EF8051,865969076362128,HumanForest,0K550924005695,37088,,,0,0210000000000000,1,0.0,0,12.4,-0.099579,51.499718,20260907132940,,0234,0015,301F,001C730A,31&99,2,41,0,53658,4070,91,2,0,0,,0.0&0.00&55.0&0.1&1&0&0&0000004A0000000401030000&000000C3000000EB05000000&0&0&02611D1C1D1DFFFFFFA3&0&2&00000000000000,98,20260907132940,A69A$
1788787786.234565 AT+GTRTO=*,10,,0,,,,,,A69B$
1788787786.237538 
1788787786.237657 +ACK:GTRTO,EF8051,865969076362128,HumanForest,,LOCK,A69B,20260907132946,A69B$
1788787786.249534 
1788787786.249573 +RESP:GTLOR,EF8051,865969076362128,HumanForest,0K550924005695,37088,,,0,0210000000000000,1,0.0,0,12.4,-0.099579,51.499718,20260907132945,,0234,0015,301F,001C730A,31&99,2,41,0,53658,4070,91,2,0,0,,0.0&0.00&55.0&0.1&1&0&0&0000004A0000000401030000&000000C3000000EB05000000&0&0&02611D1C1D1DFFFFFFA3&0&2&00000000000000,98,20260907132946,A69C$
1788787786.656734 
1788787786.657554 +RESP:GTLOC,EF8051,865969076362128,HumanForest,0K550924005695,37088,,,0,0210000000000000,1,0.0,0,12.4,-0.099579,51.499718,20260907132946,,0234,0015,301F,001C730A,31&99,2,41,0,53658,4070,91,2,0,1,,0.0&0.00&55.0&0.1&1&0&0&0000004A0000000401030000&000000C3000000EB05000000&0&0&02611D1C1D1DFFFFFF9E&0&2&00000000000000,98,20260907132946,A69D$
1788787787.608639 
1788787787.608670 +RESP:GTFRI,EF8051,865969076362128,HumanForest,0K550924005695,37088,,,0,0210000000000000,1,0.0,0,12.4,-0.099579,51.499718,20260907132946,,0234,0015,301F,001C730A,31&99,2,41,0,53658,4070,91,2,0,1,,0.0&0.00&55.0&0.1&1&0&0&0000004A0000000401030000&000000C3000000EB05000000&0&0&02611D1C1D1DFFFFFF9E&0&2&00000000000000,98,20260907132947,A69E$
1788787796.793079 
1788787796.793263 +RESP:GTMLS,EF8051,865969076362128,HumanForest,0K550924005695,37088,,,30,0,53671,4070,91,1,2,4,,20260907132957,A69F$
