1788779032.663867 
1788779032.664078 +RESP:GTFRI,EF8051,865969076362128,HumanForest,0K550924005695,37088,,,0,0000000000000000,1,0.0,0,12.4,-0.099579,51.499718,20260907110351,,0234,0015,301F,001C730A,31&99,2,41,0,53871,4070,91,0,0,1,,0.0&0.00&0.0&0.1&0&0&0&0000004A0000000401030000&000000C3000000EB05000000&0&0&00000000000000000000&0&2&00000000000000,100,20260907110352,A637$
1788779272.901046 
1788779272.901886 +RESP:GTFRI,EF8051,865969076362128,HumanForest,0K550924005695,37088,,,0,0000000000000000,1,0.0,0,12.4,-0.099579,51.499718,20260907110751,,0234,0015,301F,001C730A,31&99,2,41,0,53858,4070,91,0,0,1,,0.0&0.00&0.0&0.1&0&0&0&0000004A0000000401030000&000000C3000000EB05000000&0&0&00000000000000000000&0&2&00000000000000,100,20260907110753,A638$
1788779513.141747 
1788779513.141773 +RESP:GTFRI,EF8051,865969076362128,HumanForest,0K550924005695,37088,,,0,0000000000000000,1,0.0,0,12.4,-0.099579,51.499718,20260907111152,,0234,0015,301F,001C730A,31&99,2,41,0,53858,4070,91,0,0,1,,0.0&0.00&0.0&0.1&0&0&0&0000004A0000000401030000&000000C3000000EB05000000&0&0&00000000000000000000&0&2&00000000000000,100,20260907111153,A639$
1788779753.370543 
1788779753.370581 +RESP:GTFRI,EF8051,865969076362128,HumanForest,0K550924005695,37088,,,0,0000000000000000,1,0.0,0,12.4,-0.099579,51.499718,20260907111552,,0234,0015,301F,001C730A,31&99,2,41,0,53846,4070,91,0,0,1,,0.0&0.00&0.0&0.1&0&0&0&0000004A0000000401030000&000000C3000000EB05000000&0&0&00000000000000000000&0&2&00000000000000,100,20260907111553,A63A$
1788779992.817936 
1788779992.817960 +RESP:GTFRI,EF8051,865969076362128,HumanForest,0K550924005695,37088,,,0,0000000000000000,1,0.0,0,12.4,-0.099579,51.499718,20260907111951,,0234,0015,301F,001C730A,31&99,2,41,0,53846,4070,91,0,0,1,,0.0&0.00&0.0&0.1&0&0&0&0000004A0000000401030000&000000C3000000EB05000000&0&0&00000000000000000000&0&2&00000000000000,99,20260907111953,A63B$
1788780233.037243 
1788780233.038148 +RESP:GTFRI,EF8051,865969076362128,HumanForest,0K550924005695,37088,,,0,0000000000000000,1,0.0,0,12.4,-0.099579,51.499718,20260907112352,,0234,0015,301F,001C730A,31&99,2,41,0,53846,4070,91,0,0,1,,0.0&0.00&0.0&0.1&0&0&0&0000004A0000000401030000&000000C3000000EB05000000&0&0&00000000000000000000&0&2&00000000000000,99,20260907112353,A63C$
1788780473.274408 
1788780473.275170 +RESP:GTFRI,EF8051,865969076362128,HumanForest,0K550924005695,37088,,,0,0000000000000000,1,0.0,0,12.4,-0.099579,51.499718,20260907112752,,0234,0015,301F,001C730A,31&99,2,41,0,53833,4070,91,0,0,1,,0.0&0.00&0.0&0.1&0&0&0&0000004A0000000401030000&000000C3000000EB05000000&0&0&00000000000000000000&0&2&00000000000000,99,20260907112753,A63D$
1788780712.712158 
1788780712.712185 +RESP:GTFRI,EF8051,865969076362128,HumanForest,0K550924005695,37088,,,0,0000000000000000,1,0.0,0,12.4,-0.099579,51.499718,20260907113151,,0234,0015,301F,001C730A,31&99,2,41,0,53821,4070,91,0,0,1,,0.0&0.00&0.0&0.1&0&0&0&0000004A0000000401030000&000000C3000000EB05000000&0&0&00000000000000000000&0&2&00000000000000,99,20260907113152,A63E$
1788780952.950927 
1788780952.951084 +RESP:GTFRI,EF8051,865969076362128,HumanForest,0K550924005695,37088,,,0,0000000000000000,1,0.0,0,12.4,-0.099579,51.499718,20260907113551,,0234,0015,301F,001C730A,31&99,2,41,0,53821,4070,91,0,0,1,,0.0&0.00&0.0&0.1&0&0&0&0000004A0000000401030000&000000C3000000EB05000000&0&0&00000000000000000000&0&2&00000000000000,99,20260907113553,A63F$
1788781193.190284 
1788781193.191124 +RESP:GTFRI,EF8051,865969076362128,HumanForest,0K550924005695,37088,,,0,0000000000000000,1,0.0,0,12.4,-0.099579,51.499718,20260907113952,,0234,0015,301F,001C730A,31&99,2,41,0,53821,4070,91,0,0,1,,0.0&0.00&0.0&0.1&0&0&0&0000004A0000000401030000&000000C3000000EB05000000&0&0&00000000000000000000&0&2&00000000000000,99,20260907113953,A640$
1788781433.430558 
1788781433.430588 +RESP:GTFRI,EF8051,865969076362128,HumanForest,0K550924005695,37088,,,0,0000000000000000,1,0.0,0,12.4,-0.099579,51.499718,20260907114352,,0234,0015,301F,001C730A,31&99,2,41,0,53821,4070,91,0,0,1,,0.0&0.00&0.0&0.1&0&0&0&0000004A0000000401030000&000000C3000000EB05000000&0&0&00000000000000000000&0&2&00000000000000,99,20260907114353,A641$
1788781672.860259 
1788781672.860405 +RESP:GTFRI,EF8051,865969076362128,HumanForest,0K550924005695,37088,,,0,0000000000000000,1,0.0,0,12.4,-0.099579,51.499718,20260907114751,,0234,0015,301F,001C730A,31&99,2,41,0,53808,4070,91,0,0,1,,0.0&0.00&0.0&0.1&0&0&0&0000004A0000000401030000&000000C3000000EB05000000&0&0&00000000000000000000&0&2&00000000000000,99,20260907114753,A642$
1788781913.083904 
1788781913.084751 +RESP:GTFRI,EF8051,865969076362128,HumanForest,0K550924005695,37088,,,0,0000000000000000,1,0.0,0,12.4,-0.099579,51.499718,20260907115152,,0234,0015,301F,001C730A,31&99,2,41,0,53821,4070,91,0,0,1,,0.0&0.00&0.0&0.1&0&0&0&0000004A0000000401030000&000000C3000000EB05000000&0&0&00000000000000000000&0&2&00000000000000,99,20260907115153,A643$
1788782153.313372 
1788782153.313399 +RESP:GTFRI,EF8051,865969076362128,HumanForest,0K550924005695,37088,,,0,0000000000000000,1,0.0,0,12.4,-0.099579,51.499718,20260907115552,,0234,0015,301F,001C730A,31&99,2,41,0,53808,4070,91,0,0,1,,0.0&0.00&0.0&0.1&0&0&0&0000004A0000000401030000&000000C3000000EB05000000&0&0&00000000000000000000&0&2&00000000000000,99,20260907115553,A644$
1788782392.746432 
1788782392.747228 +RESP:GTFRI,EF8051,865969076362128,HumanForest,0K550924005695,37088,,,0,0000000000000000,1,0.0,0,12.4,-0.099579,51.499718,20260907115951,,0234,0015,301F,001C730A,31&99,2,41,0,53796,4070,91,0,0,1,,0.0&0.00&0.0&0.1&0&0&0&0000004A0000000401030000&000000C3000000EB05000000&0&0&00000000000000000000&0&2&00000000000000,99,20260907115953,A645$
1788782632.978241 
1788782632.979083 +RESP:GTFRI,EF8051,865969076362128,HumanForest,0K550924005695,37088,,,0,0000000000000000,1,0.0,0,12.4,-0.099579,51.499718,20260907120352,,0234,0015,301F,001C730A,31&99,2,41,0,53796,4070,91,0,0,1,,0.0&0.00&0.0&0.1&0&0&0&0000004A0000000401030000&000000C3000000EB05000000&0&0&00000000000000000000&0&2&00000000000000,99,20260907120353,A646$
1788782873.214267 
1788782873.214299 +RESP:GTFRI,EF8051,865969076362128,HumanForest,0K550924005695,37088,,,0,0000000000000000,1,0.0,0,12.4,-0.099579,51.499718,20260907120752,,0234,0015,301F,001C730A,31&99,2,41,0,53796,4070,91,0,0,1,,0.0&0.00&0.0&0.1&0&0&0&0000004A0000000401030000&000000C3000000EB05000000&0&0&00000000000000000000&0&2&00000000000000,99,20260907120753,A647$
1788783113.450208 
1788783113.450238 +RESP:GTFRI,EF8051,865969076362128,HumanForest,0K550924005695,37088,,,0,0000000000000000,1,0.0,0,12.4,-0.099579,51.499718,20260907121152,,0234,0015,301F,001C730A,31&99,2,41,0,53796,4070,91,0,0,1,,0.0&0.00&0.0&0.1&0&0&0&0000004A0000000401030000&000000C3000000EB05000000&0&0&00000000000000000000&0&2&00000000000000,99,20260907121153,A648$
1788783352.885852 
1788783352.886621 +RESP:GTFRI,EF8051,865969076362128,HumanForest,0K550924005695,37088,,,0,0000000000000000,1,0.0,0,12.4,-0.099579,51.499718,20260907121551,,0234,0015,301F,001C730A,31&99,2,41,0,53783,4070,91,0,0,1,,0.0&0.00&0.0&0.1&0&0&0&0000004A0000000401030000&000000C3000000EB05000000&0&0&00000000000000000000&0&2&00000000000000,99,20260907121553,A649$
1788783593.205353 
1788783593.205373 +RESP:GTFRI,EF8051,865969076362128,HumanForest,0K550924005695,37088,,,0,0000000000000000,1,0.0,0,12.4,-0.099579,51.499718,20260907121952,,0234,0015,301F,001C730A,31&99,2,41,0,53783,4070,91,0,0,1,,0.0&0.00&0.0&0.1&0&0&0&0000004A0000000401030000&000000C3000000EB05000000&0&0&00000000000000000000&0&2&00000000000000,99,20260907121953,A64A$
1788783833.351892 
1788783833.351921 +RESP:GTFRI,EF8051,865969076362128,HumanForest,0K550924005695,37088,,,0,0000000000000000,1,0.0,0,12.4,-0.099579,51.499718,20260907122352,,0234,0015,301F,001C730A,31&99,2,41,0,53771,4070,91,0,0,1,,0.0&0.00&0.0&0.1&0&0&0&0000004A0000000401030000&000000C3000000EB05000000&0&0&00000000000000000000&0&2&00000000000000,99,20260907122353,A64B$
1788784072.782306 
1788784072.782336 +RESP:GTFRI,EF8051,865969076362128,HumanForest,0K550924005695,37088,,,0,0000000000000000,1,0.0,0,12.4,-0.099579,51.499718,20260907122751,,0234,0015,301F,001C730A,31&99,2,41,0,53771,4070,91,0,0,1,,0.0&0.00&0.0&0.1&0&0&0&0000004A0000000401030000&000000C3000000EB05000000&0&0&00000000000000000000&0&2&00000000000000,99,20260907122753,A64C$
1788784313.014798 
1788784313.014828 +RESP:GTFRI,EF8051,865969076362128,HumanForest,0K550924005695,37088,,,0,0000000000000000,1,0.0,0,12.4,-0.099579,51.499718,20260907123151,,0234,0015,301F,001C730A,31&99,2,41,0,53771,4070,91,0,0,1,,0.0&0.00&0.0&0.1&0&0&0&0000004A0000000401030000&000000C3000000EB05000000&0&0&00000000000000000000&0&2&00000000000000,99,20260907123153,A64D$
1788784553.248610 
1788784553.248683 +RESP:GTFRI,EF8051,865969076362128,HumanForest,0K550924005695,37088,,,0,0000000000000000,2,0.0,0,12.4,-0.099579,51.499718,20260907123552,,0234,0015,301F,001C730A,31&99,2,41,0,53771,4070,91,0,0,1,,0.0&0.00&0.0&0.1&0&0&0&0000004A0000000401030000&000000C3000000EB05000000&0&0&00000000000000000000&0&2&00000000000000,99,20260907123553,A64E$
1788784792.683161 
1788784792.683180 +RESP:GTFRI,EF8051,865969076362128,HumanForest,0K550924005695,37088,,,0,0000000000000000,1,0.0,0,12.4,-0.099579,51.499718,20260907123951,,0234,0015,301F,001C730A,31&99,2,41,0,53771,4070,91,0,0,1,,0.0&0.00&0.0&0.1&0&0&0&0000004A0000000401030000&000000C3000000EB05000000&0&0&00000000000000000000&0&2&00000000000000,99,20260907123952,A64F$
1788785032.918290 
1788785032.918317 +RESP:GTFRI,EF8051,865969076362128,HumanForest,0K550924005695,37088,,,0,0000000000000000,1,0.0,0,12.4,-0.099579,51.499718,20260907124351,,0234,0015,301F,001C730A,31&99,2,41,0,53746,4070,91,0,0,1,,0.0&0.00&0.0&0.1&0&0&0&0000004A0000000401030000&000000C3000000EB05000000&0&0&00000000000000000000&0&2&00000000000000,99,20260907124353,A650$
1788785214.364555 AT+GTRTO=*,9,,0,,,,,,A651$
1788785214.368394 
1788785214.368406 +ACK:GTRTO,EF8051,865969076362128,HumanForest,,HLON,A651,20260907124654,A651$
1788785234.203524 AT+GTRTO=*,A,,0,,,,,,A652$
1788785234.206665 
1788785234.207502 +ACK:GTRTO,EF8051,865969076362128,HumanForest,,HLOFF,A652,20260907124714,A652$
1788785261.731077 AT+GTRTO=*,F,,0,,,,,,A653$
1788785261.734047 
1788785261.734083 +ACK:GTRTO,EF8051,865969076362128,HumanForest,,UNLOCK,A653,20260907124741,A653$
1788785261.953079 
1788785261.953103 +RESP:GTCFU,EF8051,865969076362128,HumanForest,0K550924005695,37088,,,0,0210000000000000,1,0.0,0,12.4,-0.099579,51.499718,20260907124741,,0234,0015,301F,001C730A,31&99,2,41,0,53746,4070,91,2,0,1,,0.0&0.00&57.0&0.1&0&0&0&0000004A0000000401030000&000000C3000000EB05000000&0&0&02611D1C1B1AFFFFFFC4&0&2&00000000000000,99,20260907124742,A654$
1788785263.775207 
1788785263.775243 +RESP:GTULS,EF8051,865969076362128,HumanForest,0K550924005695,37088,,,0,0210000000000000,1,0.0,0,12.4,-0.099579,51.499718,20260907124742,,0234,0015,301F,001C730A,31&99,2,41,0,53746,4070,91,2,0,0,,0.0&0.00&56.0&0.1&1&0&0&0000004A0000000401030000&000000C3000000EB05000000&0&0&02611D1C1C1CFFFFFFC4&0&2&00000000000000,99,20260907124744,A655$
1788785265.149270 
1788785265.149301 +RESP:GTFRI,EF8051,865969076362128,HumanForest,0K550924005695,37088,,,0,0210000000000000,1,0.0,0,12.4,-0.099579,51.499718,20260907124744,,0234,0015,301F,001C730A,31&99,2,41,0,53708,4070,91,2,0,0,,0.0&0.00&56.0&0.1&1&0&0&0000004A0000000401030000&000000C3000000EB05000000&0&0&02611D1C1C1DFFFFFFCF&0&2&00000000000000,99,20260907124745,A656$
1788785269.518645 
1788785269.519492 +RESP:GTMLS,EF8051,865969076362128,HumanForest,0K550924005695,37088,,,30,0,53696,4070,91,0,2,4,,20260907124749,A657$
1788785274.755809 
1788785274.755836 +RESP:GTFRI,EF8051,865969076362128,HumanForest,0K550924005695,37088,,,0,0210000000000000,1,0.0,0,12.4,-0.099579,51.499718,20260907124754,,0234,0015,301F,001C730A,31&99,2,41,0,53696,4070,91,2,0,0,,0.0&0.00&56.0&0.1&1&0&0&0000004A0000000401030000&000000C3000000EB05000000&0&0&02611D1C1C1CFFFFFFA9&0&2&00000000000000,99,20260907124754,A658$
1788785285.165613 
1788785285.166424 +RESP:GTFRI,EF8051,865969076362128,HumanForest,0K550924005695,37088,,,0,0210000000000000,1,0.0,0,12.4,-0.099579,51.499718,20260907124804,,0234,0015,301F,001C730A,31&99,2,41,0,53696,4070,91,2,0,0,,0.0&0.00&56.0&0.1&1&0&0&0000004A0000000401030000&000000C3000000EB05000000&0&0&02611C1C1C1DFFFFFFA9&0&2&00000000000000,99,20260907124805,A659$
1788785294.775954 
1788785294.775990 +RESP:GTFRI,EF8051,865969076362128,HumanForest,0K550924005695,37088,,,0,0210000000000000,1,0.0,0,12.4,-0.099579,51.499718,20260907124814,,0234,0015,301F,001C730A,31&99,2,41,0,53696,4070,91,2,0,0,,0.0&0.00&56.0&0.1&1&0&0&0000004A0000000401030000&000000C3000000EB05000000&0&0&02611C1C1C1DFFFFFFA9&0&2&00000000000000,99,20260907124815,A65A$
1788785302.961411 AT+GTRTO=*,10,,0,,,,,,A65B$
1788785302.964392 
1788785302.964492 +ACK:GTRTO,EF8051,865969076362128,HumanForest,,LOCK,A65B,20260907124823,A65B$
1788785302.976373 
1788785302.976534 +RESP:GTLOR,EF8051,865969076362128,HumanForest,0K550924005695,37088,,,0,0210000000000000,1,0.0,0,12.4,-0.099579,51.499718,20260907124822,,0234,0015,301F,001C730A,31&99,2,41,0,53696,4070,91,2,0,0,,0.0&0.00&56.0&0.1&1&0&0&0000004A0000000401030000&000000C3000000EB05000000&0&0&02611C1C1C1CFFFFFFA9&0&2&00000000000000,99,20260907124823,A65C$
1788785303.503567 
1788785303.504461 +RESP:GTLOC,EF8051,865969076362128,HumanForest,0K550924005695,37088,,,0,0210000000000000,1,0.0,0,12.4,-0.099579,51.499718,20260907124823,,0234,0015,301F,001C730A,31&99,2,41,0,53696,4070,91,2,0,1,,0.0&0.00&56.0&0.1&1&0&0&0000004A0000000401030000&000000C3000000EB05000000&0&0&02611C1C1C1DFFFFFFA9&0&2&00000000000000,99,20260907124823,A65D$
1788785304.386484 
1788785304.386515 +RESP:GTFRI,EF8051,865969076362128,HumanForest,0K550924005695,37088,,,0,0210000000000000,1,0.0,0,12.4,-0.099579,51.499718,20260907124823,,0234,0015,301F,001C730A,31&99,2,41,0,53696,4070,91,2,0,1,,0.0&0.00&56.0&0.1&1&0&0&0000004A0000000401030000&000000C3000000EB05000000&0&0&02611C1C1C1DFFFFFFA9&0&2&00000000000000,99,20260907124824,A65E$
1788785313.613006 
1788785313.613031 +RESP:GTMLS,EF8051,865969076362128,HumanForest,0K550924005695,37088,,,30,0,53721,4070,91,1,2,4,,20260907124833,A65F$
1788785329.888931 AT+GTRTO=*,13,,0,,,,,,A660$
1788785329.891898 
1788785329.891910 +ACK:GTRTO,EF8051,865969076362128,HumanForest,,MEULK,A660,20260907124850,A660$
1788785333.813158 
1788785333.813188 +RESP:GTMLS,EF8051,865969076362128,HumanForest,0K550924005695,37088,,,20,0,53721,4070,91,1,0,0,,20260907124854,A661$
1788785392.360465 AT+GTRTO=*,1B,,0,,,,,,A662$
1788785392.364441 
1788785392.364453 +ACK:GTRTO,EF8051,865969076362128,HumanForest,,RLONEN,A662,20260907124952,A662$
1788785412.120590 AT+GTRTO=*,12,,0,,,,,,A663$
1788785412.123665 
1788785412.124560 +ACK:GTRTO,EF8051,865969076362128,HumanForest,,RLOFF,A663,20260907125012,A663$
1788785439.647148 AT+GTRTO=*,2,,0,,,,,,A664$
1788785439.650118 
1788785439.650278 +ACK:GTRTO,EF8051,865969076362128,HumanForest,,READ,A664,20260907125039,A664$
1788785439.663117 
1788785439.663302 +RESP:GTALC,EF8051,865969076362128,HumanForest,0K550924005695,37088,,,FFFFFFFFFFFFFFFF,QSS,pelion,,,3,0,1,gw.humanforest.iot-connector.wunder.tools,4020,2,0,,0,0,1,HForest,CFG,HumanForest2021,HumanForest,1,5,1,,00FF,00FF,0,,0,0,1,1,7,TMA,+,0,0,0,,,,,,FRI,1,0,240,10,480,0,,,,DOG,0,,30,0200,,1,0,60,60,60,,,,,,NMD,3,3,7,,,,,,ALM,15,20,,,,ECC,,25,0,1,2,5,3,0,0,LED,,0,,000000,0,0,0,0,,IPN,0,,0,,,,,,,VAD,1,0,0,0,0,4,0,NFC,,0,,,,,BCP,,0,,,,,MEL,0,0,0,0,0,0000000000000001,,DCC,0,10,0,7,,,,,HLM,0,0,255,255,255,255,255,255,0000000000000000,,,,NAL,0,60,,,,,RMD,0,,,,,,,,,,,,,,,,,,,,,,,,,,,BTS,00000000000000000000000000000000,00000000,100,,0,10,2,2,5,0,,,,,,,,,,,,CIC,1,1,0,0,,,,,XWM,1,03,03,,,,BMI,0,300,300,,,,,,,SIM,0,,,,,,,,,AAC,0,,,20260907125039,A665$
1788785469.084825 AT+GTRTO=*,D,,0,,,,,,A666$
1788785469.088060 
1788785469.088835 +ACK:GTRTO,EF8051,865969076362128,HumanForest,,INF,A666,20260907125109,A666$
1788785469.266828 
1788785469.266853 +RESP:GTINF,EF8051,865969076362128,HumanForest,0K550924005695,37088,,,,0210000000000000,0,0.0,0,12.4,-0.099579,51.499718,20260907124853,,0234,0015,301F,001C730A,31&99,2,41,0,53721,4070,91,2,0,1,,0.0&0.00&56.0&0.1&1&0&0&0000004A0000000401030000&000000C3000000EB05000000&0&0&02611C1C1C1DFFFFFFA9&0&2&00000000000000,99,20260907125109,A667$
1788785490.197037 AT+GTRTO=*,1C,,0,,,,,,A668$
1788785490.199998 
1788785490.200183 +ACK:GTRTO,EF8051,865969076362128,HumanForest,,QSN,A668,20260907125130,A668$
1788785490.210087 
1788785490.211007 +RESP:GTQSN,EF8051,865969076362128,HumanForest,0K550924005695,37088,99,,00150C0900000C62,20260907125130,A669$
1788785511.957275 AT+GTRTO=*,23,,0,,,,,,A66A$
1788785511.960314 
1788785511.960508 +ACK:GTRTO,EF8051,865969076362128,HumanForest,,BMI,A66A,20260907125152,A66A$
1788785512.009255 
1788785512.009269 +RESP:GTBMI,EF8051,865969076362128,HumanForest,0K550924005695,37088,,13,3,13964,13771,0073000000000000,1410191019101910,1A101E1020102010,1F101F1021102210,1E10000000000000,1C1C1C0000000000,1D1B1C0000000000,010003DE03CA0000,0000D176FFFFFFA9,0061368C000035CB,0000000000000000,05000000,01030000,00150C0900000C62,,20260907125152,A66B$
1788785525.482051 AT+GTRTO=*,8,,0,,,,,,A66C$
1788785525.485007 
1788785525.485058 +ACK:GTRTO,EF8051,865969076362128,HumanForest,,VER,A66C,20260907125205,A66C$
1788785525.496018 
1788785525.496030 +RESP:GTVER,EF8051,865969076362128,HumanForest,0K550924005695,37088,,ZK115MGC,2319,0105,BG95-M5,BG95M5LAR02A03_A0.206.A0.206,0601,000000C3000000EB05000000,0000004A0000000401030000,,,20260907125205,A66D$
1788785543.820076 
1788785543.820103 +RESP:GTFRI,EF8051,865969076362128,HumanForest,0K550924005695,37088,,,0,0000000000000000,1,0.0,0,12.4,-0.099579,51.499718,20260907125222,,0234,0015,301F,001C730A,31&99,2,41,0,53721,4070,91,0,0,1,,0.0&0.00&0.0&0.1&0&0&0&0000004A0000000401030000&000000C3000000EB05000000&0&0&00000000000000000000&0&2&00000000000000,99,20260907125224,A66E$
1788785784.053375 
1788785784.054275 +RESP:GTFRI,EF8051,865969076362128,HumanForest,0K550924005695,37088,,,0,0000000000000000,1,0.0,0,12.4,-0.099579,51.499718,20260907125623,,0234,0015,301F,001C730A,31&99,2,41,0,53721,4070,91,0,0,1,,0.0&0.00&0.0&0.1&0&0&0&0000004A0000000401030000&000000C3000000EB05000000&0&0&00000000000000000000&0&2&00000000000000,99,20260907125624,A66F$
