1788797248.285379 AT+GTRTO=*,3,,0,,,,,,A70C$
1788797248.289147 
1788797248.289160 +ACK:GTRTO,EF8051,865969076362128,HumanForest,,REBOOT,A70C,20260907160728,A70C$
1788797248.301148 
1788797248.301160 +RESP:GTPFA,EF8051,865969076362128,HumanForest,0K550924005695,37088,,,0,0000000000000000,0,0.0,0,12.4,-0.099579,51.499718,20260907160419,,0234,0015,301F,001C730A,31&99,2,41,0,53571,4070,91,0,0,1,,0.0&0.00&0.0&0.1&0&0&0&0000004A0000000401030000&000000C3000000EB05000000&0&0&00000000000000000000&0&2&00000000000000,97,20260907160728,A70D$
1788797249.538237 System reboot.
1788797259.394005 NO OTA
1788797259.394750 AA550017
1788797260.183796 
1788797260.183825 Power on!(mcu reset type:0x14)
1788797260.684829 <PCBA VERSION:ZK115MGC_V1.05_PCB_210319.(hexVer=0x0105, hexDate=0x210319, i=4, ad=1262)>
1788797263.947995 ====================================================================================================
1788797263.957988 THIS IS A PROGRAM FOR ZK115MGC PROJECT, COMPILE TIME:Apr 30 2024 09:06:14.
1788797263.965011 THIS FIRMWARE VERSION IS ZK115MGC_R84A23V19_CAN, PROTOCOL: EF8051, AND THE CPU IS STM32L471RGT6.
1788797263.973996 HDL LIB VERSION:V2.0.1_Beta08, AADL LIB VERSION:V1.34.6.
1788797263.978976 ====================================================================================================
1788797263.997025 [FLASH]: flash_leave_lowpower 
1788797265.187287 
1788797265.188086 WORK MODE NORMAL!
1788797265.198215 [FLASH]: flash_leave_lowpower 
1788797266.579136 system boot=\xff\xff\xff\xff\xff 
1788797266.582117 [PUB]: odd read data to flash error=-3
1788797266.587235 
1788797266.588110 +RESP:GTPNA,EF8051,865969076362128,HumanForest,0K550924005695,37088,,,0,0000000000000000,0,0.0,0,12.4,-0.099579,51.499718,20260907160419,,0000,0000,0000,0000,0&0,0,41,1,0,0,0,0,0,1,,0.0&0.00&0.0&0.1&0&0&0&0000004A0000000401030000&000000C3000000EB05000000&0&0&00000000000000000000&0&2&00000000000000,0,20260907160746,A70E$
1788797266.621113 [PUB]: PNA report generated!
1788797266.636291 [PUB]: ZKINIT: cmd_mask=0x0, totmile=5.
1788797266.640285 [PUB]: SVER-(ECU=0000004A,METER=00000004,BMS=01030000).
1788797266.646133 [PUB]: HVER-(ECU=000000C3,METER=000000EB,BMS=05000000).
1788797266.695116 G-Sensor ID:13.
1788797266.697131 G-sensor zero data:x=-0.033, y=-0.016, z=-0.061
1788797266.701292 TOR: configuration = (4.00, 125.00, -40.00).
1788797266.707131 GNSS System Mode: 3
1788797266.742296 ADC verify already
1788797266.744164 LIB_FOR_APP:V3.01.014
1788797266.747124 ram_bat_flag:0xAA550017
1788797268.225231 
1788797268.225260 +RESP:GTQSN,EF8051,865969076362128,HumanForest,0K550924005695,37088,97,,00150C0900000C62,20260907160748,A70F$
1788797268.537239 
1788797268.537264 +RESP:GTCFU,EF8051,865969076362128,HumanForest,0K550924005695,37088,,,0,0210000000000000,0,0.0,0,12.4,-0.099579,51.499718,20260907160419,,0000,0000,0000,0000,0&0,0,41,0,53571,4070,91,2,0,1,,0.0&0.00&55.0&0.1&0&0&0&0000004A0000000401030000&000000C3000000EB05000000&0&0&02610000000000000000&0&2&00000000000000,97,20260907160748,A710$
1788797271.761505 
1788797271.762388 +RESP:GTBOV,EF8051,865969076362128,HumanForest,0K550924005695,37088,,,0,0210000000000000,0,0.0,0,12.4,-0.099579,51.499718,20260907160419,,0000,0000,0000,0000,0&0,0,41,0,53546,4070,91,2,0,1,,0.0&0.00&55.0&0.1&0&0&0&0000004A0000000401030000&000000C3000000EB05000000&0&0&026100001E1EFFFFFFCA&0&2&00000000000000,97,20260907160751,A711$
1788797273.171494 
1788797273.171525 +RESP:GTBMI,EF8051,865969076362128,HumanForest,0K550924005695,37088,,13,3,13964,13607,0073000000000000,0B10101011101010,11100F1013101310,1110111014101510,1010000000000000,1E1E1D0000000000,1E1D1D0000000000,010003CA03CA0000,0000D0DDFFFFFFCA,0061368C00003527,0210000000000000,05000000,01030000,00150C0900000C62,,20260907160753,A712$
1788797276.265649 
1788797276.265671 +RESP:GTPNL,EF8051,865969076362128,HumanForest,0K550924005695,37088,,,0,0000000000000000,1,0.0,0,4.0,-0.099504,51.499765,20260907160756,,0000,0000,0000,0000,0&0,0,41,0,53558,4070,91,0,0,1,,0.0&0.00&0.0&0.1&0&0&0&0000004A0000000401030000&000000C3000000EB05000000&0&0&00000000000000000000&0&2&00000000000000,97,20260907160756,A713$
1788797276.764677 
1788797276.764774 +RESP:GTFRI,EF8051,865969076362128,HumanForest,0K550924005695,37088,,,0,0000000000000000,1,0.0,0,4.0,-0.099504,51.499765,20260907160756,,0000,0000,0000,0000,0&0,0,41,0,53558,4070,91,0,0,1,,0.0&0.00&0.0&0.1&0&0&0&0000004A0000000401030000&000000C3000000EB05000000&0&0&00000000000000000000&0&2&00000000000000,97,20260907160756,A714$
1788797279.045799 
1788797279.045831 +RESP:GTCVR,EF8051,865969076362128,HumanForest,0K550924005695,37088,,000000F400000000,0000001500000000,,,,,,,0,,000,,,20260907160759,A715$
1788797322.350104 
1788797322.350266 +RESP:GTNCN,EF8051,865969076362128,HumanForest,0K550924005695,37088,,,4,0000000000000000,1,0.0,0,4.0,-0.099504,51.499765,20260907160842,,0234,0015,301F,001C730A,31&99,2,41,0,53571,4070,91,0,0,1,,0.0&0.00&0.0&0.1&0&0&0&0000004A0000000401030000&000000C3000000EB05000000&0&0&00000000000000000000&0&2&00000000000000,97,20260907160842,A716$
1788797334.670998 AT+GTRTO=*,3,,0,,,,,,A716$
1788797334.674736 
1788797334.674748 +ACK:GTRTO,EF8051,865969076362128,HumanForest,,REBOOT,A716,20260907160854,A717$
1788797334.686740 
1788797334.686760 +RESP:GTPFA,EF8051,865969076362128,HumanForest,0K550924005695,37088,,,0,0000000000000000,1,0.0,0,4.0,-0.099504,51.499765,20260907160854,,0234,0015,301F,001C730A,31&99,2,41,0,53571,4070,91,0,0,1,,0.0&0.00&0.0&0.1&0&0&0&0000004A0000000401030000&000000C3000000EB05000000&0&0&00000000000000000000&0&2&00000000000000,97,20260907160854,A718$
1788797335.683821 System reboot.
1788797345.429338 NO OTA
1788797345.430321 AA550017
1788797346.227376 
1788797346.227408 Power on!(mcu reset type:0x14)
1788797346.728424 <PCBA VERSION:ZK115MGC_V1.05_PCB_210319.(hexVer=0x0105, hexDate=0x210319, i=4, ad=1262)>
1788797349.991571 ====================================================================================================
1788797350.001546 THIS IS A PROGRAM FOR ZK115MGC PROJECT, COMPILE TIME:Apr 30 2024 09:06:14.
1788797350.008572 THIS FIRMWARE VERSION IS ZK115MGC_R84A23V19_CAN, PROTOCOL: EF8051, AND THE CPU IS STM32L471RGT6.
1788797350.017560 HDL LIB VERSION:V2.0.1_Beta08, AADL LIB VERSION:V1.34.6.
1788797350.022561 ====================================================================================================
1788797350.040629 [FLASH]: flash_leave_lowpower 
1788797351.230874 
1788797351.231660 WORK MODE NORMAL!
1788797351.241795 [FLASH]: flash_leave_lowpower 
1788797352.632706 system boot=\xff\xff\xff\xff\xff 
1788797352.635690 [PUB]: odd read data to flash error=-3
1788797352.640835 
1788797352.641697 +RESP:GTPNA,EF8051,865969076362128,HumanForest,0K550924005695,37088,,,0,0000000000000000,1,0.0,0,4.0,-0.099504,51.499765,20260907160758,,0000,0000,0000,0000,0&0,0,41,1,0,0,0,0,0,1,,0.0&0.00&0.0&0.1&0&0&0&0000004A0000000401030000&000000C3000000EB05000000&0&0&00000000000000000000&0&2&00000000000000,0,20260907160911,A719$
1788797352.674692 [PUB]: PNA report generated!
1788797352.689787 [PUB]: ZKINIT: cmd_mask=0x0, totmile=5.
1788797352.693794 [PUB]: SVER-(ECU=0000004A,METER=00000004,BMS=01030000).
1788797352.699688 [PUB]: HVER-(ECU=000000C3,METER=000000EB,BMS=05000000).
1788797352.748702 G-Sensor ID:13.
1788797352.750721 G-sensor zero data:x=-0.033, y=-0.016, z=-0.061
1788797352.754804 TOR: configuration = (4.00, 125.00, -40.00).
1788797352.760686 GNSS System Mode: 3
1788797352.795810 ADC verify already
1788797352.797709 LIB_FOR_APP:V3.01.014
1788797352.800698 ram_bat_flag:0xAA550017
1788797354.288809 
1788797354.288845 +RESP:GTQSN,EF8051,865969076362128,HumanForest,0K550924005695,37088,97,,00150C0900000C62,20260907160913,A71A$
1788797354.680819 
1788797354.680848 +RESP:GTCFU,EF8051,865969076362128,HumanForest,0K550924005695,37088,,,0,0210000000000000,1,0.0,0,4.0,-0.099504,51.499765,20260907160758,,0000,0000,0000,0000,0&0,0,41,0,53546,4070,91,2,0,1,,0.0&0.00&0.0&0.0&0&0&0&0000004A0000000401030000&000000C3000000EB05000000&0&0&026100000000FFFFFFDA&0&2&00000000000000,97,20260907160913,A71B$
1788797357.825141 
1788797357.825970 +RESP:GTBOV,EF8051,865969076362128,HumanForest,0K550924005695,37088,,,0,0210000000000000,0,0.0,0,4.0,-0.099504,51.499765,20260907160758,,0000,0000,0000,0000,0&0,0,41,0,53533,4070,91,2,0,1,,0.0&0.00&55.0&0.1&0&0&0&0000004A0000000401030000&000000C3000000EB05000000&0&0&026100001E1EFFFFFFCF&0&2&00000000000000,97,20260907160916,A71C$
1788797359.215075 
1788797359.215113 +RESP:GTBMI,EF8051,865969076362128,HumanForest,0K550924005695,37088,,13,3,13964,13606,0073000000000000,0B10101011101010,11100F1012101310,1010111014101510,1010000000000000,1E1E1D0000000000,1E1D1D0000000000,010003CA03CA0000,0000D0DBFFFFFFCA,0061368C00003526,0210000000000000,05000000,01030000,00150C0900000C62,,20260907160918,A71D$
1788797360.268112 
1788797360.268129 +RESP:GTPNL,EF8051,865969076362128,HumanForest,0K550924005695,37088,,,0,0000000000000000,1,0.0,0,12.2,-0.099574,51.499777,20260907160920,,0000,0000,0000,0000,0&0,0,41,0,53546,4070,91,0,0,1,,0.0&0.00&0.0&0.1&0&0&0&0000004A0000000401030000&000000C3000000EB05000000&0&0&00000000000000000000&0&2&00000000000000,97,20260907160919,A71E$
1788797360.406108 
1788797360.406128 +RESP:GTFRI,EF8051,865969076362128,HumanForest,0K550924005695,37088,,,0,0000000000000000,1,0.0,0,12.2,-0.099574,51.499777,20260907160920,,0000,0000,0000,0000,0&0,0,41,0,53546,4070,91,0,0,1,,0.0&0.00&0.0&0.1&0&0&0&0000004A0000000401030000&000000C3000000EB05000000&0&0&00000000000000000000&0&2&00000000000000,97,20260907160919,A71F$
1788797365.109411 
1788797365.109449 +RESP:GTCVR,EF8051,865969076362128,HumanForest,0K550924005695,37088,,000000F400000000,0000001500000000,,,,,,,0,,000,,,20260907160924,A720$
1788797408.874707 
1788797408.874780 +RESP:GTNCN,EF8051,865969076362128,HumanForest,0K550924005695,37088,,,4,0000000000000000,1,0.0,0,12.2,-0.099574,51.499777,20260907161008,,0234,0015,301F,001C730A,31&99,2,41,0,53571,4070,91,0,0,1,,0.0&0.00&0.0&0.1&0&0&0&0000004A0000000401030000&000000C3000000EB05000000&0&0&00000000000000000000&0&2&00000000000000,97,20260907161007,A721$
1788797600.641918 
1788797600.641950 +RESP:GTFRI,EF8051,865969076362128,HumanForest,0K550924005695,37088,,,0,0000000000000000,1,0.0,0,12.2,-0.099574,51.499777,20260907161320,,0234,0015,301F,001C730A,31&99,2,41,0,53571,4070,91,0,0,1,,0.0&0.00&0.0&0.1&0&0&0&0000004A0000000401030000&000000C3000000EB05000000&0&0&00000000000000000000&0&2&00000000000000,97,20260907161319,A722$
1788797833.238233 AT+GTRTO=*,3,,0,,,,,,A723$
1788797833.241199 
1788797833.241312 +ACK:GTRTO,EF8051,865969076362128,HumanForest,,REBOOT,A723,20260907161712,A723$
1788797833.253402 
1788797833.254248 +RESP:GTPFA,EF8051,865969076362128,HumanForest,0K550924005695,37088,,,0,0000000000000000,1,0.0,0,12.2,-0.099574,51.499777,20260907161712,,0234,0015,301F,001C730A,31&99,2,41,0,53571,4070,91,0,0,1,,0.0&0.00&0.0&0.1&0&0&0&0000004A0000000401030000&000000C3000000EB05000000&0&0&00000000000000000000&0&2&00000000000000,97,20260907161712,A724$
1788797834.533285 System reboot.
1788797844.427842 NO OTA
1788797844.428813 AA550017
1788797845.226892 
1788797845.226927 Power on!(mcu reset type:0x14)
1788797845.727890 <PCBA VERSION:ZK115MGC_V1.05_PCB_210319.(hexVer=0x0105, hexDate=0x210319, i=4, ad=1262)>
1788797848.991056 ====================================================================================================
1788797849.000118 THIS IS A PROGRAM FOR ZK115MGC PROJECT, COMPILE TIME:Apr 30 2024 09:06:14.
1788797849.007158 THIS FIRMWARE VERSION IS ZK115MGC_R84A23V19_CAN, PROTOCOL: EF8051, AND THE CPU IS STM32L471RGT6.
1788797849.016227 HDL LIB VERSION:V2.0.1_Beta08, AADL LIB VERSION:V1.34.6.
1788797849.022058 ====================================================================================================
1788797849.040040 [FLASH]: flash_leave_lowpower 
1788797850.220141 
1788797850.220224 WORK MODE NORMAL!
1788797850.231108 [FLASH]: flash_leave_lowpower 
1788797851.612225 system boot=\xff\xff\xff\xff\xff 
1788797851.614239 [PUB]: odd read data to flash error=-3
1788797851.620174 
1788797851.620229 +RESP:GTPNA,EF8051,865969076362128,HumanForest,0K550924005695,37088,,,0,0000000000000000,1,0.0,0,12.2,-0.099574,51.499777,20260907161424,,0000,0000,0000,0000,0&0,0,41,1,0,0,0,0,0,1,,0.0&0.00&0.0&0.1&0&0&0&0000004A0000000401030000&000000C3000000EB05000000&0&0&00000000000000000000&0&2&00000000000000,0,20260907161729,A725$
1788797851.654186 [PUB]: PNA report generated!
1788797851.669181 [PUB]: ZKINIT: cmd_mask=0x0, totmile=5.
1788797851.673195 [PUB]: SVER-(ECU=0000004A,METER=00000004,BMS=01030000).
1788797851.679186 [PUB]: HVER-(ECU=000000C3,METER=000000EB,BMS=05000000).
1788797851.728196 G-Sensor ID:13.
1788797851.729407 G-sensor zero data:x=-0.033, y=-0.016, z=-0.061
1788797851.734203 TOR: configuration = (4.00, 125.00, -40.00).
1788797851.740183 GNSS System Mode: 3
1788797851.775188 ADC verify already
1788797851.777202 LIB_FOR_APP:V3.01.014
1788797851.779250 ram_bat_flag:0xAA550017
1788797853.257327 
1788797853.257506 +RESP:GTQSN,EF8051,865969076362128,HumanForest,0K550924005695,37088,97,,00150C0900000C62,20260907161731,A726$
1788797853.609388 
1788797853.610294 +RESP:GTCFU,EF8051,865969076362128,HumanForest,0K550924005695,37088,,,0,0210000000000000,1,0.0,0,12.2,-0.099574,51.499777,20260907161424,,0000,0000,0000,0000,0&0,0,41,0,53546,4070,91,2,0,1,,0.0&0.00&0.0&0.0&0&0&0&0000004A0000000401030000&000000C3000000EB05000000&0&0&026100000000FFFFFFDA&0&2&00000000000000,97,20260907161731,A727$
1788797856.793579 
1788797856.794458 +RESP:GTBOV,EF8051,865969076362128,HumanForest,0K550924005695,37088,,,0,0210000000000000,0,0.0,0,12.2,-0.099574,51.499777,20260907161424,,0000,0000,0000,0000,0&0,0,41,0,53533,4070,91,2,0,1,,0.0&0.00&55.0&0.1&0&0&0&0000004A0000000401030000&000000C3000000EB05000000&0&0&026100001E1EFFFFFFCF&0&2&00000000000000,97,20260907161734,A728$
1788797858.193699 
1788797858.194535 +RESP:GTBMI,EF8051,865969076362128,HumanForest,0K550924005695,37088,,13,3,13964,13601,0073000000000000,0A100F1010100F10,10100F1012101210,1010111014101410,0F10000000000000,1E1E1D0000000000,1E1D1D0000000000,010003CA03CA0000,0000D0D3FFFFFFCF,0061368C00003521,0210000000000000,05000000,01030000,00150C0900000C62,,20260907161736,A729$
1788797859.195629 
1788797859.195660 +RESP:GTPNL,EF8051,865969076362128,HumanForest,0K550924005695,37088,,,0,0000000000000000,1,0.0,0,16.1,-0.099636,51.499790,20260907161739,,0000,0000,0000,0000,0&0,0,41,0,53533,4070,91,0,0,1,,0.0&0.00&0.0&0.1&0&0&0&0000004A0000000401030000&000000C3000000EB05000000&0&0&00000000000000000000&0&2&00000000000000,97,20260907161737,A72A$
1788797859.405638 
1788797859.405665 +RESP:GTFRI,EF8051,865969076362128,HumanForest,0K550924005695,37088,,,0,0000000000000000,1,0.0,0,16.1,-0.099636,51.499790,20260907161739,,0000,0000,0000,0000,0&0,0,41,0,53533,4070,91,0,0,1,,0.0&0.00&0.0&0.1&0&0&0&0000004A0000000401030000&000000C3000000EB05000000&0&0&00000000000000000000&0&2&00000000000000,97,20260907161737,A72B$
1788797864.078896 
1788797864.078945 +RESP:GTCVR,EF8051,865969076362128,HumanForest,0K550924005695,37088,,000000F400000000,0000001500000000,,,,,,,0,,000,,,20260907161741,A72C$
1788797907.512316 
1788797907.513154 +RESP:GTNCN,EF8051,865969076362128,HumanForest,0K550924005695,37088,,,4,0000000000000000,1,0.0,0,16.1,-0.099636,51.499790,20260907161827,,0234,0015,301F,001C730A,31&99,2,41,0,53546,4070,91,0,0,1,,0.0&0.00&0.0&0.1&0&0&0&0000004A0000000401030000&000000C3000000EB05000000&0&0&00000000000000000000&0&2&00000000000000,97,20260907161825,A72D$
